61 165224 -rwxr-xr-x 1 root wheel 1500608 34385520 "Jul 21 14:01:32 2025" "Aug  5 09:45:02 2025" "Au
g  5 09:45:02 2025" "Jul 21 14:01:32 2025" 32768 67264 0 miniruby
root@cheribsd-riscv64-purecap:~/ruby-3.4.5/build # ./miniruby ../basictest/test.rb
../basictest/test.rb:assignment .ok 1 (../basictest/test.rb:135:in '<main>')
.ok 2 (../basictest/test.rb:137:in '<main>')
.ok 3 (../basictest/test.rb:141:in '<main>')
.ok 4 (../basictest/test.rb:143:in '<main>')
.ok 5 (../basictest/test.rb:145:in '<main>')
.ok 6 (../basictest/test.rb:148:in '<main>')
.ok 7 (../basictest/test.rb:150:in '<main>')
.ok 8 (../basictest/test.rb:151:in '<main>')
.ok 9 (../basictest/test.rb:152:in '<main>')
.ok 10 (../basictest/test.rb:153:in '<main>')
.ok 11 (../basictest/test.rb:154:in '<main>')
.ok 12 (../basictest/test.rb:155:in '<main>')
.ok 13 (../basictest/test.rb:156:in '<main>')
.ok 14 (../basictest/test.rb:157:in '<main>')
.ok 15 (../basictest/test.rb:158:in '<main>')
.ok 16 (../basictest/test.rb:159:in '<main>')
.ok 17 (../basictest/test.rb:161:in '<main>')
.ok 18 (../basictest/test.rb:162:in '<main>')
.ok 19 (../basictest/test.rb:163:in '<main>')
.ok 20 (../basictest/test.rb:164:in '<main>')
.ok 21 (../basictest/test.rb:165:in '<main>')
.ok 22 (../basictest/test.rb:166:in '<main>')
.ok 23 (../basictest/test.rb:167:in '<main>')
.ok 24 (../basictest/test.rb:168:in '<main>')
.ok 25 (../basictest/test.rb:170:in '<main>')
.ok 26 (../basictest/test.rb:171:in '<main>')
.ok 27 (../basictest/test.rb:172:in '<main>')
.ok 28 (../basictest/test.rb:173:in '<main>')
.ok 29 (../basictest/test.rb:174:in '<main>')
.ok 30 (../basictest/test.rb:175:in '<main>')
.ok 31 (../basictest/test.rb:176:in '<main>')
.ok 32 (../basictest/test.rb:177:in '<main>')
.ok 33 (../basictest/test.rb:178:in '<main>')
.ok 34 (../basictest/test.rb:179:in '<main>')
.ok 35 (../basictest/test.rb:180:in '<main>')
.ok 36 (../basictest/test.rb:181:in '<main>')
.ok 37 (../basictest/test.rb:183:in '<main>')
.ok 38 (../basictest/test.rb:184:in '<main>')
.ok 39 (../basictest/test.rb:185:in '<main>')
.ok 40 (../basictest/test.rb:186:in '<main>')
.ok 41 (../basictest/test.rb:187:in '<main>')
.ok 42 (../basictest/test.rb:188:in '<main>')
.ok 43 (../basictest/test.rb:189:in '<main>')
.ok 44 (../basictest/test.rb:190:in '<main>')
.ok 45 (../basictest/test.rb:192:in '<main>')
.ok 46 (../basictest/test.rb:193:in '<main>')
.ok 47 (../basictest/test.rb:194:in '<main>')
.ok 48 (../basictest/test.rb:195:in '<main>')
.ok 49 (../basictest/test.rb:196:in '<main>')
.ok 50 (../basictest/test.rb:197:in '<main>')
.ok 51 (../basictest/test.rb:198:in '<main>')
.ok 52 (../basictest/test.rb:199:in '<main>')
.ok 53 (../basictest/test.rb:200:in '<main>')
.ok 54 (../basictest/test.rb:201:in '<main>')
.ok 55 (../basictest/test.rb:203:in '<main>')
.ok 56 (../basictest/test.rb:204:in '<main>')
.ok 57 (../basictest/test.rb:205:in '<main>')
.ok 58 (../basictest/test.rb:206:in '<main>')
.ok 59 (../basictest/test.rb:207:in '<main>')
.ok 60 (../basictest/test.rb:208:in '<main>')
.ok 61 (../basictest/test.rb:209:in '<main>')
.ok 62 (../basictest/test.rb:210:in '<main>')
.ok 63 (../basictest/test.rb:212:in '<main>')
.ok 64 (../basictest/test.rb:213:in '<main>')
.ok 65 (../basictest/test.rb:214:in '<main>')
.ok 66 (../basictest/test.rb:215:in '<main>')
.ok 67 (../basictest/test.rb:216:in '<main>')
.ok 68 (../basictest/test.rb:217:in '<main>')
.ok 69 (../basictest/test.rb:218:in '<main>')
.ok 70 (../basictest/test.rb:219:in '<main>')
.ok 71 (../basictest/test.rb:220:in '<main>')
.ok 72 (../basictest/test.rb:221:in '<main>')
.ok 73 (../basictest/test.rb:223:in '<main>')
.ok 74 (../basictest/test.rb:224:in '<main>')
.ok 75 (../basictest/test.rb:225:in '<main>')
.ok 76 (../basictest/test.rb:226:in '<main>')
.ok 77 (../basictest/test.rb:227:in '<main>')
.ok 78 (../basictest/test.rb:228:in '<main>')
.ok 79 (../basictest/test.rb:229:in '<main>')
.ok 80 (../basictest/test.rb:230:in '<main>')
.ok 81 (../basictest/test.rb:232:in 'block in <main>')
.ok 82 (../basictest/test.rb:233:in 'block in <main>')
.ok 83 (../basictest/test.rb:234:in 'block in <main>')
.ok 84 (../basictest/test.rb:235:in 'block in <main>')
.ok 85 (../basictest/test.rb:236:in 'block in <main>')
.ok 86 (../basictest/test.rb:237:in 'block in <main>')
.ok 87 (../basictest/test.rb:238:in 'block in <main>')
.ok 88 (../basictest/test.rb:239:in 'block in <main>')
.ok 89 (../basictest/test.rb:240:in 'block in <main>')
.ok 90 (../basictest/test.rb:241:in 'block in <main>')
.ok 91 (../basictest/test.rb:242:in 'block in <main>')
.ok 92 (../basictest/test.rb:243:in 'block in <main>')
.ok 93 (../basictest/test.rb:244:in 'block in <main>')
.ok 94 (../basictest/test.rb:245:in 'block in <main>')
.ok 95 (../basictest/test.rb:246:in 'block in <main>')
.ok 96 (../basictest/test.rb:247:in 'block in <main>')
.ok 97 (../basictest/test.rb:249:in 'block in <main>')
.ok 98 (../basictest/test.rb:250:in 'block in <main>')
.ok 99 (../basictest/test.rb:251:in 'block in <main>')
.ok 100 (../basictest/test.rb:252:in 'block in <main>')
.ok 101 (../basictest/test.rb:253:in 'block in <main>')
.ok 102 (../basictest/test.rb:254:in 'block in <main>')
.ok 103 (../basictest/test.rb:255:in 'block in <main>')
.ok 104 (../basictest/test.rb:256:in 'block in <main>')
.ok 105 (../basictest/test.rb:257:in 'block in <main>')
.ok 106 (../basictest/test.rb:258:in 'block in <main>')
.ok 107 (../basictest/test.rb:260:in 'block in <main>')
.ok 108 (../basictest/test.rb:261:in 'block in <main>')
.ok 109 (../basictest/test.rb:262:in 'block in <main>')
.ok 110 (../basictest/test.rb:263:in 'block in <main>')
.ok 111 (../basictest/test.rb:264:in 'block in <main>')
.ok 112 (../basictest/test.rb:265:in 'block in <main>')
.ok 113 (../basictest/test.rb:266:in 'block in <main>')
.ok 114 (../basictest/test.rb:268:in 'block in <main>')
.ok 115 (../basictest/test.rb:269:in 'block in <main>')
.ok 116 (../basictest/test.rb:270:in 'block in <main>')
.ok 117 (../basictest/test.rb:271:in 'block in <main>')
.ok 118 (../basictest/test.rb:272:in 'block in <main>')
.ok 119 (../basictest/test.rb:273:in 'block in <main>')
.ok 120 (../basictest/test.rb:274:in 'block in <main>')
.ok 121 (../basictest/test.rb:275:in 'block in <main>')
.ok 122 (../basictest/test.rb:276:in 'block in <main>')
.ok 123 (../basictest/test.rb:277:in 'block in <main>')
.ok 124 (../basictest/test.rb:278:in 'block in <main>')
.ok 125 (../basictest/test.rb:280:in 'block in <main>')
.ok 126 (../basictest/test.rb:281:in 'block in <main>')
.ok 127 (../basictest/test.rb:282:in 'block in <main>')
.ok 128 (../basictest/test.rb:283:in 'block in <main>')
.ok 129 (../basictest/test.rb:284:in 'block in <main>')
.ok 130 (../basictest/test.rb:285:in 'block in <main>')
.ok 131 (../basictest/test.rb:286:in 'block in <main>')
.ok 132 (../basictest/test.rb:288:in 'block in <main>')
.ok 133 (../basictest/test.rb:289:in 'block in <main>')
.ok 134 (../basictest/test.rb:290:in 'block in <main>')
.ok 135 (../basictest/test.rb:291:in 'block in <main>')
.ok 136 (../basictest/test.rb:292:in 'block in <main>')
.ok 137 (../basictest/test.rb:293:in 'block in <main>')
.ok 138 (../basictest/test.rb:294:in 'block in <main>')
.ok 139 (../basictest/test.rb:295:in 'block in <main>')
.ok 140 (../basictest/test.rb:296:in 'block in <main>')
.ok 141 (../basictest/test.rb:297:in 'block in <main>')
.ok 142 (../basictest/test.rb:299:in 'block in <main>')
.ok 143 (../basictest/test.rb:300:in 'block in <main>')
.ok 144 (../basictest/test.rb:301:in 'block in <main>')
.ok 145 (../basictest/test.rb:302:in 'block in <main>')
.ok 146 (../basictest/test.rb:303:in 'block in <main>')
.ok 147 (../basictest/test.rb:304:in 'block in <main>')
.ok 148 (../basictest/test.rb:305:in 'block in <main>')
.ok 149 (../basictest/test.rb:307:in '<main>')
.ok 150 (../basictest/test.rb:308:in '<main>')
.ok 151 (../basictest/test.rb:309:in '<main>')
.ok 152 (../basictest/test.rb:310:in '<main>')
.ok 153 (../basictest/test.rb:311:in '<main>')
.ok 154 (../basictest/test.rb:312:in '<main>')
.ok 155 (../basictest/test.rb:313:in '<main>')
.ok 156 (../basictest/test.rb:314:in '<main>')
.ok 157 (../basictest/test.rb:315:in '<main>')
.ok 158 (../basictest/test.rb:316:in '<main>')
.ok 159 (../basictest/test.rb:318:in '<main>')
.ok 160 (../basictest/test.rb:319:in '<main>')
.ok 161 (../basictest/test.rb:320:in '<main>')
.ok 162 (../basictest/test.rb:321:in '<main>')
.ok 163 (../basictest/test.rb:322:in '<main>')
.ok 164 (../basictest/test.rb:323:in '<main>')
.ok 165 (../basictest/test.rb:324:in '<main>')
.ok 166 (../basictest/test.rb:326:in '<main>')
.ok 167 (../basictest/test.rb:327:in '<main>')
.ok 168 (../basictest/test.rb:329:in '<main>')
.ok 169 (../basictest/test.rb:330:in '<main>')
.ok 170 (../basictest/test.rb:331:in '<main>')
.ok 171 (../basictest/test.rb:332:in '<main>')
.ok 172 (../basictest/test.rb:333:in '<main>')
.ok 173 (../basictest/test.rb:334:in '<main>')
.ok 174 (../basictest/test.rb:335:in '<main>')
.ok 175 (../basictest/test.rb:336:in '<main>')
.ok 176 (../basictest/test.rb:337:in '<main>')
.ok 177 (../basictest/test.rb:338:in '<main>')
.ok 178 (../basictest/test.rb:339:in '<main>')
.ok 179 (../basictest/test.rb:341:in '<main>')
.ok 180 (../basictest/test.rb:342:in '<main>')
.ok 181 (../basictest/test.rb:343:in '<main>')
.ok 182 (../basictest/test.rb:344:in '<main>')
.ok 183 (../basictest/test.rb:345:in '<main>')
.ok 184 (../basictest/test.rb:346:in '<main>')
.ok 185 (../basictest/test.rb:347:in '<main>')
.ok 186 (../basictest/test.rb:348:in '<main>')
.ok 187 (../basictest/test.rb:350:in '<main>')
.ok 188 (../basictest/test.rb:351:in '<main>')
.ok 189 (../basictest/test.rb:352:in '<main>')
.ok 190 (../basictest/test.rb:354:in '<main>')
.ok 191 (../basictest/test.rb:355:in '<main>')
.ok 192 (../basictest/test.rb:356:in '<main>')
.ok 193 (../basictest/test.rb:357:in '<main>')
.ok 194 (../basictest/test.rb:358:in '<main>')
.ok 195 (../basictest/test.rb:359:in '<main>')
.ok 196 (../basictest/test.rb:360:in '<main>')
.ok 197 (../basictest/test.rb:361:in '<main>')
.ok 198 (../basictest/test.rb:362:in '<main>')
.ok 199 (../basictest/test.rb:363:in '<main>')
.ok 200 (../basictest/test.rb:364:in '<main>')
.ok 201 (../basictest/test.rb:366:in '<main>')
.ok 202 (../basictest/test.rb:367:in '<main>')
.ok 203 (../basictest/test.rb:368:in '<main>')
.ok 204 (../basictest/test.rb:369:in '<main>')
.ok 205 (../basictest/test.rb:370:in '<main>')
.ok 206 (../basictest/test.rb:371:in '<main>')
.ok 207 (../basictest/test.rb:372:in '<main>')
.ok 208 (../basictest/test.rb:373:in '<main>')
.ok 209 (../basictest/test.rb:375:in 'block in <main>')
.ok 210 (../basictest/test.rb:378:in 'block in <main>')
.ok 211 (../basictest/test.rb:378:in 'block in <main>')
.ok 212 (../basictest/test.rb:382:in '<main>')
.ok 213 (../basictest/test.rb:383:in '<main>')
.ok 214 (../basictest/test.rb:384:in '<main>')
.ok 215 (../basictest/test.rb:385:in '<main>')
.ok 216 (../basictest/test.rb:388:in '<main>')
.ok 217 (../basictest/test.rb:389:in '<main>')
.ok 218 (../basictest/test.rb:390:in '<main>')
.ok 219 (../basictest/test.rb:391:in '<main>')
.ok 220 (../basictest/test.rb:394:in '<main>')
.ok 221 (../basictest/test.rb:395:in '<main>')
.ok 222 (../basictest/test.rb:396:in '<main>')
.ok 223 (../basictest/test.rb:397:in '<main>')
.ok 224 (../basictest/test.rb:398:in '<main>')
.ok 225 (../basictest/test.rb:401:in '<main>')
.ok 226 (../basictest/test.rb:402:in '<main>')
.ok 227 (../basictest/test.rb:403:in '<main>')
.ok 228 (../basictest/test.rb:406:in '<main>')
.ok 229 (../basictest/test.rb:407:in '<main>')
.ok 230 (../basictest/test.rb:408:in '<main>')
.ok 231 (../basictest/test.rb:409:in '<main>')
.ok 232 (../basictest/test.rb:410:in '<main>')
.ok 233 (../basictest/test.rb:411:in '<main>')
.ok 234 (../basictest/test.rb:414:in '<main>')
.ok 235 (../basictest/test.rb:415:in '<main>')
.ok 236 (../basictest/test.rb:416:in '<main>')
.ok 237 (../basictest/test.rb:419:in '<main>')
.ok 238 (../basictest/test.rb:420:in '<main>')
.ok 239 (../basictest/test.rb:421:in '<main>')
.ok 240 (../basictest/test.rb:422:in '<main>')
.ok 241 (../basictest/test.rb:423:in '<main>')
.ok 242 (../basictest/test.rb:424:in '<main>')
.ok 243 (../basictest/test.rb:427:in '<main>')
.ok 244 (../basictest/test.rb:428:in '<main>')
.ok 245 (../basictest/test.rb:429:in '<main>')
.ok 246 (../basictest/test.rb:432:in '<main>')
.ok 247 (../basictest/test.rb:433:in '<main>')
.ok 248 (../basictest/test.rb:434:in '<main>')
.ok 249 (../basictest/test.rb:435:in '<main>')
.ok 250 (../basictest/test.rb:436:in '<main>')
.ok 251 (../basictest/test.rb:437:in '<main>')
.ok 252 (../basictest/test.rb:440:in '<main>')
.ok 253 (../basictest/test.rb:441:in '<main>')
.ok 254 (../basictest/test.rb:442:in '<main>')
.ok 255 (../basictest/test.rb:445:in '<main>')
.ok 256 (../basictest/test.rb:446:in '<main>')
.ok 257 (../basictest/test.rb:447:in '<main>')
.ok 258 (../basictest/test.rb:448:in '<main>')
.ok 259 (../basictest/test.rb:449:in '<main>')
.ok 260 (../basictest/test.rb:450:in '<main>')
.ok 261 (../basictest/test.rb:453:in '<main>')
.ok 262 (../basictest/test.rb:454:in '<main>')
.ok 263 (../basictest/test.rb:455:in '<main>')
.ok 264 (../basictest/test.rb:459:in '<main>')
.ok 265 (../basictest/test.rb:461:in '<main>')
.ok 266 (../basictest/test.rb:463:in '<main>')
.ok 267 (../basictest/test.rb:466:in '<main>')
.ok 268 (../basictest/test.rb:468:in '<main>')
.ok 269 (../basictest/test.rb:470:in '<main>')
.ok 270 (../basictest/test.rb:472:in '<main>')
.ok 271 (../basictest/test.rb:473:in '<main>')
.ok 272 (../basictest/test.rb:474:in '<main>')
.ok 273 (../basictest/test.rb:475:in '<main>')
.ok 274 (../basictest/test.rb:476:in '<main>')
.ok 275 (../basictest/test.rb:477:in '<main>')
.ok 276 (../basictest/test.rb:478:in '<main>')
.ok 277 (../basictest/test.rb:479:in '<main>')
.ok 278 (../basictest/test.rb:480:in '<main>')
.ok 279 (../basictest/test.rb:481:in '<main>')
.ok 280 (../basictest/test.rb:483:in '<main>')
.ok 281 (../basictest/test.rb:484:in '<main>')
.ok 282 (../basictest/test.rb:485:in '<main>')
.ok 283 (../basictest/test.rb:486:in '<main>')
.ok 284 (../basictest/test.rb:487:in '<main>')
.ok 285 (../basictest/test.rb:488:in '<main>')
.ok 286 (../basictest/test.rb:489:in '<main>')
.ok 287 (../basictest/test.rb:491:in '<main>')
.ok 288 (../basictest/test.rb:492:in '<main>')
.ok 289 (../basictest/test.rb:493:in '<main>')
.ok 290 (../basictest/test.rb:494:in '<main>')
.ok 291 (../basictest/test.rb:495:in '<main>')
.ok 292 (../basictest/test.rb:496:in '<main>')
.ok 293 (../basictest/test.rb:497:in '<main>')
.ok 294 (../basictest/test.rb:498:in '<main>')
.ok 295 (../basictest/test.rb:499:in '<main>')
.ok 296 (../basictest/test.rb:500:in '<main>')
.ok 297 (../basictest/test.rb:501:in '<main>')
.ok 298 (../basictest/test.rb:503:in '<main>')
.ok 299 (../basictest/test.rb:504:in '<main>')
.ok 300 (../basictest/test.rb:505:in '<main>')
.ok 301 (../basictest/test.rb:506:in '<main>')
.ok 302 (../basictest/test.rb:507:in '<main>')
.ok 303 (../basictest/test.rb:508:in '<main>')
.ok 304 (../basictest/test.rb:509:in '<main>')
.ok 305 (../basictest/test.rb:510:in '<main>')
.ok 306 (../basictest/test.rb:512:in '<main>')
.ok 307 (../basictest/test.rb:513:in '<main>')
.ok 308 (../basictest/test.rb:514:in '<main>')
.ok 309 (../basictest/test.rb:516:in '<main>')
.ok 310 (../basictest/test.rb:517:in '<main>')
.ok 311 (../basictest/test.rb:518:in '<main>')
.ok 312 (../basictest/test.rb:519:in '<main>')
.ok 313 (../basictest/test.rb:520:in '<main>')
.ok 314 (../basictest/test.rb:521:in '<main>')
.ok 315 (../basictest/test.rb:522:in '<main>')
.ok 316 (../basictest/test.rb:523:in '<main>')
.ok 317 (../basictest/test.rb:524:in '<main>')
.ok 318 (../basictest/test.rb:525:in '<main>')
.ok 319 (../basictest/test.rb:526:in '<main>')
.ok 320 (../basictest/test.rb:528:in '<main>')
.ok 321 (../basictest/test.rb:529:in '<main>')
.ok 322 (../basictest/test.rb:530:in '<main>')
.ok 323 (../basictest/test.rb:531:in '<main>')
.ok 324 (../basictest/test.rb:532:in '<main>')
.ok 325 (../basictest/test.rb:533:in '<main>')
.ok 326 (../basictest/test.rb:534:in '<main>')
.ok 327 (../basictest/test.rb:535:in '<main>')
.ok 328 (../basictest/test.rb:538:in '<main>')
.ok 329 (../basictest/test.rb:539:in '<main>')
.ok 330 (../basictest/test.rb:540:in '<main>')
.ok 331 (../basictest/test.rb:541:in '<main>')
.ok 332 (../basictest/test.rb:542:in '<main>')
.ok 333 (../basictest/test.rb:543:in '<main>')
.ok 334 (../basictest/test.rb:544:in '<main>')
.ok 335 (../basictest/test.rb:545:in '<main>')
.ok 336 (../basictest/test.rb:546:in '<main>')
.ok 337 (../basictest/test.rb:547:in '<main>')
.ok 338 (../basictest/test.rb:549:in '<main>')
.ok 339 (../basictest/test.rb:550:in '<main>')
.ok 340 (../basictest/test.rb:551:in '<main>')
.ok 341 (../basictest/test.rb:552:in '<main>')
.ok 342 (../basictest/test.rb:553:in '<main>')
.ok 343 (../basictest/test.rb:554:in '<main>')
.ok 344 (../basictest/test.rb:555:in '<main>')
.ok 345 (../basictest/test.rb:558:in '<main>')
.ok 346 (../basictest/test.rb:559:in '<main>')
.ok 347 (../basictest/test.rb:560:in '<main>')
.ok 348 (../basictest/test.rb:561:in '<main>')
.ok 349 (../basictest/test.rb:562:in '<main>')
.ok 350 (../basictest/test.rb:563:in '<main>')
.ok 351 (../basictest/test.rb:564:in '<main>')
.ok 352 (../basictest/test.rb:565:in '<main>')
.ok 353 (../basictest/test.rb:566:in '<main>')
.ok 354 (../basictest/test.rb:567:in '<main>')
.ok 355 (../basictest/test.rb:568:in '<main>')
.ok 356 (../basictest/test.rb:571:in '<main>')
.ok 357 (../basictest/test.rb:572:in '<main>')
.ok 358 (../basictest/test.rb:573:in '<main>')
.ok 359 (../basictest/test.rb:576:in '<main>')
.ok 360 (../basictest/test.rb:577:in '<main>')
.ok 361 (../basictest/test.rb:578:in '<main>')
.ok 362 (../basictest/test.rb:579:in '<main>')
.ok 363 (../basictest/test.rb:580:in '<main>')
.ok 364 (../basictest/test.rb:581:in '<main>')
.ok 365 (../basictest/test.rb:582:in '<main>')
.ok 366 (../basictest/test.rb:583:in '<main>')
.ok 367 (../basictest/test.rb:584:in '<main>')
.ok 368 (../basictest/test.rb:585:in '<main>')
.ok 369 (../basictest/test.rb:586:in '<main>')
.ok 370 (../basictest/test.rb:589:in '<main>')
.ok 371 (../basictest/test.rb:590:in '<main>')
.ok 372 (../basictest/test.rb:591:in '<main>')
OK 372
../basictest/test.rb:condition .ok 1 (../basictest/test.rb:597:in '<main>')
.ok 2 (../basictest/test.rb:600:in '<main>')
OK 2
../basictest/test.rb:if/unless .ok 1 (../basictest/test.rb:607:in '<main>')
.ok 2 (../basictest/test.rb:612:in '<main>')
.ok 3 (../basictest/test.rb:613:in '<main>')
OK 3
../basictest/test.rb:case .ok 1 (../basictest/test.rb:621:in '<main>')
.ok 2 (../basictest/test.rb:626:in '<main>')
.ok 3 (../basictest/test.rb:633:in '<main>')
.ok 4 (../basictest/test.rb:640:in '<main>')
.ok 5 (../basictest/test.rb:647:in '<main>')
OK 5
../basictest/test.rb:while/until .ok 1 (../basictest/test.rb:666:in '<main>')
.ok 2 (../basictest/test.rb:672:in '<main>')
.ok 3 (../basictest/test.rb:682:in '<main>')
.ok 4 (../basictest/test.rb:698:in '<main>')
.ok 5 (../basictest/test.rb:709:in '<main>')
.ok 6 (../basictest/test.rb:721:in '<main>')
.ok 7 (../basictest/test.rb:725:in '<main>')
.ok 8 (../basictest/test.rb:731:in '<main>')
OK 8
../basictest/test.rb:exception .ok 1 (../basictest/test.rb:741:in '<main>')
.ok 2 (../basictest/test.rb:754:in '<main>')
.ok 3 (../basictest/test.rb:766:in '<main>')
.ok 4 (../basictest/test.rb:767:in '<main>')
.ok 5 (../basictest/test.rb:768:in '<main>')
.ok 6 (../basictest/test.rb:780:in '<main>')
.ok 7 (../basictest/test.rb:792:in '<main>')
.ok 8 (../basictest/test.rb:803:in '<main>')
.ok 9 (../basictest/test.rb:813:in '<main>')
.ok 10 (../basictest/test.rb:815:in '<main>')
OK 10
../basictest/test.rb:array .ok 1 (../basictest/test.rb:828:in '<main>')
.ok 2 (../basictest/test.rb:829:in '<main>')
.ok 3 (../basictest/test.rb:830:in '<main>')
.ok 4 (../basictest/test.rb:832:in '<main>')
.ok 5 (../basictest/test.rb:834:in '<main>')
.ok 6 (../basictest/test.rb:835:in '<main>')
.ok 7 (../basictest/test.rb:836:in '<main>')
.ok 8 (../basictest/test.rb:839:in '<main>')
.ok 9 (../basictest/test.rb:840:in '<main>')
.ok 10 (../basictest/test.rb:841:in '<main>')
.ok 11 (../basictest/test.rb:844:in '<main>')
.ok 12 (../basictest/test.rb:847:in '<main>')
.ok 13 (../basictest/test.rb:850:in '<main>')
.ok 14 (../basictest/test.rb:853:in '<main>')
.ok 15 (../basictest/test.rb:854:in '<main>')
.ok 16 (../basictest/test.rb:859:in '<main>')
.ok 17 (../basictest/test.rb:864:in '<main>')
.ok 18 (../basictest/test.rb:867:in '<main>')
.ok 19 (../basictest/test.rb:869:in '<main>')
.ok 20 (../basictest/test.rb:874:in '<main>')
.ok 21 (../basictest/test.rb:877:in '<main>')
.ok 22 (../basictest/test.rb:879:in '<main>')
.ok 23 (../basictest/test.rb:883:in '<main>')
.ok 24 (../basictest/test.rb:884:in '<main>')
.ok 25 (../basictest/test.rb:885:in '<main>')
.ok 26 (../basictest/test.rb:887:in '<main>')
.ok 27 (../basictest/test.rb:888:in '<main>')
.ok 28 (../basictest/test.rb:889:in '<main>')
.ok 29 (../basictest/test.rb:890:in '<main>')
.ok 30 (../basictest/test.rb:891:in '<main>')
.ok 31 (../basictest/test.rb:893:in '<main>')
.ok 32 (../basictest/test.rb:896:in '<main>')
.ok 33 (../basictest/test.rb:897:in '<main>')
.ok 34 (../basictest/test.rb:898:in '<main>')
.ok 35 (../basictest/test.rb:901:in '<main>')
.ok 36 (../basictest/test.rb:902:in '<main>')
.ok 37 (../basictest/test.rb:906:in '<main>')
.ok 38 (../basictest/test.rb:910:in '<main>')
.ok 39 (../basictest/test.rb:914:in '<main>')
OK 39
../basictest/test.rb:hash .ok 1 (../basictest/test.rb:919:in '<main>')
.ok 2 (../basictest/test.rb:921:in '<main>')
.ok 3 (../basictest/test.rb:930:in '<main>')
.ok 4 (../basictest/test.rb:931:in '<main>')
.ok 5 (../basictest/test.rb:932:in '<main>')
.ok 6 (../basictest/test.rb:933:in '<main>')
.ok 7 (../basictest/test.rb:934:in '<main>')
.ok 8 (../basictest/test.rb:937:in '<main>')
.ok 9 (../basictest/test.rb:940:in '<main>')
.ok 10 (../basictest/test.rb:941:in '<main>')
.ok 11 (../basictest/test.rb:944:in '<main>')
.ok 12 (../basictest/test.rb:948:in '<main>')
.ok 13 (../basictest/test.rb:952:in '<main>')
.ok 14 (../basictest/test.rb:953:in '<main>')
.ok 15 (../basictest/test.rb:956:in '<main>')
.ok 16 (../basictest/test.rb:957:in '<main>')
.ok 17 (../basictest/test.rb:960:in '<main>')
.ok 18 (../basictest/test.rb:961:in '<main>')
.ok 19 (../basictest/test.rb:965:in '<main>')
.ok 20 (../basictest/test.rb:966:in '<main>')
.ok 21 (../basictest/test.rb:968:in '<main>')
.ok 22 (../basictest/test.rb:969:in '<main>')
.ok 23 (../basictest/test.rb:971:in '<main>')
.ok 24 (../basictest/test.rb:979:in '<main>')
.ok 25 (../basictest/test.rb:980:in '<main>')
.ok 26 (../basictest/test.rb:982:in '<main>')
.ok 27 (../basictest/test.rb:983:in '<main>')
OK 27
../basictest/test.rb:iterator .ok 1 (../basictest/test.rb:988:in '<main>')
.ok 2 (../basictest/test.rb:997:in '<main>')
.ok 3 (../basictest/test.rb:1008:in '<main>')
.ok 4 (../basictest/test.rb:1025:in '<main>')
.ok 5 (../basictest/test.rb:1037:in '<main>')
.ok 6 (../basictest/test.rb:1045:in '<main>')
.ok 7 (../basictest/test.rb:1055:in '<main>')
.ok 8 (../basictest/test.rb:1065:in '<main>')
.ok 9 (../basictest/test.rb:1071:in '<main>')
.ok 10 (../basictest/test.rb:1072:in '<main>')
.ok 11 (../basictest/test.rb:1085:in '<main>')
.ok 12 (../basictest/test.rb:1104:in '<main>')
.ok 13 (../basictest/test.rb:1106:in '<main>')
.ok 14 (../basictest/test.rb:1108:in 'block in <main>')
.ok 15 (../basictest/test.rb:1109:in 'block in <main>')
.ok 16 (../basictest/test.rb:1110:in 'block in <main>')
.ok 17 (../basictest/test.rb:1112:in 'block in <main>')
.ok 18 (../basictest/test.rb:1113:in 'block in <main>')
.ok 19 (../basictest/test.rb:1114:in 'block in <main>')
.ok 20 (../basictest/test.rb:1116:in 'block in <main>')
.ok 21 (../basictest/test.rb:1118:in 'block in <main>')
.ok 22 (../basictest/test.rb:1119:in 'block in <main>')
.ok 23 (../basictest/test.rb:1120:in 'block in <main>')
.ok 24 (../basictest/test.rb:1121:in 'block in <main>')
.ok 25 (../basictest/test.rb:1122:in 'block in <main>')
.ok 26 (../basictest/test.rb:1123:in 'block in <main>')
.ok 27 (../basictest/test.rb:1124:in 'block in <main>')
.ok 28 (../basictest/test.rb:1125:in 'block in <main>')
.ok 29 (../basictest/test.rb:1126:in 'block in <main>')
.ok 30 (../basictest/test.rb:1128:in 'block in <main>')
.ok 31 (../basictest/test.rb:1129:in 'block in <main>')
.ok 32 (../basictest/test.rb:1138:in '<main>')
.ok 33 (../basictest/test.rb:1139:in '<main>')
.ok 34 (../basictest/test.rb:1144:in '<main>')
.ok 35 (../basictest/test.rb:1145:in '<main>')
.ok 36 (../basictest/test.rb:1157:in '<main>')
.ok 37 (../basictest/test.rb:1159:in '<main>')
.ok 38 (../basictest/test.rb:1160:in '<main>')
.ok 39 (../basictest/test.rb:1161:in 'block in <main>')
.ok 40 (../basictest/test.rb:1163:in 'Object#block_test')
.ok 41 (../basictest/test.rb:1163:in 'Object#block_test')
.ok 42 (../basictest/test.rb:1179:in '<main>')
.ok 43 (../basictest/test.rb:1180:in '<main>')
.ok 44 (../basictest/test.rb:1181:in '<main>')
.ok 45 (../basictest/test.rb:1182:in '<main>')
.ok 46 (../basictest/test.rb:1183:in '<main>')
.ok 47 (../basictest/test.rb:1185:in '<main>')
.ok 48 (../basictest/test.rb:1186:in '<main>')
.ok 49 (../basictest/test.rb:1187:in '<main>')
.ok 50 (../basictest/test.rb:1188:in '<main>')
.ok 51 (../basictest/test.rb:1189:in '<main>')
.ok 52 (../basictest/test.rb:1195:in '<main>')
.ok 53 (../basictest/test.rb:1196:in '<main>')
.ok 54 (../basictest/test.rb:1197:in '<main>')
.ok 55 (../basictest/test.rb:1198:in '<main>')
.ok 56 (../basictest/test.rb:1199:in '<main>')
.ok 57 (../basictest/test.rb:1200:in '<main>')
.ok 58 (../basictest/test.rb:1202:in '<main>')
.ok 59 (../basictest/test.rb:1203:in '<main>')
.ok 60 (../basictest/test.rb:1204:in '<main>')
.ok 61 (../basictest/test.rb:1205:in '<main>')
.ok 62 (../basictest/test.rb:1208:in '<main>')
.ok 63 (../basictest/test.rb:1209:in '<main>')
.ok 64 (../basictest/test.rb:1210:in '<main>')
.ok 65 (../basictest/test.rb:1211:in '<main>')
.ok 66 (../basictest/test.rb:1214:in '<main>')
.ok 67 (../basictest/test.rb:1215:in '<main>')
.ok 68 (../basictest/test.rb:1216:in '<main>')
.ok 69 (../basictest/test.rb:1217:in '<main>')
.ok 70 (../basictest/test.rb:1219:in '<main>')
.ok 71 (../basictest/test.rb:1220:in '<main>')
.ok 72 (../basictest/test.rb:1222:in '<main>')
.ok 73 (../basictest/test.rb:1223:in '<main>')
.ok 74 (../basictest/test.rb:1230:in '<main>')
.ok 75 (../basictest/test.rb:1236:in '<main>')
.ok 76 (../basictest/test.rb:1247:in '<main>')
.ok 77 (../basictest/test.rb:1251:in '<main>')
.ok 78 (../basictest/test.rb:1255:in '<main>')
.ok 79 (../basictest/test.rb:1259:in '<main>')
.ok 80 (../basictest/test.rb:1271:in '<main>')
.ok 81 (../basictest/test.rb:1272:in '<main>')
.ok 82 (../basictest/test.rb:1280:in '<main>')
.ok 83 (../basictest/test.rb:1282:in '<main>')
.ok 84 (../basictest/test.rb:1295:in '<main>')
.ok 85 (../basictest/test.rb:1310:in '<main>')
.ok 86 (../basictest/test.rb:1317:in '<main>')
.ok 87 (../basictest/test.rb:1322:in '<main>')
.ok 88 (../basictest/test.rb:1330:in '<main>')
.ok 89 (../basictest/test.rb:1337:in '<main>')
.ok 90 (../basictest/test.rb:1349:in '<main>')
.ok 91 (../basictest/test.rb:1358:in '<main>')
.ok 92 (../basictest/test.rb:1367:in '<main>')
.ok 93 (../basictest/test.rb:1376:in '<main>')
.ok 94 (../basictest/test.rb:1386:in '<main>')
.ok 95 (../basictest/test.rb:1394:in '<main>')
.ok 96 (../basictest/test.rb:1404:in '<main>')
.ok 97 (../basictest/test.rb:1412:in '<main>')
.ok 98 (../basictest/test.rb:1418:in '<main>')
.ok 99 (../basictest/test.rb:1424:in '<main>')
.ok 100 (../basictest/test.rb:1425:in '<main>')
.ok 101 (../basictest/test.rb:1426:in '<main>')
.ok 102 (../basictest/test.rb:1436:in 'ITER_TEST2#a')
.ok 103 (../basictest/test.rb:1440:in '<main>')
.ok 104 (../basictest/test.rb:1451:in 'ITER_TEST4#foo')
.ok 105 (../basictest/test.rb:1452:in 'ITER_TEST4#foo')
.ok 106 (../basictest/test.rb:1478:in '<main>')
.ok 107 (../basictest/test.rb:1487:in '<main>')
OK 107
../basictest/test.rb:float .ok 1 (../basictest/test.rb:1490:in '<main>')
.ok 2 (../basictest/test.rb:1491:in '<main>')
.ok 3 (../basictest/test.rb:1492:in '<main>')
.ok 4 (../basictest/test.rb:1493:in '<main>')
.ok 5 (../basictest/test.rb:1494:in '<main>')
.ok 6 (../basictest/test.rb:1495:in '<main>')
.ok 7 (../basictest/test.rb:1496:in '<main>')
.ok 8 (../basictest/test.rb:1497:in '<main>')
.ok 9 (../basictest/test.rb:1498:in '<main>')
.ok 10 (../basictest/test.rb:1501:in 'Object#nan_test')
.ok 11 (../basictest/test.rb:1502:in 'Object#nan_test')
.ok 12 (../basictest/test.rb:1503:in 'Object#nan_test')
.ok 13 (../basictest/test.rb:1504:in 'Object#nan_test')
.ok 14 (../basictest/test.rb:1505:in 'Object#nan_test')
.ok 15 (../basictest/test.rb:1501:in 'Object#nan_test')
.ok 16 (../basictest/test.rb:1502:in 'Object#nan_test')
.ok 17 (../basictest/test.rb:1503:in 'Object#nan_test')
.ok 18 (../basictest/test.rb:1504:in 'Object#nan_test')
.ok 19 (../basictest/test.rb:1505:in 'Object#nan_test')
.ok 20 (../basictest/test.rb:1501:in 'Object#nan_test')
.ok 21 (../basictest/test.rb:1502:in 'Object#nan_test')
.ok 22 (../basictest/test.rb:1503:in 'Object#nan_test')
.ok 23 (../basictest/test.rb:1504:in 'Object#nan_test')
.ok 24 (../basictest/test.rb:1505:in 'Object#nan_test')
.ok 25 (../basictest/test.rb:1501:in 'Object#nan_test')
.ok 26 (../basictest/test.rb:1502:in 'Object#nan_test')
.ok 27 (../basictest/test.rb:1503:in 'Object#nan_test')
.ok 28 (../basictest/test.rb:1504:in 'Object#nan_test')
.ok 29 (../basictest/test.rb:1505:in 'Object#nan_test')
.ok 30 (../basictest/test.rb:1501:in 'Object#nan_test')
.ok 31 (../basictest/test.rb:1502:in 'Object#nan_test')
.ok 32 (../basictest/test.rb:1503:in 'Object#nan_test')
.ok 33 (../basictest/test.rb:1504:in 'Object#nan_test')
.ok 34 (../basictest/test.rb:1505:in 'Object#nan_test')
.ok 35 (../basictest/test.rb:1501:in 'Object#nan_test')
.ok 36 (../basictest/test.rb:1502:in 'Object#nan_test')
.ok 37 (../basictest/test.rb:1503:in 'Object#nan_test')
.ok 38 (../basictest/test.rb:1504:in 'Object#nan_test')
.ok 39 (../basictest/test.rb:1505:in 'Object#nan_test')
.ok 40 (../basictest/test.rb:1501:in 'Object#nan_test')
.ok 41 (../basictest/test.rb:1502:in 'Object#nan_test')
.ok 42 (../basictest/test.rb:1503:in 'Object#nan_test')
.ok 43 (../basictest/test.rb:1504:in 'Object#nan_test')
.ok 44 (../basictest/test.rb:1505:in 'Object#nan_test')
.ok 45 (../basictest/test.rb:1501:in 'Object#nan_test')
.ok 46 (../basictest/test.rb:1502:in 'Object#nan_test')
.ok 47 (../basictest/test.rb:1503:in 'Object#nan_test')
.ok 48 (../basictest/test.rb:1504:in 'Object#nan_test')
.ok 49 (../basictest/test.rb:1505:in 'Object#nan_test')
.ok 50 (../basictest/test.rb:1501:in 'Object#nan_test')
.ok 51 (../basictest/test.rb:1502:in 'Object#nan_test')
.ok 52 (../basictest/test.rb:1503:in 'Object#nan_test')
.ok 53 (../basictest/test.rb:1504:in 'Object#nan_test')
.ok 54 (../basictest/test.rb:1505:in 'Object#nan_test')
.ok 55 (../basictest/test.rb:1501:in 'Object#nan_test')
.ok 56 (../basictest/test.rb:1502:in 'Object#nan_test')
.ok 57 (../basictest/test.rb:1503:in 'Object#nan_test')
.ok 58 (../basictest/test.rb:1504:in 'Object#nan_test')
.ok 59 (../basictest/test.rb:1505:in 'Object#nan_test')
.ok 60 (../basictest/test.rb:1501:in 'Object#nan_test')
.ok 61 (../basictest/test.rb:1502:in 'Object#nan_test')
.ok 62 (../basictest/test.rb:1503:in 'Object#nan_test')
.ok 63 (../basictest/test.rb:1504:in 'Object#nan_test')
.ok 64 (../basictest/test.rb:1505:in 'Object#nan_test')
.ok 65 (../basictest/test.rb:1501:in 'Object#nan_test')
.ok 66 (../basictest/test.rb:1502:in 'Object#nan_test')
.ok 67 (../basictest/test.rb:1503:in 'Object#nan_test')
.ok 68 (../basictest/test.rb:1504:in 'Object#nan_test')
.ok 69 (../basictest/test.rb:1505:in 'Object#nan_test')
.ok 70 (../basictest/test.rb:1501:in 'Object#nan_test')
.ok 71 (../basictest/test.rb:1502:in 'Object#nan_test')
.ok 72 (../basictest/test.rb:1503:in 'Object#nan_test')
.ok 73 (../basictest/test.rb:1504:in 'Object#nan_test')
.ok 74 (../basictest/test.rb:1505:in 'Object#nan_test')
.ok 75 (../basictest/test.rb:1501:in 'Object#nan_test')
.ok 76 (../basictest/test.rb:1502:in 'Object#nan_test')
.ok 77 (../basictest/test.rb:1503:in 'Object#nan_test')
.ok 78 (../basictest/test.rb:1504:in 'Object#nan_test')
.ok 79 (../basictest/test.rb:1505:in 'Object#nan_test')
.ok 80 (../basictest/test.rb:1525:in '<main>')
OK 80
../basictest/test.rb:bignum .ok 1 (../basictest/test.rb:1539:in '<main>')
.ok 2 (../basictest/test.rb:1540:in '<main>')
.ok 3 (../basictest/test.rb:1541:in '<main>')
.ok 4 (../basictest/test.rb:1542:in '<main>')
.ok 5 (../basictest/test.rb:1543:in '<main>')
.ok 6 (../basictest/test.rb:1544:in '<main>')
.ok 7 (../basictest/test.rb:1545:in '<main>')
.ok 8 (../basictest/test.rb:1546:in '<main>')
.ok 9 (../basictest/test.rb:1548:in '<main>')
.ok 10 (../basictest/test.rb:1549:in '<main>')
.ok 11 (../basictest/test.rb:1550:in '<main>')
.ok 12 (../basictest/test.rb:1556:in '<main>')
.ok 13 (../basictest/test.rb:1564:in '<main>')
.ok 14 (../basictest/test.rb:1573:in '<main>')
.ok 15 (../basictest/test.rb:1582:in '<main>')
.ok 16 (../basictest/test.rb:1586:in '<main>')
.ok 17 (../basictest/test.rb:1587:in '<main>')
.ok 18 (../basictest/test.rb:1588:in '<main>')
.ok 19 (../basictest/test.rb:1589:in '<main>')
.ok 20 (../basictest/test.rb:1590:in '<main>')
.ok 21 (../basictest/test.rb:1591:in '<main>')
.ok 22 (../basictest/test.rb:1592:in '<main>')
.ok 23 (../basictest/test.rb:1593:in '<main>')
.ok 24 (../basictest/test.rb:1595:in '<main>')
.ok 25 (../basictest/test.rb:1596:in '<main>')
.ok 26 (../basictest/test.rb:1600:in '<main>')
.ok 27 (../basictest/test.rb:1601:in '<main>')
.ok 28 (../basictest/test.rb:1606:in 'Object#shift_test')
.ok 29 (../basictest/test.rb:1610:in 'Object#shift_test')
.ok 30 (../basictest/test.rb:1606:in 'Object#shift_test')
.ok 31 (../basictest/test.rb:1610:in 'Object#shift_test')
OK 31
../basictest/test.rb:string & char .ok 1 (../basictest/test.rb:1618:in '<main>')
.ok 2 (../basictest/test.rb:1619:in '<main>')
.ok 3 (../basictest/test.rb:1620:in '<main>')
.ok 4 (../basictest/test.rb:1622:in '<main>')
.ok 5 (../basictest/test.rb:1623:in '<main>')
.ok 6 (../basictest/test.rb:1624:in '<main>')
.ok 7 (../basictest/test.rb:1625:in '<main>')
.ok 8 (../basictest/test.rb:1626:in '<main>')
.ok 9 (../basictest/test.rb:1627:in '<main>')
.ok 10 (../basictest/test.rb:1628:in '<main>')
.ok 11 (../basictest/test.rb:1629:in '<main>')
.ok 12 (../basictest/test.rb:1630:in '<main>')
.ok 13 (../basictest/test.rb:1631:in '<main>')
.ok 14 (../basictest/test.rb:1632:in '<main>')
.ok 15 (../basictest/test.rb:1633:in '<main>')
.ok 16 (../basictest/test.rb:1634:in '<main>')
.ok 17 (../basictest/test.rb:1635:in '<main>')
.ok 18 (../basictest/test.rb:1636:in '<main>')
.ok 19 (../basictest/test.rb:1638:in '<main>')
.ok 20 (../basictest/test.rb:1639:in '<main>')
.ok 21 (../basictest/test.rb:1640:in '<main>')
.ok 22 (../basictest/test.rb:1641:in '<main>')
.ok 23 (../basictest/test.rb:1643:in '<main>')
.ok 24 (../basictest/test.rb:1644:in '<main>')
.ok 25 (../basictest/test.rb:1651:in '<main>')
.ok 26 (../basictest/test.rb:1653:in '<main>')
.ok 27 (../basictest/test.rb:1654:in '<main>')
.ok 28 (../basictest/test.rb:1657:in '<main>')
.ok 29 (../basictest/test.rb:1658:in '<main>')
.ok 30 (../basictest/test.rb:1661:in '<main>')
.ok 31 (../basictest/test.rb:1663:in '<main>')
.ok 32 (../basictest/test.rb:1664:in '<main>')
.ok 33 (../basictest/test.rb:1665:in '<main>')
.ok 34 (../basictest/test.rb:1668:in '<main>')
.ok 35 (../basictest/test.rb:1669:in '<main>')
.ok 36 (../basictest/test.rb:1670:in '<main>')
.ok 37 (../basictest/test.rb:1673:in '<main>')
.ok 38 (../basictest/test.rb:1674:in '<main>')
.ok 39 (../basictest/test.rb:1675:in '<main>')
.ok 40 (../basictest/test.rb:1676:in '<main>')
.ok 41 (../basictest/test.rb:1677:in '<main>')
.ok 42 (../basictest/test.rb:1680:in '<main>')
.ok 43 (../basictest/test.rb:1681:in '<main>')
.ok 44 (../basictest/test.rb:1682:in '<main>')
.ok 45 (../basictest/test.rb:1683:in '<main>')
.ok 46 (../basictest/test.rb:1684:in '<main>')
.ok 47 (../basictest/test.rb:1685:in '<main>')
.ok 48 (../basictest/test.rb:1686:in '<main>')
.ok 49 (../basictest/test.rb:1687:in '<main>')
.ok 50 (../basictest/test.rb:1688:in '<main>')
.ok 51 (../basictest/test.rb:1689:in '<main>')
.ok 52 (../basictest/test.rb:1690:in '<main>')
.ok 53 (../basictest/test.rb:1701:in '<main>')
.ok 54 (../basictest/test.rb:1705:in '<main>')
.ok 55 (../basictest/test.rb:1712:in '<main>')
.ok 56 (../basictest/test.rb:1713:in '<main>')
.ok 57 (../basictest/test.rb:1714:in '<main>')
.ok 58 (../basictest/test.rb:1715:in '<main>')
.ok 59 (../basictest/test.rb:1716:in '<main>')
.ok 60 (../basictest/test.rb:1717:in '<main>')
.ok 61 (../basictest/test.rb:1718:in '<main>')
.ok 62 (../basictest/test.rb:1725:in '<main>')
OK 62
../basictest/test.rb:assignment .ok 1 (../basictest/test.rb:1729:in '<main>')
.ok 2 (../basictest/test.rb:1730:in '<main>')
.ok 3 (../basictest/test.rb:1734:in '<main>')
.ok 4 (../basictest/test.rb:1737:in '<main>')
.ok 5 (../basictest/test.rb:1740:in '<main>')
.ok 6 (../basictest/test.rb:1743:in '<main>')
.ok 7 (../basictest/test.rb:1746:in '<main>')
.ok 8 (../basictest/test.rb:1749:in '<main>')
.ok 9 (../basictest/test.rb:1752:in '<main>')
.ok 10 (../basictest/test.rb:1755:in '<main>')
OK 10
../basictest/test.rb:call .ok 1 (../basictest/test.rb:1769:in '<main>')
.ok 2 (../basictest/test.rb:1776:in '<main>')
.ok 3 (../basictest/test.rb:1779:in '<main>')
.ok 4 (../basictest/test.rb:1780:in '<main>')
.ok 5 (../basictest/test.rb:1781:in '<main>')
.ok 6 (../basictest/test.rb:1782:in '<main>')
OK 6
../basictest/test.rb:proc .ok 1 (../basictest/test.rb:1786:in '<main>')
.ok 2 (../basictest/test.rb:1787:in '<main>')
.ok 3 (../basictest/test.rb:1790:in '<main>')
.ok 4 (../basictest/test.rb:1791:in '<main>')
.ok 5 (../basictest/test.rb:1802:in 'block in <main>')
.ok 6 (../basictest/test.rb:1804:in '<main>')
.ok 7 (../basictest/test.rb:1806:in 'block in <main>')
.ok 8 (../basictest/test.rb:1811:in 'block in Object#dyna_var_check')
.ok 9 (../basictest/test.rb:1821:in '<main>')
OK 9
../basictest/test.rb:signal .ok 1 (../basictest/test.rb:1833:in '<main>')
.ok 2 (../basictest/test.rb:1844:in '<main>')
OK 2
../basictest/test.rb:eval .ok 1 (../basictest/test.rb:1848:in '<main>')
.ok 2 (../basictest/test.rb:1851:in '<main>')
.ok 3 (../basictest/test.rb:1853:in '<main>')
.ok 4 (../basictest/test.rb:1854:in '<main>')
.ok 5 (../basictest/test.rb:1855:in '<main>')
.ok 6 (../basictest/test.rb:1856:in '<main>')
.ok 7 ((eval at ../basictest/test.rb:1860):1:in '<main>')
.ok 8 (../basictest/test.rb:1865:in '<main>')
.ok 9 (../basictest/test.rb:1866:in '<main>')
.ok 10 (../basictest/test.rb:1868:in '<main>')
.ok 11 (../basictest/test.rb:1869:in '<main>')
.ok 12 (../basictest/test.rb:1870:in '<main>')
.ok 13 (../basictest/test.rb:1882:in '<main>')
.ok 14 (../basictest/test.rb:1883:in '<main>')
.ok 15 (../basictest/test.rb:1890:in '<main>')
.ok 16 (../basictest/test.rb:1897:in '<main>')
.ok 17 (../basictest/test.rb:1898:in '<main>')
.ok 18 (../basictest/test.rb:1905:in '<main>')
.ok 19 (../basictest/test.rb:1909:in '<main>')
.ok 20 (../basictest/test.rb:1912:in '<main>')
.ok 21 (../basictest/test.rb:1916:in '<main>')
.ok 22 (../basictest/test.rb:1920:in '<main>')
.ok 23 (../basictest/test.rb:1923:in '<main>')
.ok 24 (../basictest/test.rb:1927:in '<main>')
.ok 25 (../basictest/test.rb:1930:in '<main>')
.ok 26 (../basictest/test.rb:1931:in '<main>')
.ok 27 (../basictest/test.rb:1950:in '<main>')
OK 27
../basictest/test.rb:system .ok 1 (../basictest/test.rb:1966:in '<main>')
.ok 2 (../basictest/test.rb:1967:in '<main>')
.ok 3 (../basictest/test.rb:1974:in '<main>')
.ok 4 (../basictest/test.rb:1975:in '<main>')
.ok 5 (../basictest/test.rb:1982:in '<main>')
.ok 6 (../basictest/test.rb:1992:in '<main>')
.ok 7 (../basictest/test.rb:1993:in '<main>')
.ok 8 (../basictest/test.rb:2011:in '<main>')
OK 8
../basictest/test.rb:const .ok 1 (../basictest/test.rb:2033:in '<main>')
.ok 2 (../basictest/test.rb:2037:in '<main>')
.ok 3 (../basictest/test.rb:2040:in '<main>')
.ok 4 (../basictest/test.rb:2041:in '<main>')
.ok 5 (../basictest/test.rb:2042:in '<main>')
OK 5
../basictest/test.rb:clone .ok 1 (../basictest/test.rb:2054:in '<main>')
.ok 2 (../basictest/test.rb:2055:in '<main>')
.ok 3 (../basictest/test.rb:2056:in '<main>')
.ok 4 (../basictest/test.rb:2062:in '<main>')
.ok 5 (../basictest/test.rb:2071:in '<main>')
OK 5
../basictest/test.rb:marshal .ok 1 (../basictest/test.rb:2076:in '<main>')
.ok 2 (../basictest/test.rb:2079:in '<main>')
.ok 3 (../basictest/test.rb:2085:in 'block in <main>')
.ok 4 (../basictest/test.rb:2085:in 'block in <main>')
OK 4
../basictest/test.rb:pack .ok 1 (../basictest/test.rb:2097:in '<main>')
.ok 2 (../basictest/test.rb:2098:in '<main>')
.ok 3 (../basictest/test.rb:2099:in '<main>')
.ok 4 (../basictest/test.rb:2102:in '<main>')
OK 4
../basictest/test.rb:math .ok 1 (../basictest/test.rb:2105:in '<main>')
.ok 2 (../basictest/test.rb:2108:in '<main>')
OK 2
../basictest/test.rb:struct .ok 1 (../basictest/test.rb:2112:in '<main>')
.ok 2 (../basictest/test.rb:2115:in '<main>')
.ok 3 (../basictest/test.rb:2116:in '<main>')
.ok 4 (../basictest/test.rb:2119:in '<main>')
.ok 5 (../basictest/test.rb:2122:in '<main>')
.ok 6 (../basictest/test.rb:2125:in '<main>')
OK 6
../basictest/test.rb:variable .ok 1 (../basictest/test.rb:2128:in '<main>')
.ok 2 (../basictest/test.rb:2135:in '<main>')
.ok 3 (../basictest/test.rb:2140:in '<main>')
.ok 4 (../basictest/test.rb:2173:in '<main>')
.ok 5 (../basictest/test.rb:2174:in '<main>')
.ok 6 (../basictest/test.rb:2175:in '<main>')
.ok 7 (../basictest/test.rb:2176:in '<main>')
.ok 8 (../basictest/test.rb:2177:in '<main>')
.ok 9 (../basictest/test.rb:2179:in '<main>')
.ok 10 (../basictest/test.rb:2180:in '<main>')
.ok 11 (../basictest/test.rb:2184:in '<main>')
.ok 12 (../basictest/test.rb:2188:in '<main>')
OK 12
../basictest/test.rb:trace .ok 1 (../basictest/test.rb:2195:in '<main>')
.ok 2 (../basictest/test.rb:2199:in '<main>')
.ok 3 (../basictest/test.rb:2203:in '<main>')
OK 3
../basictest/test.rb:defined? .ok 1 (../basictest/test.rb:2209:in '<main>')
.ok 2 (../basictest/test.rb:2210:in '<main>')
.ok 3 (../basictest/test.rb:2213:in '<main>')
.ok 4 (../basictest/test.rb:2215:in '<main>')
.ok 5 (../basictest/test.rb:2216:in '<main>')
.ok 6 (../basictest/test.rb:2217:in '<main>')
.ok 7 (../basictest/test.rb:2218:in '<main>')
.ok 8 (../basictest/test.rb:2231:in '<main>')
.ok 9 (../basictest/test.rb:2226:in 'Foo#bar')
.ok 10 (../basictest/test.rb:2227:in 'Foo#bar')
.ok 11 (../basictest/test.rb:2238:in '<main>')
.ok 12 (../basictest/test.rb:2239:in '<main>')
OK 12
../basictest/test.rb:alias .ok 1 (../basictest/test.rb:2255:in '<main>')
.ok 2 (../basictest/test.rb:2256:in '<main>')
.ok 3 (../basictest/test.rb:2259:in '<main>')
.ok 4 (../basictest/test.rb:2273:in '<main>')
.ok 5 (../basictest/test.rb:2274:in '<main>')
.ok 6 (../basictest/test.rb:2275:in '<main>')
OK 6
../basictest/test.rb:path .ok 1 (../basictest/test.rb:2278:in '<main>')
.ok 2 (../basictest/test.rb:2279:in '<main>')
.ok 3 (../basictest/test.rb:2280:in '<main>')
.ok 4 (../basictest/test.rb:2281:in '<main>')
.ok 5 (../basictest/test.rb:2282:in '<main>')
.ok 6 (../basictest/test.rb:2283:in '<main>')
.ok 7 (../basictest/test.rb:2284:in '<main>')
.ok 8 (../basictest/test.rb:2285:in '<main>')
.ok 9 (../basictest/test.rb:2286:in '<main>')
.ok 10 (../basictest/test.rb:2287:in '<main>')
.ok 11 (../basictest/test.rb:2288:in '<main>')
.ok 12 (../basictest/test.rb:2289:in '<main>')
.ok 13 (../basictest/test.rb:2290:in '<main>')
.ok 14 (../basictest/test.rb:2291:in '<main>')
.ok 15 (../basictest/test.rb:2292:in '<main>')
.ok 16 (../basictest/test.rb:2293:in '<main>')
.ok 17 (../basictest/test.rb:2294:in '<main>')
.ok 18 (../basictest/test.rb:2295:in '<main>')
.ok 19 (../basictest/test.rb:2296:in '<main>')
.ok 20 (../basictest/test.rb:2307:in '<main>')
.ok 21 (../basictest/test.rb:2308:in '<main>')
.ok 22 (../basictest/test.rb:2316:in '<main>')
.ok 23 (../basictest/test.rb:2317:in '<main>')
OK 23
../basictest/test.rb:gc .ok 1 (../basictest/test.rb:2334:in '<main>')
.ok 2 (../basictest/test.rb:2348:in '<main>')
.ok 3 (../basictest/test.rb:2354:in '<main>')
.ok 4 (../basictest/test.rb:2360:in '<main>')
OK 4
end of test(test: 894)
root@cheribsd-riscv64-purecap:~/ruby-3.4.5/build #
