root@cheribsd-riscv64-purecap:~/ruby-3.4.5/build # ./ruby --disable=gems  "../bootstraptest/runner.r
b" --ruby="./miniruby -I../lib -I. -I.ext/common  -r./riscv64-freebsd-fake --disable-gems"
2025-07-22 07:29:20 +0000
Driver is ruby 3.4.5 (2025-07-22 revision 47c3177923) +PRISM [riscv64-freebsd]
Target is ruby 3.4.5 (2025-07-22 revision 47c3177923) +PRISM [riscv64-freebsd]
last_commit=basictestraw

test_syntax.rb            PASS 162
PASS 1
#1574 test_thread.rb:323:
     g = enum_for(:local_variables)
     loop { g.next }
  #=> killed by signal 34  [ruby-dev:34128]
#1575 test_thread.rb:328:
     g = enum_for(:block_given?)
     loop { g.next }
  #=> killed by signal 34  [ruby-dev:34128]
#1576 test_thread.rb:333:
     g = enum_for(:binding)
     loop { g.next }
  #=> killed by signal 34  [ruby-dev:34128]
#1577 test_thread.rb:338:
     g = "abc".enum_for(:scan, /./)
     loop { g.next }
  #=> killed by signal 34  [ruby-dev:34128]
#1578 test_thread.rb:343:
     g = Module.enum_for(:new)
     loop { g.next }
  #=> killed by signal 34  [ruby-dev:34128]
#1590 test_thread.rb:449:
     require 'thread'

     lock = Thread::Mutex.new
     cond = Thread::ConditionVariable.new
     t = Thread.new do
       lock.synchronize do
         cond.wait(lock)
       end
     end

     begin
       pid = fork do
         # Child
         STDOUT.write "This is the child process.\n"
         STDOUT.write "Child process exiting.\n"
       end
       Process.waitpid(pid)
     rescue NotImplementedError
     end
  #=> not finished in 3 seconds  [ruby-core:23572]
test_thread.rb            FAIL 6/50
#1604 test_yjit.rb:165:
     skip true unless GC.respond_to?(:compact)
     garbage = Array.new(10_000) { [] } # create garbage to cause iseq movement
     eval(<<~RUBY)
     def foo(n, garbage)
       if n == 2
         # 1.times.each to create a cfunc frame to preserve the JIT frame
         # which will return to a stub housed in an invalidated block
         return 1.times.each do
           Object.define_method(:foo) {}
           garbage.clear
           GC.verify_compaction_references(toward: :empty, expand_heap: true)
         end
       end

       foo(n + 1, garbage)
     end
     RUBY

     foo(1, garbage)
  #=> killed by signal 34
#1668 test_yjit.rb:1281:
     skip :good unless GC.respond_to?(:compact)
     def bar
       "good"
     end

     def foo
       bar
     end

     foo
     foo

     begin
       GC.verify_compaction_references(expand_heap: true, toward: :empty)
     rescue NotImplementedError
       # in case compaction isn't supported
     end

     foo
  #=> "" (expected "good")
#1780 test_yjit.rb:3030:
     def traced_method
       Fiber.yield
       42
     end

     events = []
     tp = TracePoint.new(:return) { events << [_1.event, _1.return_value] }
     # assume first call compiles
     fiber = Fiber.new { traced_method }
     fiber.resume
     tp.enable(target: method(:traced_method))
     fiber.resume

     events
  #=> "" (expected "[[:return, 42]]")
#1781 test_yjit.rb:3048:
     def traced_method
       itself
     end

     tracing_ractor = Ractor.new do
       # 1: start tracing
       events = []
       tp = TracePoint.new(:c_call) { events << _1.method_id }
       tp.enable
       Ractor.yield(nil)

       # 3: run compiled method on tracing ractor
       Ractor.yield(nil)
       traced_method

       events
     ensure
       tp&.disable
     end

     tracing_ractor.take
   (...snip)
  #=> "" (expected "[:itself]")
#1782 test_yjit.rb:3079:
     def compiled(arg)
       if arg
         arg + 1
       else
         itself
         itself
       end
     end

     ractor = Ractor.new do
       compiled(false)
       Ractor.yield(nil)
       compiled(41)
     end

     tp = TracePoint.new(:line) { itself }
     ractor.take
     tp.enable

     ractor.take
  #=> "" (expected "42")
#1787 test_yjit.rb:3159:
     class A
       def self.foo
         _foo = 1
         _bar = 2
         begin
           @bar = _foo + _bar
         rescue Ractor::IsolationError
           42
         end
       end
     end

     A.foo
     A.foo

     Ractor.new { A.foo }.take
  #=> "" (expected "42")
#1835 test_yjit.rb:3895:
     r = Ractor.new Ractor.current do |main|
       main << 1
       main << 2
       main << 3
       main << 4
       main << 5
       main << 6
       main << 7
       main << 8
       main << 9
       main << 10
     end

     a = []
     a << Ractor.receive_if{|msg| msg == 10}
     a << Ractor.receive_if{|msg| msg == 9}
     a << Ractor.receive_if{|msg| msg == 8}
     a << Ractor.receive_if{|msg| msg == 7}
     a << Ractor.receive_if{|msg| msg == 6}
     a << Ractor.receive_if{|msg| msg == 5}
     a << Ractor.receive_if{|msg| msg == 4}
   (...snip)
  #=> "" (expected "10")
test_yjit.rb              FAIL 7/360
test_yjit_30k_ifelse.rb   PASS 1
test_yjit_30k_methods.rb  PASS 1
#1987 test_yjit_rust_port.rb:349:
     Ractor.new{}.class
  #=> "" (expected "Ractor")
#1988 test_yjit_rust_port.rb:354:
     rs = []
     begin
       Ractor.allocate
     rescue => e
       rs << :ok if e.message == 'allocator undefined for Ractor'
     end

     begin
       Ractor.new{}.dup
     rescue
       rs << :ok if e.message == 'allocator undefined for Ractor'
     end

     rs
  #=> "" (expected "[:ok, :ok]")
#1989 test_yjit_rust_port.rb:372:
     # join
     r = Ractor.new do
       'ok'
     end
     r.take
  #=> "" (expected "ok")
#1990 test_yjit_rust_port.rb:382:
     # ping-pong with arg
     r = Ractor.new 'ok' do |msg|
       msg
     end
     r.take
  #=> "" (expected "ok")
#1991 test_yjit_rust_port.rb:391:
     # ping-pong with two args
     r =  Ractor.new 'ping', 'pong' do |msg, msg2|
       [msg, msg2]
     end
     'ok' if r.take == ['ping', 'pong']
  #=> "" (expected "ok")
#1992 test_yjit_rust_port.rb:401:
     r = Ractor.new do
       msg = Ractor.receive
     end
     r.send 'ok'
     r.take
  #=> "" (expected "ok")
test_yjit_rust_port.rb    FAIL 6/38

Finished in 3454.51 sec

FAIL 19/613 tests failed
