
root@cheribsd-riscv64-purecap:~/ruby-3.4.5/build # for i in ../bootstraptest/test*; do ./ruby --disa
ble=gems  "../bootstraptest/runner.rb" --ruby="./miniruby -I../lib -I. -I.ext/common  -r./riscv64-fr
eebsd-fake --disable-gems" $i; done
2025-07-22 12:59:31 +0000
Driver is ruby 3.4.5 (2025-07-22 revision 45951dd86f) +PRISM [riscv64-freebsd]
Target is ruby 3.4.5 (2025-07-22 revision 45951dd86f) +PRISM [riscv64-freebsd]
last_commit=exe cap in gc 2

test_attr.rb  PASS 3

Finished in 11.31 sec

PASS all 3 tests
2025-07-22 12:59:45 +0000
Driver is ruby 3.4.5 (2025-07-22 revision 45951dd86f) +PRISM [riscv64-freebsd]
Target is ruby 3.4.5 (2025-07-22 revision 45951dd86f) +PRISM [riscv64-freebsd]
last_commit=exe cap in gc 2

test_autoload.rb  PASS 8

Finished in 23.37 sec

PASS all 8 tests
2025-07-22 13:00:12 +0000
Driver is ruby 3.4.5 (2025-07-22 revision 45951dd86f) +PRISM [riscv64-freebsd]
Target is ruby 3.4.5 (2025-07-22 revision 45951dd86f) +PRISM [riscv64-freebsd]
last_commit=exe cap in gc 2

test_block.rb  PASS 58

Finished in 148.05 sec

PASS all 58 tests
2025-07-22 13:02:43 +0000
Driver is ruby 3.4.5 (2025-07-22 revision 45951dd86f) +PRISM [riscv64-freebsd]
Target is ruby 3.4.5 (2025-07-22 revision 45951dd86f) +PRISM [riscv64-freebsd]
last_commit=exe cap in gc 2

test_class.rb  PASS 48

Finished in 120.22 sec

PASS all 48 tests
2025-07-22 13:04:47 +0000
Driver is ruby 3.4.5 (2025-07-22 revision 45951dd86f) +PRISM [riscv64-freebsd]
Target is ruby 3.4.5 (2025-07-22 revision 45951dd86f) +PRISM [riscv64-freebsd]
last_commit=exe cap in gc 2

test_constant_cache.rb  PASS 10

Finished in 28.03 sec

PASS all 10 tests
2025-07-22 13:05:18 +0000
Driver is ruby 3.4.5 (2025-07-22 revision 45951dd86f) +PRISM [riscv64-freebsd]
Target is ruby 3.4.5 (2025-07-22 revision 45951dd86f) +PRISM [riscv64-freebsd]
last_commit=exe cap in gc 2

test_env.rb  PASS 2

Finished in 8.04 sec

PASS all 2 tests
2025-07-22 13:05:30 +0000
Driver is ruby 3.4.5 (2025-07-22 revision 45951dd86f) +PRISM [riscv64-freebsd]
Target is ruby 3.4.5 (2025-07-22 revision 45951dd86f) +PRISM [riscv64-freebsd]
last_commit=exe cap in gc 2

test_eval.rb  PASS 49

Finished in 217.21 sec

PASS all 49 tests
2025-07-22 13:09:10 +0000
Driver is ruby 3.4.5 (2025-07-22 revision 45951dd86f) +PRISM [riscv64-freebsd]
Target is ruby 3.4.5 (2025-07-22 revision 45951dd86f) +PRISM [riscv64-freebsd]
last_commit=exe cap in gc 2

test_exception.rb  PASS 34

Finished in 86.21 sec

PASS all 34 tests
2025-07-22 13:10:40 +0000
Driver is ruby 3.4.5 (2025-07-22 revision 45951dd86f) +PRISM [riscv64-freebsd]
Target is ruby 3.4.5 (2025-07-22 revision 45951dd86f) +PRISM [riscv64-freebsd]
last_commit=exe cap in gc 2

test_fiber.rb  PASS 6

Finished in 66.63 sec

Fiber count: 10000 (skipping)
PASS all 6 tests
2025-07-22 13:11:50 +0000
Driver is ruby 3.4.5 (2025-07-22 revision 45951dd86f) +PRISM [riscv64-freebsd]
Target is ruby 3.4.5 (2025-07-22 revision 45951dd86f) +PRISM [riscv64-freebsd]
last_commit=exe cap in gc 2

test_finalizer.rb  PASS 2

Finished in 8.08 sec

PASS all 2 tests
2025-07-22 13:12:01 +0000
Driver is ruby 3.4.5 (2025-07-22 revision 45951dd86f) +PRISM [riscv64-freebsd]
Target is ruby 3.4.5 (2025-07-22 revision 45951dd86f) +PRISM [riscv64-freebsd]
last_commit=exe cap in gc 2

test_flip.rb  PASS 1

Finished in 5.73 sec

PASS all 1 tests
2025-07-22 13:12:10 +0000
Driver is ruby 3.4.5 (2025-07-22 revision 45951dd86f) +PRISM [riscv64-freebsd]
Target is ruby 3.4.5 (2025-07-22 revision 45951dd86f) +PRISM [riscv64-freebsd]
last_commit=exe cap in gc 2

test_flow.rb  PASS 62

Finished in 153.64 sec

PASS all 62 tests
2025-07-22 13:14:47 +0000
Driver is ruby 3.4.5 (2025-07-22 revision 45951dd86f) +PRISM [riscv64-freebsd]
Target is ruby 3.4.5 (2025-07-22 revision 45951dd86f) +PRISM [riscv64-freebsd]
last_commit=exe cap in gc 2

#2 test_fork.rb:12:
     begin
       children = (1..10).map{
         Thread.start{fork{}}.value
       }
       while !children.empty? and pid = Process.wait
         children.delete(pid)
       end
     rescue NotImplementedError
     end
  #=> not finished in 10 seconds  [ruby-core:22158]
#5 test_fork.rb:78:
     def now = Process.clock_gettime(Process::CLOCK_MONOTONIC)

     Thread.new do
       loop { sleep 0.0001 }
     end

     10.times do
       pid = fork{ exit!(0) }
       deadline = now + 10
       until Process.waitpid(pid, Process::WNOHANG)
         if now > deadline
           Process.kill(:KILL, pid)
           raise "failed"
         end
         sleep 0.001
       end
     rescue NotImplementedError
     end
     :ok
  #=> "" (expected "ok")  [Bug #20670]
stderr output is not empty
   bootstraptest.test_fork.rb_78_5.rb:16:in 'block in <main>': failed (RuntimeError)
           from <internal:numeric>:257:in 'Integer#times'
           from bootstraptest.test_fork.rb_78_5.rb:10:in '<main>'
test_fork.rb  FAIL 2/5

Finished in 44.50 sec

FAIL 2/5 tests failed
2025-07-22 13:15:35 +0000
Driver is ruby 3.4.5 (2025-07-22 revision 45951dd86f) +PRISM [riscv64-freebsd]
Target is ruby 3.4.5 (2025-07-22 revision 45951dd86f) +PRISM [riscv64-freebsd]
last_commit=exe cap in gc 2

test_gc.rb  PASS 2

Finished in 714.70 sec

PASS all 2 tests
2025-07-22 13:27:32 +0000
Driver is ruby 3.4.5 (2025-07-22 revision 45951dd86f) +PRISM [riscv64-freebsd]
Target is ruby 3.4.5 (2025-07-22 revision 45951dd86f) +PRISM [riscv64-freebsd]
last_commit=exe cap in gc 2

test_insns.rb  PASS 393

Finished in 978.13 sec

PASS all 393 tests
2025-07-22 13:43:55 +0000
Driver is ruby 3.4.5 (2025-07-22 revision 45951dd86f) +PRISM [riscv64-freebsd]
Target is ruby 3.4.5 (2025-07-22 revision 45951dd86f) +PRISM [riscv64-freebsd]
last_commit=exe cap in gc 2

test_io.rb  PASS 6

Finished in 22.03 sec

PASS all 6 tests
2025-07-22 13:44:20 +0000
Driver is ruby 3.4.5 (2025-07-22 revision 45951dd86f) +PRISM [riscv64-freebsd]
Target is ruby 3.4.5 (2025-07-22 revision 45951dd86f) +PRISM [riscv64-freebsd]
last_commit=exe cap in gc 2

test_jump.rb  PASS 29

Finished in 72.62 sec

PASS all 29 tests
2025-07-22 13:45:36 +0000
Driver is ruby 3.4.5 (2025-07-22 revision 45951dd86f) +PRISM [riscv64-freebsd]
Target is ruby 3.4.5 (2025-07-22 revision 45951dd86f) +PRISM [riscv64-freebsd]
last_commit=exe cap in gc 2

test_literal.rb  PASS 157

Finished in 398.88 sec

PASS all 157 tests
2025-07-22 13:52:19 +0000
Driver is ruby 3.4.5 (2025-07-22 revision 45951dd86f) +PRISM [riscv64-freebsd]
Target is ruby 3.4.5 (2025-07-22 revision 45951dd86f) +PRISM [riscv64-freebsd]
last_commit=exe cap in gc 2

test_literal_suffix.rb  PASS 48

Finished in 117.93 sec

PASS all 48 tests
2025-07-22 13:54:20 +0000
Driver is ruby 3.4.5 (2025-07-22 revision 45951dd86f) +PRISM [riscv64-freebsd]
Target is ruby 3.4.5 (2025-07-22 revision 45951dd86f) +PRISM [riscv64-freebsd]
last_commit=exe cap in gc 2

test_load.rb  PASS 2

Finished in 8.37 sec

PASS all 2 tests
2025-07-22 13:54:31 +0000
Driver is ruby 3.4.5 (2025-07-22 revision 45951dd86f) +PRISM [riscv64-freebsd]
Target is ruby 3.4.5 (2025-07-22 revision 45951dd86f) +PRISM [riscv64-freebsd]
last_commit=exe cap in gc 2

test_marshal.rb  PASS 1

Finished in 5.64 sec

PASS all 1 tests
2025-07-22 13:54:40 +0000
Driver is ruby 3.4.5 (2025-07-22 revision 45951dd86f) +PRISM [riscv64-freebsd]
Target is ruby 3.4.5 (2025-07-22 revision 45951dd86f) +PRISM [riscv64-freebsd]
last_commit=exe cap in gc 2

test_massign.rb  PASS 34

Finished in 91.87 sec

PASS all 34 tests
2025-07-22 13:56:15 +0000
Driver is ruby 3.4.5 (2025-07-22 revision 45951dd86f) +PRISM [riscv64-freebsd]
Target is ruby 3.4.5 (2025-07-22 revision 45951dd86f) +PRISM [riscv64-freebsd]
last_commit=exe cap in gc 2

test_method.rb  PASS 248

Finished in 684.73 sec

PASS all 248 tests
2025-07-22 14:07:44 +0000
Driver is ruby 3.4.5 (2025-07-22 revision 45951dd86f) +PRISM [riscv64-freebsd]
Target is ruby 3.4.5 (2025-07-22 revision 45951dd86f) +PRISM [riscv64-freebsd]
last_commit=exe cap in gc 2

test_objectspace.rb  PASS 6

Finished in 22.39 sec

PASS all 6 tests
2025-07-22 14:08:10 +0000
Driver is ruby 3.4.5 (2025-07-22 revision 45951dd86f) +PRISM [riscv64-freebsd]
Target is ruby 3.4.5 (2025-07-22 revision 45951dd86f) +PRISM [riscv64-freebsd]
last_commit=exe cap in gc 2

test_proc.rb  PASS 37

Finished in 108.88 sec

PASS all 37 tests
2025-07-22 14:10:02 +0000
Driver is ruby 3.4.5 (2025-07-22 revision 45951dd86f) +PRISM [riscv64-freebsd]
Target is ruby 3.4.5 (2025-07-22 revision 45951dd86f) +PRISM [riscv64-freebsd]
last_commit=exe cap in gc 2

test_ractor.rb  PASS 119

Finished in 609.96 sec

PASS all 119 tests
2025-07-22 14:20:16 +0000
Driver is ruby 3.4.5 (2025-07-22 revision 45951dd86f) +PRISM [riscv64-freebsd]
Target is ruby 3.4.5 (2025-07-22 revision 45951dd86f) +PRISM [riscv64-freebsd]
last_commit=exe cap in gc 2

test_rjit.rb  PASS 7

Finished in 20.34 sec

PASS all 7 tests
2025-07-22 14:20:39 +0000
Driver is ruby 3.4.5 (2025-07-22 revision 45951dd86f) +PRISM [riscv64-freebsd]
Target is ruby 3.4.5 (2025-07-22 revision 45951dd86f) +PRISM [riscv64-freebsd]
last_commit=exe cap in gc 2

test_string.rb  PASS 1

Finished in 5.63 sec

PASS all 1 tests
2025-07-22 14:20:48 +0000
Driver is ruby 3.4.5 (2025-07-22 revision 45951dd86f) +PRISM [riscv64-freebsd]
Target is ruby 3.4.5 (2025-07-22 revision 45951dd86f) +PRISM [riscv64-freebsd]
last_commit=exe cap in gc 2

test_struct.rb  PASS 1

Finished in 5.64 sec

PASS all 1 tests
2025-07-22 14:20:57 +0000
Driver is ruby 3.4.5 (2025-07-22 revision 45951dd86f) +PRISM [riscv64-freebsd]
Target is ruby 3.4.5 (2025-07-22 revision 45951dd86f) +PRISM [riscv64-freebsd]
last_commit=exe cap in gc 2

test_syntax.rb  PASS 164

Finished in 409.53 sec

PASS all 164 tests
2025-07-22 14:27:50 +0000
Driver is ruby 3.4.5 (2025-07-22 revision 45951dd86f) +PRISM [riscv64-freebsd]
Target is ruby 3.4.5 (2025-07-22 revision 45951dd86f) +PRISM [riscv64-freebsd]
last_commit=exe cap in gc 2

#47 test_thread.rb:449:
     require 'thread'

     lock = Thread::Mutex.new
     cond = Thread::ConditionVariable.new
     t = Thread.new do
       lock.synchronize do
         cond.wait(lock)
       end
     end

     begin
       pid = fork do
         # Child
         STDOUT.write "This is the child process.\n"
         STDOUT.write "Child process exiting.\n"
       end
       Process.waitpid(pid)
     rescue NotImplementedError
     end
  #=> not finished in 3 seconds  [ruby-core:23572]
test_thread.rb  FAIL 1/50

Finished in 733.43 sec

FAIL 1/50 tests failed
2025-07-22 14:40:07 +0000
Driver is ruby 3.4.5 (2025-07-22 revision 45951dd86f) +PRISM [riscv64-freebsd]
Target is ruby 3.4.5 (2025-07-22 revision 45951dd86f) +PRISM [riscv64-freebsd]
last_commit=exe cap in gc 2

test_yjit.rb  PASS 360

Finished in 1008.56 sec

PASS all 360 tests
2025-07-22 14:57:00 +0000
Driver is ruby 3.4.5 (2025-07-22 revision 45951dd86f) +PRISM [riscv64-freebsd]
Target is ruby 3.4.5 (2025-07-22 revision 45951dd86f) +PRISM [riscv64-freebsd]
last_commit=exe cap in gc 2

test_yjit_30k_ifelse.rb  PASS 1

Finished in 229.63 sec

PASS all 1 tests
2025-07-22 15:00:53 +0000
Driver is ruby 3.4.5 (2025-07-22 revision 45951dd86f) +PRISM [riscv64-freebsd]
Target is ruby 3.4.5 (2025-07-22 revision 45951dd86f) +PRISM [riscv64-freebsd]
last_commit=exe cap in gc 2

test_yjit_30k_methods.rb  PASS 1

Finished in 477.95 sec

PASS all 1 tests
2025-07-22 15:08:54 +0000
Driver is ruby 3.4.5 (2025-07-22 revision 45951dd86f) +PRISM [riscv64-freebsd]
Target is ruby 3.4.5 (2025-07-22 revision 45951dd86f) +PRISM [riscv64-freebsd]
last_commit=exe cap in gc 2

test_yjit_rust_port.rb  PASS 38

Finished in 95.08 sec

PASS all 38 tests
root@cheribsd-riscv64-purecap:~/ruby-3.4.5/build #
