../compile.c:13585:30: warning: format specifies type 'unsigned long' but the argument has type 'VALUE' (aka 'unsigned __intcap') [-Wformat]
../gc/default/default.c:1960:88: warning: format specifies type 'unsigned long' but the argument has type 'unsigned __intcap __attribute__((cheri_no_provenance))' [-Wformat]
../gc/default/default.c:6085:94: warning: format specifies type 'unsigned long' but the argument has type 'VALUE' (aka 'unsigned __intcap') [-Wformat]
../gc/default/default.c:6086:94: warning: format specifies type 'unsigned long' but the argument has type 'VALUE' (aka 'unsigned __intcap') [-Wformat]
../gc.c:1448:9: warning: format specifies type 'unsigned long' but the argument has type 'VALUE __attribute__((cheri_no_provenance))' (aka 'unsigned __intcap') [-Wformat]
../gc.c:1472:47: warning: format specifies type 'unsigned long' but the argument has type 'VALUE __attribute__((cheri_no_provenance))' (aka 'unsigned __intcap') [-Wformat]
../gc.c:1498:13: warning: format specifies type 'unsigned long' but the argument has type 'VALUE __attribute__((cheri_no_provenance))' (aka 'unsigned __intcap') [-Wformat]
../gc.c:2023:9: warning: format specifies type 'unsigned long' but the argument has type 'VALUE __attribute__((cheri_no_provenance))' (aka 'unsigned __intcap') [-Wformat]
../gc.c:2693:9: warning: format specifies type 'unsigned long' but the argument has type 'VALUE __attribute__((cheri_no_provenance))' (aka 'unsigned __intcap') [-Wformat]
../gc.c:4154:13: warning: format specifies type 'unsigned long' but the argument has type 'VALUE __attribute__((cheri_no_provenance))' (aka 'unsigned __intcap') [-Wformat]
../iseq.c:2407:40: warning: format specifies type 'long' but the argument has type 'VALUE' (aka 'unsigned __intcap') [-Wformat]
../iseq.c:2435:40: warning: format specifies type 'unsigned long' but the argument has type 'VALUE' (aka 'unsigned __intcap') [-Wformat]
../iseq.c:2823:30: warning: format specifies type 'long' but the argument has type 'VALUE' (aka 'unsigned __intcap') [-Wformat]
../marshal.c:471:75: warning: format specifies type 'long' but the argument has type 'VALUE' (aka 'unsigned __intcap') [-Wformat]
../symbol.c:150:46: warning: format specifies type 'unsigned long' but the argument has type 'VALUE' (aka 'unsigned __intcap') [-Wformat]
../symbol.c:169:66: warning: format specifies type 'unsigned long' but the argument has type 'VALUE' (aka 'unsigned __intcap') [-Wformat]
../symbol.c:530:31: warning: format specifies type 'unsigned long' but the argument has type 'VALUE' (aka 'unsigned __intcap') [-Wformat]
../symbol.c:709:48: warning: format specifies type 'unsigned long' but the argument has type 'VALUE' (aka 'unsigned __intcap') [-Wformat]
../thread.c:766:28: warning: format specifies type 'unsigned long' but the argument has type 'VALUE' (aka 'unsigned __intcap') [-Wformat]
../vm_exec.c:105:5: warning: format specifies type 'long' but the argument has type 'VALUE' (aka 'unsigned __intcap') [-Wformat]
../vm_eval.c:789:45: warning: format specifies type 'unsigned long' but the argument has type 'VALUE' (aka 'unsigned __intcap') [-Wformat]
../vm_eval.c:795:48: warning: format specifies type 'unsigned long' but the argument has type 'VALUE' (aka 'unsigned __intcap') [-Wformat]
../vm_eval.c:801:48: warning: format specifies type 'unsigned long' but the argument has type 'VALUE' (aka 'unsigned __intcap') [-Wformat]
../vm_dump.c:262:53: warning: format specifies type 'unsigned long' but the argument has type 'VALUE' (aka 'unsigned __intcap') [-Wformat]
../../../../../ext/-test-/st/foreach/foreach.c:27:72: warning: format specifies type 'unsigned long' but the argument has type 'VALUE' (aka 'unsigned __intcap') [-Wformat]
../../../../../ext/-test-/st/foreach/foreach.c:27:84: warning: format specifies type 'unsigned long' but the argument has type 'VALUE' (aka 'unsigned __intcap') [-Wformat]
../../../../../ext/-test-/st/foreach/foreach.c:30:72: warning: format specifies type 'unsigned long' but the argument has type 'VALUE' (aka 'unsigned __intcap') [-Wformat]
../../../../../ext/-test-/st/foreach/foreach.c:30:84: warning: format specifies type 'unsigned long' but the argument has type 'VALUE' (aka 'unsigned __intcap') [-Wformat]
../../../../../ext/-test-/st/foreach/foreach.c:66:79: warning: format specifies type 'unsigned long' but the argument has type 'VALUE' (aka 'unsigned __intcap') [-Wformat]
../../../../../ext/-test-/st/foreach/foreach.c:93:71: warning: format specifies type 'unsigned long' but the argument has type 'VALUE' (aka 'unsigned __intcap') [-Wformat]
../../../../../ext/-test-/st/foreach/foreach.c:98:17: warning: format specifies type 'unsigned long' but the argument has type 'VALUE' (aka 'unsigned __intcap') [-Wformat]
../../../../../ext/-test-/st/foreach/foreach.c:98:30: warning: format specifies type 'unsigned long' but the argument has type 'VALUE' (aka 'unsigned __intcap') [-Wformat]
../../../../../ext/-test-/st/foreach/foreach.c:126:79: warning: format specifies type 'unsigned long' but the argument has type 'VALUE' (aka 'unsigned __intcap') [-Wformat]
../../../../../ext/-test-/st/foreach/foreach.c:154:71: warning: format specifies type 'unsigned long' but the argument has type 'VALUE' (aka 'unsigned __intcap') [-Wformat]
../../../../../ext/-test-/st/foreach/foreach.c:159:17: warning: format specifies type 'unsigned long' but the argument has type 'VALUE' (aka 'unsigned __intcap') [-Wformat]
../../../../../ext/-test-/st/foreach/foreach.c:159:30: warning: format specifies type 'unsigned long' but the argument has type 'VALUE' (aka 'unsigned __intcap') [-Wformat]
