memory_view.o                           y133.gdb
root@cheribsd-riscv64-purecap:~/ruby-3.4.1/build # ./btallnorevoke.sh
2025-06-13 10:57:52 +0000
Driver is ruby 3.4.1 (2025-06-06 revision d5918fefba) +PRISM [riscv64-freebsd]
Target is ruby 3.4.1 (2025-06-06 revision d5918fefba) +PRISM [riscv64-freebsd]

test_attr.rb  PASS 3

Finished in 10.05 sec

PASS all 3 tests
2025-06-13 10:58:05 +0000
Driver is ruby 3.4.1 (2025-06-06 revision d5918fefba) +PRISM [riscv64-freebsd]
Target is ruby 3.4.1 (2025-06-06 revision d5918fefba) +PRISM [riscv64-freebsd]

test_autoload.rb  PASS 8

Finished in 20.26 sec

PASS all 8 tests
2025-06-13 10:58:28 +0000
Driver is ruby 3.4.1 (2025-06-06 revision d5918fefba) +PRISM [riscv64-freebsd]
Target is ruby 3.4.1 (2025-06-06 revision d5918fefba) +PRISM [riscv64-freebsd]

test_block.rb  PASS 58

Finished in 131.74 sec

PASS all 58 tests
2025-06-13 11:00:42 +0000
Driver is ruby 3.4.1 (2025-06-06 revision d5918fefba) +PRISM [riscv64-freebsd]
Target is ruby 3.4.1 (2025-06-06 revision d5918fefba) +PRISM [riscv64-freebsd]

test_class.rb  PASS 48

Finished in 107.83 sec

PASS all 48 tests
2025-06-13 11:02:33 +0000
Driver is ruby 3.4.1 (2025-06-06 revision d5918fefba) +PRISM [riscv64-freebsd]
Target is ruby 3.4.1 (2025-06-06 revision d5918fefba) +PRISM [riscv64-freebsd]

test_constant_cache.rb  PASS 10

Finished in 24.55 sec

PASS all 10 tests
2025-06-13 11:03:00 +0000
Driver is ruby 3.4.1 (2025-06-06 revision d5918fefba) +PRISM [riscv64-freebsd]
Target is ruby 3.4.1 (2025-06-06 revision d5918fefba) +PRISM [riscv64-freebsd]

test_env.rb  PASS 2

Finished in 6.88 sec

PASS all 2 tests
2025-06-13 11:03:09 +0000
Driver is ruby 3.4.1 (2025-06-06 revision d5918fefba) +PRISM [riscv64-freebsd]
Target is ruby 3.4.1 (2025-06-06 revision d5918fefba) +PRISM [riscv64-freebsd]

test_eval.rb  PASS 49

Finished in 202.78 sec

PASS all 49 tests
2025-06-13 11:06:35 +0000
Driver is ruby 3.4.1 (2025-06-06 revision d5918fefba) +PRISM [riscv64-freebsd]
Target is ruby 3.4.1 (2025-06-06 revision d5918fefba) +PRISM [riscv64-freebsd]

test_exception.rb  PASS 34

Finished in 79.02 sec

PASS all 34 tests
2025-06-13 11:07:57 +0000
Driver is ruby 3.4.1 (2025-06-06 revision d5918fefba) +PRISM [riscv64-freebsd]
Target is ruby 3.4.1 (2025-06-06 revision d5918fefba) +PRISM [riscv64-freebsd]

test_fiber.rb  PASS 6

Finished in 56.33 sec

Fiber count: 10000 (skipping)
PASS all 6 tests
2025-06-13 11:08:56 +0000
Driver is ruby 3.4.1 (2025-06-06 revision d5918fefba) +PRISM [riscv64-freebsd]
Target is ruby 3.4.1 (2025-06-06 revision d5918fefba) +PRISM [riscv64-freebsd]

test_finalizer.rb  PASS 2

Finished in 6.87 sec

PASS all 2 tests
2025-06-13 11:09:05 +0000
Driver is ruby 3.4.1 (2025-06-06 revision d5918fefba) +PRISM [riscv64-freebsd]
Target is ruby 3.4.1 (2025-06-06 revision d5918fefba) +PRISM [riscv64-freebsd]

test_flip.rb  PASS 1

Finished in 4.77 sec

PASS all 1 tests
2025-06-13 11:09:12 +0000
Driver is ruby 3.4.1 (2025-06-06 revision d5918fefba) +PRISM [riscv64-freebsd]
Target is ruby 3.4.1 (2025-06-06 revision d5918fefba) +PRISM [riscv64-freebsd]

test_flow.rb  PASS 62

Finished in 139.83 sec

PASS all 62 tests
2025-06-13 11:11:35 +0000
Driver is ruby 3.4.1 (2025-06-06 revision d5918fefba) +PRISM [riscv64-freebsd]
Target is ruby 3.4.1 (2025-06-06 revision d5918fefba) +PRISM [riscv64-freebsd]

test_fork.rb  PASS 5

Finished in 28.46 sec

PASS all 5 tests
2025-06-13 11:12:06 +0000
Driver is ruby 3.4.1 (2025-06-06 revision d5918fefba) +PRISM [riscv64-freebsd]
Target is ruby 3.4.1 (2025-06-06 revision d5918fefba) +PRISM [riscv64-freebsd]

test_gc.rb  PASS 2

Finished in 732.28 sec

PASS all 2 tests
2025-06-13 11:24:21 +0000
Driver is ruby 3.4.1 (2025-06-06 revision d5918fefba) +PRISM [riscv64-freebsd]
Target is ruby 3.4.1 (2025-06-06 revision d5918fefba) +PRISM [riscv64-freebsd]

test_insns.rb  PASS 393

Finished in 875.89 sec

PASS all 393 tests
2025-06-13 11:39:01 +0000
Driver is ruby 3.4.1 (2025-06-06 revision d5918fefba) +PRISM [riscv64-freebsd]
Target is ruby 3.4.1 (2025-06-06 revision d5918fefba) +PRISM [riscv64-freebsd]

test_io.rb  PASS 6

Finished in 18.56 sec

PASS all 6 tests
2025-06-13 11:39:22 +0000
Driver is ruby 3.4.1 (2025-06-06 revision d5918fefba) +PRISM [riscv64-freebsd]
Target is ruby 3.4.1 (2025-06-06 revision d5918fefba) +PRISM [riscv64-freebsd]

test_jump.rb  PASS 29

Finished in 65.41 sec

PASS all 29 tests
2025-06-13 11:40:30 +0000
Driver is ruby 3.4.1 (2025-06-06 revision d5918fefba) +PRISM [riscv64-freebsd]
Target is ruby 3.4.1 (2025-06-06 revision d5918fefba) +PRISM [riscv64-freebsd]

test_literal.rb  PASS 157

Finished in 362.47 sec

PASS all 157 tests
2025-06-13 11:46:36 +0000
Driver is ruby 3.4.1 (2025-06-06 revision d5918fefba) +PRISM [riscv64-freebsd]
Target is ruby 3.4.1 (2025-06-06 revision d5918fefba) +PRISM [riscv64-freebsd]

test_literal_suffix.rb  PASS 48

Finished in 106.35 sec

PASS all 48 tests
2025-06-13 11:48:25 +0000
Driver is ruby 3.4.1 (2025-06-06 revision d5918fefba) +PRISM [riscv64-freebsd]
Target is ruby 3.4.1 (2025-06-06 revision d5918fefba) +PRISM [riscv64-freebsd]

test_load.rb  PASS 2

Finished in 7.05 sec

PASS all 2 tests
2025-06-13 11:48:35 +0000
Driver is ruby 3.4.1 (2025-06-06 revision d5918fefba) +PRISM [riscv64-freebsd]
Target is ruby 3.4.1 (2025-06-06 revision d5918fefba) +PRISM [riscv64-freebsd]

test_marshal.rb  PASS 1

Finished in 4.71 sec

PASS all 1 tests
2025-06-13 11:48:42 +0000
Driver is ruby 3.4.1 (2025-06-06 revision d5918fefba) +PRISM [riscv64-freebsd]
Target is ruby 3.4.1 (2025-06-06 revision d5918fefba) +PRISM [riscv64-freebsd]

test_massign.rb  PASS 34

Finished in 82.97 sec

PASS all 34 tests
2025-06-13 11:50:08 +0000
Driver is ruby 3.4.1 (2025-06-06 revision d5918fefba) +PRISM [riscv64-freebsd]
Target is ruby 3.4.1 (2025-06-06 revision d5918fefba) +PRISM [riscv64-freebsd]

test_method.rb  PASS 247

Finished in 638.32 sec

PASS all 247 tests
2025-06-13 12:00:50 +0000
Driver is ruby 3.4.1 (2025-06-06 revision d5918fefba) +PRISM [riscv64-freebsd]
Target is ruby 3.4.1 (2025-06-06 revision d5918fefba) +PRISM [riscv64-freebsd]

test_objectspace.rb  PASS 6

Finished in 20.22 sec

PASS all 6 tests
2025-06-13 12:01:12 +0000
Driver is ruby 3.4.1 (2025-06-06 revision d5918fefba) +PRISM [riscv64-freebsd]
Target is ruby 3.4.1 (2025-06-06 revision d5918fefba) +PRISM [riscv64-freebsd]

test_proc.rb  PASS 37

Finished in 100.11 sec

PASS all 37 tests
2025-06-13 12:02:55 +0000
Driver is ruby 3.4.1 (2025-06-06 revision d5918fefba) +PRISM [riscv64-freebsd]
Target is ruby 3.4.1 (2025-06-06 revision d5918fefba) +PRISM [riscv64-freebsd]

test_ractor.rb  PASS 119

Finished in 2902.88 sec

PASS all 119 tests
2025-06-13 12:51:22 +0000
Driver is ruby 3.4.1 (2025-06-06 revision d5918fefba) +PRISM [riscv64-freebsd]
Target is ruby 3.4.1 (2025-06-06 revision d5918fefba) +PRISM [riscv64-freebsd]

test_rjit.rb  PASS 7

Finished in 19.33 sec

PASS all 7 tests
2025-06-13 12:51:44 +0000
Driver is ruby 3.4.1 (2025-06-06 revision d5918fefba) +PRISM [riscv64-freebsd]
Target is ruby 3.4.1 (2025-06-06 revision d5918fefba) +PRISM [riscv64-freebsd]

test_string.rb  PASS 1

Finished in 5.04 sec

PASS all 1 tests
2025-06-13 12:51:51 +0000
Driver is ruby 3.4.1 (2025-06-06 revision d5918fefba) +PRISM [riscv64-freebsd]
Target is ruby 3.4.1 (2025-06-06 revision d5918fefba) +PRISM [riscv64-freebsd]

test_struct.rb  PASS 1

Finished in 5.10 sec

PASS all 1 tests
2025-06-13 12:51:59 +0000
Driver is ruby 3.4.1 (2025-06-06 revision d5918fefba) +PRISM [riscv64-freebsd]
Target is ruby 3.4.1 (2025-06-06 revision d5918fefba) +PRISM [riscv64-freebsd]

test_syntax.rb  PASS 164

Finished in 372.89 sec

PASS all 164 tests
2025-06-13 12:58:15 +0000
Driver is ruby 3.4.1 (2025-06-06 revision d5918fefba) +PRISM [riscv64-freebsd]
Target is ruby 3.4.1 (2025-06-06 revision d5918fefba) +PRISM [riscv64-freebsd]

test_thread.rb  PASS 50

Finished in 440.57 sec

PASS all 50 tests
2025-06-13 13:05:39 +0000
Driver is ruby 3.4.1 (2025-06-06 revision d5918fefba) +PRISM [riscv64-freebsd]
Target is ruby 3.4.1 (2025-06-06 revision d5918fefba) +PRISM [riscv64-freebsd]

test_yjit.rb  PASS 355

Finished in 902.19 sec

PASS all 355 tests
2025-06-13 13:20:45 +0000
Driver is ruby 3.4.1 (2025-06-06 revision d5918fefba) +PRISM [riscv64-freebsd]
Target is ruby 3.4.1 (2025-06-06 revision d5918fefba) +PRISM [riscv64-freebsd]

test_yjit_30k_ifelse.rb  PASS 1

Finished in 180.66 sec

PASS all 1 tests
2025-06-13 13:23:48 +0000
Driver is ruby 3.4.1 (2025-06-06 revision d5918fefba) +PRISM [riscv64-freebsd]
Target is ruby 3.4.1 (2025-06-06 revision d5918fefba) +PRISM [riscv64-freebsd]

test_yjit_30k_methods.rb  PASS 1

Finished in 459.83 sec

PASS all 1 tests
2025-06-13 13:31:31 +0000
Driver is ruby 3.4.1 (2025-06-06 revision d5918fefba) +PRISM [riscv64-freebsd]
Target is ruby 3.4.1 (2025-06-06 revision d5918fefba) +PRISM [riscv64-freebsd]

test_yjit_rust_port.rb  PASS 38

Finished in 88.95 sec

PASS all 38 tests
root@cheribsd-riscv64-purecap:~/ruby-3.4.1/build #
