root@cheribsd-riscv64-purecap:~/ruby-3.4.1/build # ./btallnorevoke.sh
2025-06-07 15:03:55 +0000
Driver is ruby 3.4.1 (2025-06-07 revision 22cd8852eb) +PRISM [riscv64-freebsd]
Target is ruby 3.4.1 (2025-06-07 revision 22cd8852eb) +PRISM [riscv64-freebsd]

test_attr.rb  PASS 3

Finished in 10.09 sec

PASS all 3 tests
2025-06-07 15:04:08 +0000
Driver is ruby 3.4.1 (2025-06-07 revision 22cd8852eb) +PRISM [riscv64-freebsd]
Target is ruby 3.4.1 (2025-06-07 revision 22cd8852eb) +PRISM [riscv64-freebsd]

test_autoload.rb  PASS 8

Finished in 20.22 sec

PASS all 8 tests
2025-06-07 15:04:30 +0000
Driver is ruby 3.4.1 (2025-06-07 revision 22cd8852eb) +PRISM [riscv64-freebsd]
Target is ruby 3.4.1 (2025-06-07 revision 22cd8852eb) +PRISM [riscv64-freebsd]

test_block.rb  PASS 58

Finished in 132.17 sec

PASS all 58 tests
2025-06-07 15:06:45 +0000
Driver is ruby 3.4.1 (2025-06-07 revision 22cd8852eb) +PRISM [riscv64-freebsd]
Target is ruby 3.4.1 (2025-06-07 revision 22cd8852eb) +PRISM [riscv64-freebsd]

test_class.rb  PASS 48

Finished in 106.68 sec

PASS all 48 tests
2025-06-07 15:08:35 +0000
Driver is ruby 3.4.1 (2025-06-07 revision 22cd8852eb) +PRISM [riscv64-freebsd]
Target is ruby 3.4.1 (2025-06-07 revision 22cd8852eb) +PRISM [riscv64-freebsd]

test_constant_cache.rb  PASS 10

Finished in 24.52 sec

PASS all 10 tests
2025-06-07 15:09:02 +0000
Driver is ruby 3.4.1 (2025-06-07 revision 22cd8852eb) +PRISM [riscv64-freebsd]
Target is ruby 3.4.1 (2025-06-07 revision 22cd8852eb) +PRISM [riscv64-freebsd]

test_env.rb  PASS 2

Finished in 6.90 sec

PASS all 2 tests
2025-06-07 15:09:11 +0000
Driver is ruby 3.4.1 (2025-06-07 revision 22cd8852eb) +PRISM [riscv64-freebsd]
Target is ruby 3.4.1 (2025-06-07 revision 22cd8852eb) +PRISM [riscv64-freebsd]

test_eval.rb  PASS 49

Finished in 202.49 sec

PASS all 49 tests
2025-06-07 15:12:37 +0000
Driver is ruby 3.4.1 (2025-06-07 revision 22cd8852eb) +PRISM [riscv64-freebsd]
Target is ruby 3.4.1 (2025-06-07 revision 22cd8852eb) +PRISM [riscv64-freebsd]

test_exception.rb  PASS 34

Finished in 76.43 sec

PASS all 34 tests
2025-06-07 15:13:56 +0000
Driver is ruby 3.4.1 (2025-06-07 revision 22cd8852eb) +PRISM [riscv64-freebsd]
Target is ruby 3.4.1 (2025-06-07 revision 22cd8852eb) +PRISM [riscv64-freebsd]

test_fiber.rb  PASS 6

Finished in 56.42 sec

Fiber count: 10000 (skipping)
PASS all 6 tests
2025-06-07 15:14:55 +0000
Driver is ruby 3.4.1 (2025-06-07 revision 22cd8852eb) +PRISM [riscv64-freebsd]
Target is ruby 3.4.1 (2025-06-07 revision 22cd8852eb) +PRISM [riscv64-freebsd]

test_finalizer.rb  PASS 2

Finished in 6.90 sec

PASS all 2 tests
2025-06-07 15:15:04 +0000
Driver is ruby 3.4.1 (2025-06-07 revision 22cd8852eb) +PRISM [riscv64-freebsd]
Target is ruby 3.4.1 (2025-06-07 revision 22cd8852eb) +PRISM [riscv64-freebsd]

test_flip.rb  PASS 1

Finished in 4.76 sec

PASS all 1 tests
2025-06-07 15:15:12 +0000
Driver is ruby 3.4.1 (2025-06-07 revision 22cd8852eb) +PRISM [riscv64-freebsd]
Target is ruby 3.4.1 (2025-06-07 revision 22cd8852eb) +PRISM [riscv64-freebsd]

test_flow.rb  PASS 62

Finished in 136.80 sec

PASS all 62 tests
2025-06-07 15:17:31 +0000
Driver is ruby 3.4.1 (2025-06-07 revision 22cd8852eb) +PRISM [riscv64-freebsd]
Target is ruby 3.4.1 (2025-06-07 revision 22cd8852eb) +PRISM [riscv64-freebsd]

#5 test_fork.rb:78:
     def now = Process.clock_gettime(Process::CLOCK_MONOTONIC)

     Thread.new do
       loop { sleep 0.0001 }
     end

     10.times do
       pid = fork{ exit!(0) }
       deadline = now + 10
       until Process.waitpid(pid, Process::WNOHANG)
         if now > deadline
           Process.kill(:KILL, pid)
           raise "failed"
         end
         sleep 0.001
       end
     rescue NotImplementedError
     end
     :ok
  #=> "" (expected "ok")  [Bug #20670]
stderr output is not empty
   bootstraptest.test_fork.rb_78_5.rb:16:in 'block in <main>': failed (RuntimeError)
           from <internal:numeric>:257:in 'Integer#times'
           from bootstraptest.test_fork.rb_78_5.rb:10:in '<main>'
test_fork.rb  FAIL 1/5

Finished in 34.71 sec

FAIL 1/5 tests failed
2025-06-07 15:18:09 +0000
Driver is ruby 3.4.1 (2025-06-07 revision 22cd8852eb) +PRISM [riscv64-freebsd]
Target is ruby 3.4.1 (2025-06-07 revision 22cd8852eb) +PRISM [riscv64-freebsd]

test_gc.rb  PASS 2

Finished in 732.16 sec

PASS all 2 tests
2025-06-07 15:30:23 +0000
Driver is ruby 3.4.1 (2025-06-07 revision 22cd8852eb) +PRISM [riscv64-freebsd]
Target is ruby 3.4.1 (2025-06-07 revision 22cd8852eb) +PRISM [riscv64-freebsd]

test_insns.rb  PASS 393

Finished in 864.34 sec

PASS all 393 tests
2025-06-07 15:44:52 +0000
Driver is ruby 3.4.1 (2025-06-07 revision 22cd8852eb) +PRISM [riscv64-freebsd]
Target is ruby 3.4.1 (2025-06-07 revision 22cd8852eb) +PRISM [riscv64-freebsd]

test_io.rb  PASS 6

Finished in 18.47 sec

PASS all 6 tests
2025-06-07 15:45:13 +0000
Driver is ruby 3.4.1 (2025-06-07 revision 22cd8852eb) +PRISM [riscv64-freebsd]
Target is ruby 3.4.1 (2025-06-07 revision 22cd8852eb) +PRISM [riscv64-freebsd]

test_jump.rb  PASS 29

Finished in 65.42 sec

PASS all 29 tests
2025-06-07 15:46:21 +0000
Driver is ruby 3.4.1 (2025-06-07 revision 22cd8852eb) +PRISM [riscv64-freebsd]
Target is ruby 3.4.1 (2025-06-07 revision 22cd8852eb) +PRISM [riscv64-freebsd]

test_literal.rb  PASS 157

Finished in 358.80 sec

PASS all 157 tests
2025-06-07 15:52:23 +0000
Driver is ruby 3.4.1 (2025-06-07 revision 22cd8852eb) +PRISM [riscv64-freebsd]
Target is ruby 3.4.1 (2025-06-07 revision 22cd8852eb) +PRISM [riscv64-freebsd]

test_literal_suffix.rb  PASS 48

Finished in 106.23 sec

PASS all 48 tests
2025-06-07 15:54:12 +0000
Driver is ruby 3.4.1 (2025-06-07 revision 22cd8852eb) +PRISM [riscv64-freebsd]
Target is ruby 3.4.1 (2025-06-07 revision 22cd8852eb) +PRISM [riscv64-freebsd]

test_load.rb  PASS 2

Finished in 7.09 sec

PASS all 2 tests
2025-06-07 15:54:21 +0000
Driver is ruby 3.4.1 (2025-06-07 revision 22cd8852eb) +PRISM [riscv64-freebsd]
Target is ruby 3.4.1 (2025-06-07 revision 22cd8852eb) +PRISM [riscv64-freebsd]

test_marshal.rb  PASS 1

Finished in 4.73 sec

PASS all 1 tests
2025-06-07 15:54:29 +0000
Driver is ruby 3.4.1 (2025-06-07 revision 22cd8852eb) +PRISM [riscv64-freebsd]
Target is ruby 3.4.1 (2025-06-07 revision 22cd8852eb) +PRISM [riscv64-freebsd]

test_massign.rb  PASS 34

Finished in 82.96 sec

PASS all 34 tests
2025-06-07 15:55:54 +0000
Driver is ruby 3.4.1 (2025-06-07 revision 22cd8852eb) +PRISM [riscv64-freebsd]
Target is ruby 3.4.1 (2025-06-07 revision 22cd8852eb) +PRISM [riscv64-freebsd]

test_method.rb  PASS 247

Finished in 623.45 sec

PASS all 247 tests
2025-06-07 16:06:21 +0000
Driver is ruby 3.4.1 (2025-06-07 revision 22cd8852eb) +PRISM [riscv64-freebsd]
Target is ruby 3.4.1 (2025-06-07 revision 22cd8852eb) +PRISM [riscv64-freebsd]

test_objectspace.rb  PASS 6

Finished in 20.11 sec

PASS all 6 tests
2025-06-07 16:06:44 +0000
Driver is ruby 3.4.1 (2025-06-07 revision 22cd8852eb) +PRISM [riscv64-freebsd]
Target is ruby 3.4.1 (2025-06-07 revision 22cd8852eb) +PRISM [riscv64-freebsd]

test_proc.rb  PASS 37

Finished in 99.85 sec

PASS all 37 tests
2025-06-07 16:08:27 +0000
Driver is ruby 3.4.1 (2025-06-07 revision 22cd8852eb) +PRISM [riscv64-freebsd]
Target is ruby 3.4.1 (2025-06-07 revision 22cd8852eb) +PRISM [riscv64-freebsd]

test_ractor.rb  PASS 119

Finished in 2701.78 sec

PASS all 119 tests
2025-06-07 16:53:32 +0000
Driver is ruby 3.4.1 (2025-06-07 revision 22cd8852eb) +PRISM [riscv64-freebsd]
Target is ruby 3.4.1 (2025-06-07 revision 22cd8852eb) +PRISM [riscv64-freebsd]

test_rjit.rb  PASS 7

Finished in 17.84 sec

PASS all 7 tests
2025-06-07 16:53:52 +0000
Driver is ruby 3.4.1 (2025-06-07 revision 22cd8852eb) +PRISM [riscv64-freebsd]
Target is ruby 3.4.1 (2025-06-07 revision 22cd8852eb) +PRISM [riscv64-freebsd]

test_string.rb  PASS 1

Finished in 4.73 sec

PASS all 1 tests
2025-06-07 16:53:59 +0000
Driver is ruby 3.4.1 (2025-06-07 revision 22cd8852eb) +PRISM [riscv64-freebsd]
Target is ruby 3.4.1 (2025-06-07 revision 22cd8852eb) +PRISM [riscv64-freebsd]

test_struct.rb  PASS 1

Finished in 4.74 sec

PASS all 1 tests
2025-06-07 16:54:07 +0000
Driver is ruby 3.4.1 (2025-06-07 revision 22cd8852eb) +PRISM [riscv64-freebsd]
Target is ruby 3.4.1 (2025-06-07 revision 22cd8852eb) +PRISM [riscv64-freebsd]

test_syntax.rb  PASS 164

Finished in 364.75 sec

PASS all 164 tests
2025-06-07 17:00:15 +0000
Driver is ruby 3.4.1 (2025-06-07 revision 22cd8852eb) +PRISM [riscv64-freebsd]
Target is ruby 3.4.1 (2025-06-07 revision 22cd8852eb) +PRISM [riscv64-freebsd]

test_thread.rb  PASS 50

Finished in 440.04 sec

PASS all 50 tests
2025-06-07 17:07:37 +0000
Driver is ruby 3.4.1 (2025-06-07 revision 22cd8852eb) +PRISM [riscv64-freebsd]
Target is ruby 3.4.1 (2025-06-07 revision 22cd8852eb) +PRISM [riscv64-freebsd]

test_yjit.rb  PASS 355

Finished in 899.01 sec

PASS all 355 tests
2025-06-07 17:22:41 +0000
Driver is ruby 3.4.1 (2025-06-07 revision 22cd8852eb) +PRISM [riscv64-freebsd]
Target is ruby 3.4.1 (2025-06-07 revision 22cd8852eb) +PRISM [riscv64-freebsd]

test_yjit_30k_ifelse.rb  PASS 1

Finished in 182.97 sec

PASS all 1 tests
2025-06-07 17:25:46 +0000
Driver is ruby 3.4.1 (2025-06-07 revision 22cd8852eb) +PRISM [riscv64-freebsd]
Target is ruby 3.4.1 (2025-06-07 revision 22cd8852eb) +PRISM [riscv64-freebsd]

test_yjit_30k_methods.rb  PASS 1

Finished in 462.98 sec

PASS all 1 tests
2025-06-07 17:33:32 +0000
Driver is ruby 3.4.1 (2025-06-07 revision 22cd8852eb) +PRISM [riscv64-freebsd]
Target is ruby 3.4.1 (2025-06-07 revision 22cd8852eb) +PRISM [riscv64-freebsd]

test_yjit_rust_port.rb  PASS 38

Finished in 85.47 sec

PASS all 38 tests
root@cheribsd-riscv64-purecap:~/ruby-3.4.1/build #
