


sweep_page:0x41487000
sweep_page:0x415dc400
sweep_page:0x415f7400
sweep_page:0x41e43000
s
weep_page:0x41e53c00
sweep_page:0x41e6cc00
sweep_page:0x73f26000
sweep_page:0x74058000

Which causes problem 
Body 
sweep_page:0x41487000
sweep_page:0x415dc400
sweep_page:0x415f7400
sweep_page:0x41e43000
sweep_page:0x41e53c00
sweep_page:0x41e6cc00
sweep_page:0x73f26000
sweep_page:0x73fcb000


gc_sweep_page: plane 1, p: 0x43ed1410, bitset: 0x570425343
gc_sweep_page: plane 2, p: 0x43ed2810, bitset: 0x-1611084297
gc_sweep_page: plane 3, p: 0x43ed3c10, bitset: 0x716481706
gc_sweep_page: plane 4, p: 0x43ed5010, bitset: 0x3557182
gc_sweep_page: plane 5, p: 0x43ed6410, bitset: 0x115022448
gc_sweep_page: plane 6, p: 0x43ed7810, bitset: 0x346415104
gc_sweep_page: plane 7, p: 0x43ed8c10, bitset: 0x-2075653116
gc_sweep_page: plane 8, p: 0x43eda010, bitset: 0x201332748
gc_sweep_page: plane 9, p: 0x43edb410, bitset: 0x428279296
gc_sweep_page: plane 10, p: 0x43edc810, bitset: 0x58723424
gc_sweep_page: plane 11, p: 0x43eddc10, bitset: 0x3699
gc_sweep_page: plane 12, p: 0x43edf010, bitset: 0x1572912




  
    
  
  
  freelist = 0x43ed23b0 [rwRW,0x43ec8000-0x43ee8000], 
	wb_unprotected_bits = {0, 4611686018427387904, 0, 0, 1407374883553280, 0, 32768, 65536, 0, 0, 0, 0, 0}, 
	mark_bits = {0, 
    18408463476876902400, 14123279632778071543, 15316149458980002645, 15508426791823456449, 
    14505800782796088719, 7401005288122884095, 17654110537073030139, 17940309017754593267, 
    18445899648351140351, 9223228773866927007, 3743615253221470604, 18446744073707978703}, 
  
  age_bits = {0, 
    0, 0, 4995922726259523584, 1447068717905171733, 5766108722905830741, 5841468080504770833, 
    5841239434746417216, 6148909107509219329, 5842581865450788181, 6143195834886471765, 
    5782921350910858512, 6072278656356799829, 1446857320751759680, 1532707201817597253, 
    6129492917843481941, 6126396693078693125, 6143003626443199829, 6058490764772595029, 
    6148914669761680725, 6147436947603538261, 1537228671735121157, 6148914691231006800, 
    361788826467960144, 6148913316846981205, 91625968981}}


truth 
  
  freelist = 0x43ed76d0 [rwRW,0x43ec8000-0x43ee8000], 
	wb_unprotected_bits = {0, 0, 0, 0, 0, 0, 32768, 8589934592, 0, 0, 0, 0, 0}, 
	mark_bits = {0, 0, 0, 0, 0, 16140901064495857664, 
    16365355075880615678, 18446453183752230580, 10376267152375671295, 18446687938285662705, 
    18115721804101189625, 18192853644231639038, 18446743867544725479}, 
	
	age_bits = {0 <repeats 11 times>, 
    6052837899185946624, 6124989317142304084, 6054246721813562693, 6058771208887092496, 
    6148914686937338961, 5788625346639254869, 4635705216419059029, 6126396693094159617, 
    6148914691152303361, 6058754737758885185, 6144339348474058069, 6054246649890690388, 
    6147436861709440341, 6148892695614280725, 91625967701}}


wb_unprotected_bits
result 

expected 


mark_bits
result 
0x0000000000000000
0xff78000000000000
0xc3fff7ff673f0df7
0xd48de4c8d54b5b55
0xd738ffffffc9b8c1
0xc94ef4f4f924e58f
0x66b5a718eb5a1fff
0xf4ffffff7bb7f3fb
0xf8f8c7fff3ffe7f3
0xfffcffffe678f9ff
0x7fff7db3fc7ff39f
0x33f3fe3cfffff18c
0xffffffffffe7ffcf

expected 
0x0000000000000000
0x0000000000000000
0x0000000000000000
0x0000000000000000
0x0000000000000000
0xe000000000000000
0xe31d6bbbf0fffefe
0xfffef76fe76cd6b4
0x8fffe7ffcfe7e9ff
0xffffccf1f3fff1f1
0xfb67f8ffe73ffff9
0xfc79ffffe318fffe
0xffffffcfff9e67e7

age_bits
result 

expected 