{
	:authors => "[]",
	:autorequire => "nil",
	:bindir => "\"bin\"",
	:cert_chain => "[]",
	:date => "nil",
	:dependencies => "[]",
	:description => "nil",
	:email => "nil",
	:executables => "[]",
	:extensions => "[]",
	:extra_rdoc_files => "[]",
	:files => "[]",
	:homepage => "nil",
	:licenses => "[]",
	:metadata => "{}",
	:name => "nil",
	:platform => "1",
	:post_install_message => "nil",
	:rdoc_options => "[]",
	:require_paths => "default_value(:require_paths).dup",
	:required_ruby_version => "1",
	:required_rubygems_version => "1",
	:requirements => "[]",
	:rubygems_version => "1",
	:signing_key => "nil",
	:specification_version => "1",
	:summary => "nil",
	:test_files => "[]",
	:version => "nil"
}
