../compile.c:662:5: warning: shift count >= width of type [-Wshift-count-overflow]
../debug.c:93:38: warning: shift count >= width of type [-Wshift-count-overflow]
parse.y:1354:9: warning: shift count >= width of type [-Wshift-count-overflow]
parse.y:1362:5: warning: shift count >= width of type [-Wshift-count-overflow]
parse.y:1636:5: warning: shift count >= width of type [-Wshift-count-overflow]
parse.y:4402:25: warning: shift count >= width of type [-Wshift-count-overflow]
parse.y:4607:25: warning: shift count >= width of type [-Wshift-count-overflow]
parse.y:4609:25: warning: shift count >= width of type [-Wshift-count-overflow]
parse.y:4625:25: warning: shift count >= width of type [-Wshift-count-overflow]
parse.y:4643:25: warning: shift count >= width of type [-Wshift-count-overflow]
parse.y:4645:25: warning: shift count >= width of type [-Wshift-count-overflow]
parse.y:5197:29: warning: shift count >= width of type [-Wshift-count-overflow]
parse.y:5198:29: warning: shift count >= width of type [-Wshift-count-overflow]
parse.y:5298:25: warning: shift count >= width of type [-Wshift-count-overflow]
parse.y:5307:25: warning: shift count >= width of type [-Wshift-count-overflow]
parse.y:5318:25: warning: shift count >= width of type [-Wshift-count-overflow]
parse.y:5324:25: warning: shift count >= width of type [-Wshift-count-overflow]
parse.y:6176:25: warning: shift count >= width of type [-Wshift-count-overflow]
parse.y:11331:5: warning: shift count >= width of type [-Wshift-count-overflow]
parse.y:12549:5: warning: shift count >= width of type [-Wshift-count-overflow]
parse.y:12782:5: warning: shift count >= width of type [-Wshift-count-overflow]
parse.y:12854:5: warning: shift count >= width of type [-Wshift-count-overflow]
parse.y:12864:5: warning: shift count >= width of type [-Wshift-count-overflow]
parse.y:12872:5: warning: shift count >= width of type [-Wshift-count-overflow]
parse.y:12910:17: warning: shift count >= width of type [-Wshift-count-overflow]
parse.y:12920:21: warning: shift count >= width of type [-Wshift-count-overflow]
parse.y:12938:5: warning: shift count >= width of type [-Wshift-count-overflow]
parse.y:14366:9: warning: shift count >= width of type [-Wshift-count-overflow]
parse.y:14371:5: warning: shift count >= width of type [-Wshift-count-overflow]
parse.y:14882:9: warning: shift count >= width of type [-Wshift-count-overflow]
../st.c:1774:10: warning: shift count >= width of type [-Wshift-count-overflow]
../st.c:1776:9: warning: shift count >= width of type [-Wshift-count-overflow]
../st.c:1800:12: warning: shift count >= width of type [-Wshift-count-overflow]
../st.c:1802:12: warning: shift count >= width of type [-Wshift-count-overflow]
../st.c:1951:22: warning: shift count >= width of type [-Wshift-count-overflow]
../st.c:1974:26: warning: shift count >= width of type [-Wshift-count-overflow]
ripper.y:1354:9: warning: shift count >= width of type [-Wshift-count-overflow]
ripper.y:1362:5: warning: shift count >= width of type [-Wshift-count-overflow]
ripper.y:1636:5: warning: shift count >= width of type [-Wshift-count-overflow]
ripper.y:4402:25: warning: shift count >= width of type [-Wshift-count-overflow]
ripper.y:4607:25: warning: shift count >= width of type [-Wshift-count-overflow]
ripper.y:4609:25: warning: shift count >= width of type [-Wshift-count-overflow]
ripper.y:4625:25: warning: shift count >= width of type [-Wshift-count-overflow]
ripper.y:4643:25: warning: shift count >= width of type [-Wshift-count-overflow]
ripper.y:4645:25: warning: shift count >= width of type [-Wshift-count-overflow]
ripper.y:5197:29: warning: shift count >= width of type [-Wshift-count-overflow]
ripper.y:5198:29: warning: shift count >= width of type [-Wshift-count-overflow]
ripper.y:5298:25: warning: shift count >= width of type [-Wshift-count-overflow]
ripper.y:5307:25: warning: shift count >= width of type [-Wshift-count-overflow]
ripper.y:5318:25: warning: shift count >= width of type [-Wshift-count-overflow]
ripper.y:5324:25: warning: shift count >= width of type [-Wshift-count-overflow]
ripper.y:6176:25: warning: shift count >= width of type [-Wshift-count-overflow]
ripper.y:11331:5: warning: shift count >= width of type [-Wshift-count-overflow]
ripper.y:12549:5: warning: shift count >= width of type [-Wshift-count-overflow]
ripper.y:12782:5: warning: shift count >= width of type [-Wshift-count-overflow]
ripper.y:12854:5: warning: shift count >= width of type [-Wshift-count-overflow]
ripper.y:12864:5: warning: shift count >= width of type [-Wshift-count-overflow]
ripper.y:12872:5: warning: shift count >= width of type [-Wshift-count-overflow]
ripper.y:12910:17: warning: shift count >= width of type [-Wshift-count-overflow]
ripper.y:12920:21: warning: shift count >= width of type [-Wshift-count-overflow]
ripper.y:12938:5: warning: shift count >= width of type [-Wshift-count-overflow]
ripper.y:14366:9: warning: shift count >= width of type [-Wshift-count-overflow]
ripper.y:14371:5: warning: shift count >= width of type [-Wshift-count-overflow]
ripper.y:14882:9: warning: shift count >= width of type [-Wshift-count-overflow]
