../bignum.c:3765:59: warning: flag '+' results in undefined behavior with 'x' conversion specifier [-Wformat]
../compile.c:662:5: warning: overflow in expression; result is 9223372036854775807 with type 'long' [-Winteger-overflow]
../compile.c:662:5: warning: shift count >= width of type [-Wshift-count-overflow]
../compile.c:3818:40: warning: binary expression on capability types 'VALUE' (aka 'unsigned __intcap') and 'unsigned __intcap'; it is not clear which should be used as the source of provenance; currently provenance is inherited from the left-hand side [-Wcheri-provenance]
../compile.c:4141:37: warning: binary expression on capability types 'VALUE' (aka 'unsigned __intcap') and 'unsigned __intcap'; it is not clear which should be used as the source of provenance; currently provenance is inherited from the left-hand side [-Wcheri-provenance]
../compile.c:4164:37: warning: binary expression on capability types 'VALUE' (aka 'unsigned __intcap') and 'unsigned __intcap'; it is not clear which should be used as the source of provenance; currently provenance is inherited from the left-hand side [-Wcheri-provenance]
../compile.c:4203:40: warning: binary expression on capability types 'VALUE' (aka 'unsigned __intcap') and 'unsigned __intcap'; it is not clear which should be used as the source of provenance; currently provenance is inherited from the left-hand side [-Wcheri-provenance]
../compile.c:7532:104: warning: flag '+' results in undefined behavior with 'x' conversion specifier [-Wformat]
../compile.c:9486:43: warning: binary expression on capability types 'VALUE' (aka 'unsigned __intcap') and 'unsigned __intcap'; it is not clear which should be used as the source of provenance; currently provenance is inherited from the left-hand side [-Wcheri-provenance]
../compile.c:9527:43: warning: binary expression on capability types 'VALUE' (aka 'unsigned __intcap') and 'unsigned __intcap'; it is not clear which should be used as the source of provenance; currently provenance is inherited from the left-hand side [-Wcheri-provenance]
../compile.c:10226:40: warning: binary expression on capability types 'VALUE' (aka 'unsigned __intcap') and 'unsigned __intcap'; it is not clear which should be used as the source of provenance; currently provenance is inherited from the left-hand side [-Wcheri-provenance]
../compile.c:10230:40: warning: binary expression on capability types 'VALUE' (aka 'unsigned __intcap') and 'unsigned __intcap'; it is not clear which should be used as the source of provenance; currently provenance is inherited from the left-hand side [-Wcheri-provenance]
../compile.c:11647:59: warning: flag '+' results in undefined behavior with 'x' conversion specifier [-Wformat]
../compile.c:11835:54: warning: flag '+' results in undefined behavior with 'x' conversion specifier [-Wformat]
../compile.c:11988:43: warning: flag '+' results in undefined behavior with 'x' conversion specifier [-Wformat]
../compile.c:11988:65: warning: flag '+' results in undefined behavior with 'x' conversion specifier [-Wformat]
../compile.c:12051:75: warning: flag '+' results in undefined behavior with 'x' conversion specifier [-Wformat]
../compile.c:12186:63: warning: flag '+' results in undefined behavior with 'x' conversion specifier [-Wformat]
../compile.c:12194:68: warning: flag '+' results in undefined behavior with 'x' conversion specifier [-Wformat]
../compile.c:13585:30: warning: format specifies type 'unsigned long' but the argument has type 'VALUE' (aka 'unsigned __intcap') [-Wformat]
../compile.c:13584:43: warning: flag '+' results in undefined behavior with 'x' conversion specifier [-Wformat]
../prism_compile.c:2870:83: warning: flag '+' results in undefined behavior with 'x' conversion specifier [-Wformat]
../complex.c:2235:63: warning: flag '+' results in undefined behavior with 'x' conversion specifier [-Wformat]
../debug.c:93:38: warning: shift count >= width of type [-Wshift-count-overflow]
../debug.c:93:38: warning: overflow in expression; result is 9223372036854775807 with type 'long' [-Winteger-overflow]
../enumerator.c:1125:48: warning: flag '+' results in undefined behavior with 'x' conversion specifier [-Wformat]
../enumerator.c:1141:40: warning: flag '+' results in undefined behavior with 'x' conversion specifier [-Wformat]
../enumerator.c:1161:24: warning: flag ' ' results in undefined behavior with 'x' conversion specifier [-Wformat]
../enumerator.c:3343:41: warning: flag '+' results in undefined behavior with 'x' conversion specifier [-Wformat]
../enumerator.c:3699:41: warning: flag '+' results in undefined behavior with 'x' conversion specifier [-Wformat]
../enumerator.c:3889:32: warning: flag '+' results in undefined behavior with 'x' conversion specifier [-Wformat]
../error.c:1665:34: warning: flag '+' results in undefined behavior with 'x' conversion specifier [-Wformat]
../error.c:1851:29: warning: flag '+' results in undefined behavior with 'x' conversion specifier [-Wformat]
../error.c:2787:52: warning: flag '+' results in undefined behavior with 'x' conversion specifier [-Wformat]
../error.c:2965:68: warning: flag '+' results in undefined behavior with 'x' conversion specifier [-Wformat]
../error.c:2969:68: warning: flag '+' results in undefined behavior with 'x' conversion specifier [-Wformat]
../error.c:2969:89: warning: flag '+' results in undefined behavior with 'x' conversion specifier [-Wformat]
../gc.c:288:46: warning: flag '+' results in undefined behavior with 'x' conversion specifier [-Wformat]
../gc/default/default.c:1579:36: warning: flag '+' results in undefined behavior with 'x' conversion specifier [-Wformat]
../gc/default/default.c:1582:36: warning: flag '+' results in undefined behavior with 'x' conversion specifier [-Wformat]
../gc/default/default.c:1960:88: warning: format specifies type 'unsigned long' but the argument has type 'unsigned __intcap __attribute__((cheri_no_provenance))' [-Wformat]
../gc/default/default.c:4085:26: warning: binary expression on capability types 'bits_t' (aka 'unsigned __intcap') and 'bits_t'; it is not clear which should be used as the source of provenance; currently provenance is inherited from the left-hand side [-Wcheri-provenance]
../gc/default/default.c:4093:30: warning: binary expression on capability types 'bits_t' (aka 'unsigned __intcap') and 'bits_t'; it is not clear which should be used as the source of provenance; currently provenance is inherited from the left-hand side [-Wcheri-provenance]
../gc/default/default.c:5345:36: warning: binary expression on capability types 'bits_t' (aka 'unsigned __intcap') and 'bits_t'; it is not clear which should be used as the source of provenance; currently provenance is inherited from the left-hand side [-Wcheri-provenance]
../gc/default/default.c:5351:40: warning: binary expression on capability types 'bits_t' (aka 'unsigned __intcap') and 'bits_t'; it is not clear which should be used as the source of provenance; currently provenance is inherited from the left-hand side [-Wcheri-provenance]
../gc/default/default.c:5630:28: warning: binary expression on capability types 'bits_t' (aka 'unsigned __intcap') and 'bits_t'; it is not clear which should be used as the source of provenance; currently provenance is inherited from the left-hand side [-Wcheri-provenance]
../gc/default/default.c:5639:32: warning: binary expression on capability types 'bits_t' (aka 'unsigned __intcap') and 'bits_t'; it is not clear which should be used as the source of provenance; currently provenance is inherited from the left-hand side [-Wcheri-provenance]
../gc/default/default.c:5972:71: warning: binary expression on capability types 'bits_t' (aka 'unsigned __intcap') and 'bits_t'; it is not clear which should be used as the source of provenance; currently provenance is inherited from the left-hand side [-Wcheri-provenance]
../gc/default/default.c:5972:46: warning: binary expression on capability types 'bits_t' (aka 'unsigned __intcap') and 'unsigned __intcap'; it is not clear which should be used as the source of provenance; currently provenance is inherited from the left-hand side [-Wcheri-provenance]
../gc/default/default.c:6085:94: warning: format specifies type 'unsigned long' but the argument has type 'VALUE' (aka 'unsigned __intcap') [-Wformat]
../gc/default/default.c:6086:94: warning: format specifies type 'unsigned long' but the argument has type 'VALUE' (aka 'unsigned __intcap') [-Wformat]
../gc.c:1448:9: warning: format specifies type 'unsigned long' but the argument has type 'VALUE __attribute__((cheri_no_provenance))' (aka 'unsigned __intcap') [-Wformat]
../gc.c:1472:47: warning: format specifies type 'unsigned long' but the argument has type 'VALUE __attribute__((cheri_no_provenance))' (aka 'unsigned __intcap') [-Wformat]
../gc.c:1498:13: warning: format specifies type 'unsigned long' but the argument has type 'VALUE __attribute__((cheri_no_provenance))' (aka 'unsigned __intcap') [-Wformat]
../gc.c:1813:40: warning: flag '+' results in undefined behavior with 'x' conversion specifier [-Wformat]
../gc.c:1822:36: warning: flag '+' results in undefined behavior with 'x' conversion specifier [-Wformat]
../gc.c:2023:9: warning: format specifies type 'unsigned long' but the argument has type 'VALUE __attribute__((cheri_no_provenance))' (aka 'unsigned __intcap') [-Wformat]
../gc.c:2693:9: warning: format specifies type 'unsigned long' but the argument has type 'VALUE __attribute__((cheri_no_provenance))' (aka 'unsigned __intcap') [-Wformat]
../gc.c:4154:13: warning: format specifies type 'unsigned long' but the argument has type 'VALUE __attribute__((cheri_no_provenance))' (aka 'unsigned __intcap') [-Wformat]
../hash.c:326:1: warning: non-void function does not return a value [-Wreturn-type]
../hash.c:1484:54: warning: binary expression on capability types 'unsigned __intcap' and 'VALUE' (aka 'unsigned __intcap'); it is not clear which should be used as the source of provenance; currently provenance is inherited from the left-hand side [-Wcheri-provenance]
../hash.c:1484:54: warning: binary expression on capability types 'unsigned __intcap' and 'VALUE' (aka 'unsigned __intcap'); it is not clear which should be used as the source of provenance; currently provenance is inherited from the left-hand side [-Wcheri-provenance]
../hash.c:1484:54: warning: binary expression on capability types 'unsigned __intcap' and 'VALUE' (aka 'unsigned __intcap'); it is not clear which should be used as the source of provenance; currently provenance is inherited from the left-hand side [-Wcheri-provenance]
../io.c:569:43: warning: binary expression on capability types 'unsigned __intcap' and 'unsigned __intcap'; it is not clear which should be used as the source of provenance; currently provenance is inherited from the left-hand side [-Wcheri-provenance]
../io.c:2309:48: warning: flag '+' results in undefined behavior with 'x' conversion specifier [-Wformat]
../io.c:10899:57: warning: flag '+' results in undefined behavior with 'x' conversion specifier [-Wformat]
../iseq.c:2407:40: warning: format specifies type 'long' but the argument has type 'VALUE' (aka 'unsigned __intcap') [-Wformat]
../iseq.c:2435:40: warning: format specifies type 'unsigned long' but the argument has type 'VALUE' (aka 'unsigned __intcap') [-Wformat]
../iseq.c:2823:30: warning: format specifies type 'long' but the argument has type 'VALUE' (aka 'unsigned __intcap') [-Wformat]
../load.c:1613:23: warning: cast from provenance-free integer type to pointer type will give pointer that can not be dereferenced [-Wcheri-capability-misuse]
../marshal.c:241:64: warning: flag ' ' results in undefined behavior with 'x' conversion specifier [-Wformat]
../marshal.c:245:59: warning: flag ' ' results in undefined behavior with 'x' conversion specifier [-Wformat]
../marshal.c:258:35: warning: flag ' ' results in undefined behavior with 'x' conversion specifier [-Wformat]
../marshal.c:471:75: warning: format specifies type 'long' but the argument has type 'VALUE' (aka 'unsigned __intcap') [-Wformat]
../marshal.c:1560:67: warning: flag '+' results in undefined behavior with 'x' conversion specifier [-Wformat]
../node.c:80:5: warning: binary expression on capability types 'unsigned __intcap' and 'unsigned __intcap'; it is not clear which should be used as the source of provenance; currently provenance is inherited from the left-hand side [-Wcheri-provenance]
../node.c:439:12: warning: binary expression on capability types 'unsigned __intcap' and 'unsigned __intcap'; it is not clear which should be used as the source of provenance; currently provenance is inherited from the left-hand side [-Wcheri-provenance]
../numeric.c:249:57: warning: flag ' ' results in undefined behavior with 'x' conversion specifier [-Wformat]
../numeric.c:4420:53: warning: binary expression on capability types 'VALUE' (aka 'unsigned __intcap') and 'VALUE'; it is not clear which should be used as the source of provenance; currently provenance is inherited from the left-hand side [-Wcheri-provenance]
../object.c:155:32: warning: binary expression on capability types 'VALUE' (aka 'unsigned __intcap') and 'VALUE'; it is not clear which should be used as the source of provenance; currently provenance is inherited from the left-hand side [-Wcheri-provenance]
../object.c:155:50: warning: binary expression on capability types 'unsigned __intcap' and 'unsigned __intcap'; it is not clear which should be used as the source of provenance; currently provenance is inherited from the left-hand side [-Wcheri-provenance]
../object.c:3377:36: warning: flag '+' results in undefined behavior with 'x' conversion specifier [-Wformat]
../object.c:3379:20: warning: flag '+' results in undefined behavior with 'x' conversion specifier [-Wformat]
../object.c:3517:61: warning: flag '+' results in undefined behavior with 'x' conversion specifier [-Wformat]
parse.y:1354:9: warning: overflow in expression; result is 9223372036854775807 with type 'long' [-Winteger-overflow]
parse.y:1354:9: warning: shift count >= width of type [-Wshift-count-overflow]
parse.y:1362:5: warning: overflow in expression; result is 9223372036854775807 with type 'long' [-Winteger-overflow]
parse.y:1362:5: warning: shift count >= width of type [-Wshift-count-overflow]
parse.y:1636:5: warning: overflow in expression; result is 9223372036854775807 with type 'long' [-Winteger-overflow]
parse.y:1636:5: warning: shift count >= width of type [-Wshift-count-overflow]
parse.y:1973:29: warning: binary expression on capability types 'st_index_t' (aka 'unsigned __intcap') and 'st_index_t'; it is not clear which should be used as the source of provenance; currently provenance is inherited from the left-hand side [-Wcheri-provenance]
parse.y:2626:31: warning: flag '+' results in undefined behavior with 'x' conversion specifier [-Wformat]
parse.y:2629:31: warning: flag '+' results in undefined behavior with 'x' conversion specifier [-Wformat]
parse.y:2632:31: warning: flag '+' results in undefined behavior with 'x' conversion specifier [-Wformat]
parse.y:2635:31: warning: flag '+' results in undefined behavior with 'x' conversion specifier [-Wformat]
parse.y:2626:31: warning: flag '+' results in undefined behavior with 'x' conversion specifier [-Wformat]
parse.y:2629:31: warning: flag '+' results in undefined behavior with 'x' conversion specifier [-Wformat]
parse.y:2632:31: warning: flag '+' results in undefined behavior with 'x' conversion specifier [-Wformat]
parse.y:2635:31: warning: flag '+' results in undefined behavior with 'x' conversion specifier [-Wformat]
parse.y:2626:31: warning: flag '+' results in undefined behavior with 'x' conversion specifier [-Wformat]
parse.y:2629:31: warning: flag '+' results in undefined behavior with 'x' conversion specifier [-Wformat]
parse.y:2632:31: warning: flag '+' results in undefined behavior with 'x' conversion specifier [-Wformat]
parse.y:2635:31: warning: flag '+' results in undefined behavior with 'x' conversion specifier [-Wformat]
parse.y:2626:31: warning: flag '+' results in undefined behavior with 'x' conversion specifier [-Wformat]
parse.y:2629:31: warning: flag '+' results in undefined behavior with 'x' conversion specifier [-Wformat]
parse.y:2632:31: warning: flag '+' results in undefined behavior with 'x' conversion specifier [-Wformat]
parse.y:2635:31: warning: flag '+' results in undefined behavior with 'x' conversion specifier [-Wformat]
parse.y:2626:31: warning: flag '+' results in undefined behavior with 'x' conversion specifier [-Wformat]
parse.y:2629:31: warning: flag '+' results in undefined behavior with 'x' conversion specifier [-Wformat]
parse.y:2632:31: warning: flag '+' results in undefined behavior with 'x' conversion specifier [-Wformat]
parse.y:2635:31: warning: flag '+' results in undefined behavior with 'x' conversion specifier [-Wformat]
parse.y:2626:31: warning: flag '+' results in undefined behavior with 'x' conversion specifier [-Wformat]
parse.y:2629:31: warning: flag '+' results in undefined behavior with 'x' conversion specifier [-Wformat]
parse.y:2632:31: warning: flag '+' results in undefined behavior with 'x' conversion specifier [-Wformat]
parse.y:2635:31: warning: flag '+' results in undefined behavior with 'x' conversion specifier [-Wformat]
parse.y:4402:25: warning: overflow in expression; result is 9223372036854775807 with type 'long' [-Winteger-overflow]
parse.y:4607:25: warning: overflow in expression; result is 9223372036854775807 with type 'long' [-Winteger-overflow]
parse.y:4609:25: warning: overflow in expression; result is 9223372036854775807 with type 'long' [-Winteger-overflow]
parse.y:4625:25: warning: overflow in expression; result is 9223372036854775807 with type 'long' [-Winteger-overflow]
parse.y:4643:25: warning: overflow in expression; result is 9223372036854775807 with type 'long' [-Winteger-overflow]
parse.y:4645:25: warning: overflow in expression; result is 9223372036854775807 with type 'long' [-Winteger-overflow]
parse.y:5197:29: warning: overflow in expression; result is 9223372036854775807 with type 'long' [-Winteger-overflow]
parse.y:5198:29: warning: overflow in expression; result is 9223372036854775807 with type 'long' [-Winteger-overflow]
parse.y:5298:25: warning: overflow in expression; result is 9223372036854775807 with type 'long' [-Winteger-overflow]
parse.y:5307:25: warning: overflow in expression; result is 9223372036854775807 with type 'long' [-Winteger-overflow]
parse.y:5318:25: warning: overflow in expression; result is 9223372036854775807 with type 'long' [-Winteger-overflow]
parse.y:5324:25: warning: overflow in expression; result is 9223372036854775807 with type 'long' [-Winteger-overflow]
parse.y:6176:25: warning: overflow in expression; result is 9223372036854775807 with type 'long' [-Winteger-overflow]
parse.y:4402:25: warning: shift count >= width of type [-Wshift-count-overflow]
parse.y:4607:25: warning: shift count >= width of type [-Wshift-count-overflow]
parse.y:4609:25: warning: shift count >= width of type [-Wshift-count-overflow]
parse.y:4625:25: warning: shift count >= width of type [-Wshift-count-overflow]
parse.y:4643:25: warning: shift count >= width of type [-Wshift-count-overflow]
parse.y:4645:25: warning: shift count >= width of type [-Wshift-count-overflow]
parse.y:5197:29: warning: shift count >= width of type [-Wshift-count-overflow]
parse.y:5198:29: warning: shift count >= width of type [-Wshift-count-overflow]
parse.y:5298:25: warning: shift count >= width of type [-Wshift-count-overflow]
parse.y:5307:25: warning: shift count >= width of type [-Wshift-count-overflow]
parse.y:5318:25: warning: shift count >= width of type [-Wshift-count-overflow]
parse.y:5324:25: warning: shift count >= width of type [-Wshift-count-overflow]
parse.y:6176:25: warning: shift count >= width of type [-Wshift-count-overflow]
parse.y:11331:5: warning: overflow in expression; result is 9223372036854775807 with type 'long' [-Winteger-overflow]
parse.y:11331:5: warning: shift count >= width of type [-Wshift-count-overflow]
parse.y:12549:5: warning: overflow in expression; result is 9223372036854775807 with type 'long' [-Winteger-overflow]
parse.y:12549:5: warning: shift count >= width of type [-Wshift-count-overflow]
parse.y:12782:5: warning: overflow in expression; result is 9223372036854775807 with type 'long' [-Winteger-overflow]
parse.y:12782:5: warning: shift count >= width of type [-Wshift-count-overflow]
parse.y:12854:5: warning: overflow in expression; result is 9223372036854775807 with type 'long' [-Winteger-overflow]
parse.y:12854:5: warning: shift count >= width of type [-Wshift-count-overflow]
parse.y:12864:5: warning: overflow in expression; result is 9223372036854775807 with type 'long' [-Winteger-overflow]
parse.y:12864:5: warning: shift count >= width of type [-Wshift-count-overflow]
parse.y:12872:5: warning: overflow in expression; result is 9223372036854775807 with type 'long' [-Winteger-overflow]
parse.y:12872:5: warning: shift count >= width of type [-Wshift-count-overflow]
parse.y:12910:17: warning: overflow in expression; result is 9223372036854775807 with type 'long' [-Winteger-overflow]
parse.y:12920:21: warning: overflow in expression; result is 9223372036854775807 with type 'long' [-Winteger-overflow]
parse.y:12938:5: warning: overflow in expression; result is 9223372036854775807 with type 'long' [-Winteger-overflow]
parse.y:12910:17: warning: shift count >= width of type [-Wshift-count-overflow]
parse.y:12920:21: warning: shift count >= width of type [-Wshift-count-overflow]
parse.y:12938:5: warning: shift count >= width of type [-Wshift-count-overflow]
parse.y:13387:32: warning: binary expression on capability types 'stack_type' (aka 'unsigned __intcap') and 'stack_type'; it is not clear which should be used as the source of provenance; currently provenance is inherited from the left-hand side [-Wcheri-provenance]
parse.y:13388:57: warning: binary expression on capability types 'stack_type' (aka 'unsigned __intcap') and 'stack_type'; it is not clear which should be used as the source of provenance; currently provenance is inherited from the left-hand side [-Wcheri-provenance]
parse.y:14366:9: warning: overflow in expression; result is 9223372036854775807 with type 'long' [-Winteger-overflow]
parse.y:14371:5: warning: overflow in expression; result is 9223372036854775807 with type 'long' [-Winteger-overflow]
parse.y:14366:9: warning: shift count >= width of type [-Wshift-count-overflow]
parse.y:14371:5: warning: shift count >= width of type [-Wshift-count-overflow]
parse.y:14727:33: warning: flag '+' results in undefined behavior with 'x' conversion specifier [-Wformat]
parse.y:14882:9: warning: overflow in expression; result is 9223372036854775807 with type 'long' [-Winteger-overflow]
parse.y:14882:9: warning: shift count >= width of type [-Wshift-count-overflow]
../parser_bits.h:536:27: warning: binary expression on capability types 'VALUE' (aka 'unsigned __intcap') and 'VALUE'; it is not clear which should be used as the source of provenance; currently provenance is inherited from the left-hand side [-Wcheri-provenance]
../parser_bits.h:560:28: warning: binary expression on capability types 'VALUE' (aka 'unsigned __intcap') and 'VALUE'; it is not clear which should be used as the source of provenance; currently provenance is inherited from the left-hand side [-Wcheri-provenance]
../st.c:1632:31: warning: cast from provenance-free integer type to pointer type will give pointer that can not be dereferenced [-Wcheri-capability-misuse]
../st.c:1774:10: warning: shift count >= width of type [-Wshift-count-overflow]
../st.c:1776:9: warning: shift count >= width of type [-Wshift-count-overflow]
../st.c:1800:12: warning: shift count >= width of type [-Wshift-count-overflow]
../st.c:1802:12: warning: shift count >= width of type [-Wshift-count-overflow]
../st.c:1831:9: warning: 'UNALIGNED_ADD_ALL' macro redefined [-Wmacro-redefined]
../st.c:1951:22: warning: shift count >= width of type [-Wshift-count-overflow]
../st.c:1974:26: warning: shift count >= width of type [-Wshift-count-overflow]
../st.c:1997:35: warning: cast from provenance-free integer type to pointer type will give pointer that can not be dereferenced [-Wcheri-capability-misuse]
../st.c:2054:22: warning: cast from provenance-free integer type to pointer type will give pointer that can not be dereferenced [-Wcheri-capability-misuse]
../st.c:2055:22: warning: cast from provenance-free integer type to pointer type will give pointer that can not be dereferenced [-Wcheri-capability-misuse]
../st.c:2062:22: warning: cast from provenance-free integer type to pointer type will give pointer that can not be dereferenced [-Wcheri-capability-misuse]
../st.c:2063:22: warning: cast from provenance-free integer type to pointer type will give pointer that can not be dereferenced [-Wcheri-capability-misuse]
../st.c:2071:35: warning: cast from provenance-free integer type to pointer type will give pointer that can not be dereferenced [-Wcheri-capability-misuse]
../proc.c:1581:32: warning: flag '+' results in undefined behavior with 'x' conversion specifier [-Wformat]
../proc.c:2281:64: warning: flag ' ' results in undefined behavior with 'x' conversion specifier [-Wformat]
../proc.c:2637:76: warning: flag ' ' results in undefined behavior with 'x' conversion specifier [-Wformat]
../proc.c:3175:26: warning: flag ' ' results in undefined behavior with 'x' conversion specifier [-Wformat]
../proc.c:3233:33: warning: flag ' ' results in undefined behavior with 'x' conversion specifier [-Wformat]
../process.c:2308:64: warning: flag ' ' results in undefined behavior with 'x' conversion specifier [-Wformat]
../process.c:5539:53: warning: flag ' ' results in undefined behavior with 'x' conversion specifier [-Wformat]
../process.c:8535:13: warning: flag '+' results in undefined behavior with 'x' conversion specifier [-Wformat]
../process.c:8545:5: warning: flag '+' results in undefined behavior with 'x' conversion specifier [-Wformat]
../process.c:8706:13: warning: flag '+' results in undefined behavior with 'x' conversion specifier [-Wformat]
../process.c:8716:5: warning: flag '+' results in undefined behavior with 'x' conversion specifier [-Wformat]
../ractor.c:3580:27: warning: binary expression on capability types 'VALUE' (aka 'unsigned __intcap') and 'VALUE'; it is not clear which should be used as the source of provenance; currently provenance is inherited from the left-hand side [-Wcheri-provenance]
../ractor.c:3611:30: warning: binary expression on capability types 'VALUE' (aka 'unsigned __intcap') and 'VALUE'; it is not clear which should be used as the source of provenance; currently provenance is inherited from the left-hand side [-Wcheri-provenance]
../ractor.c:3611:57: warning: binary expression on capability types 'VALUE' (aka 'unsigned __intcap') and 'VALUE'; it is not clear which should be used as the source of provenance; currently provenance is inherited from the left-hand side [-Wcheri-provenance]
../ractor.c:3611:43: warning: binary expression on capability types 'unsigned __intcap' and 'unsigned __intcap'; it is not clear which should be used as the source of provenance; currently provenance is inherited from the left-hand side [-Wcheri-provenance]
../random.c:1748:45: warning: binary expression on capability types 'st_index_t' (aka 'unsigned __intcap') and 'st_index_t'; it is not clear which should be used as the source of provenance; currently provenance is inherited from the left-hand side [-Wcheri-provenance]
../range.c:1897:36: warning: flag '+' results in undefined behavior with 'x' conversion specifier [-Wformat]
../rational.c:2490:63: warning: flag '+' results in undefined behavior with 'x' conversion specifier [-Wformat]
../re.c:1196:64: warning: flag ' ' results in undefined behavior with 'x' conversion specifier [-Wformat]
../regparse.c:412:14: warning: binary expression on capability types 'st_index_t' (aka 'unsigned __intcap') and 'st_index_t'; it is not clear which should be used as the source of provenance; currently provenance is inherited from the left-hand side [-Wcheri-provenance]
../signal.c:237:60: warning: flag ' ' results in undefined behavior with 'x' conversion specifier [-Wformat]
../st.c:449:23: warning: binary expression on capability types 'st_hash_t' (aka 'unsigned __intcap') and 'st_index_t' (aka 'unsigned __intcap'); it is not clear which should be used as the source of provenance; currently provenance is inherited from the left-hand side [-Wcheri-provenance]
../st.c:672:12: warning: binary expression on capability types 'unsigned __intcap' and 'unsigned __intcap'; it is not clear which should be used as the source of provenance; currently provenance is inherited from the left-hand side [-Wcheri-provenance]
../st.c:826:22: warning: binary expression on capability types 'st_index_t' (aka 'unsigned __intcap') and 'st_index_t'; it is not clear which should be used as the source of provenance; currently provenance is inherited from the left-hand side [-Wcheri-provenance]
../st.c:826:28: warning: binary expression on capability types 'unsigned __intcap' and 'st_index_t' (aka 'unsigned __intcap'); it is not clear which should be used as the source of provenance; currently provenance is inherited from the left-hand side [-Wcheri-provenance]
../st.c:1774:10: warning: binary expression on capability types 'st_index_t' (aka 'unsigned __intcap') and 'st_index_t'; it is not clear which should be used as the source of provenance; currently provenance is inherited from the left-hand side [-Wcheri-provenance]
../st.c:1776:9: warning: binary expression on capability types 'st_index_t' (aka 'unsigned __intcap') and 'st_index_t'; it is not clear which should be used as the source of provenance; currently provenance is inherited from the left-hand side [-Wcheri-provenance]
../st.c:1831:9: warning: 'UNALIGNED_ADD_ALL' macro redefined [-Wmacro-redefined]
../st.c:1872:31: warning: binary expression on capability types 'st_index_t' (aka 'unsigned __intcap') and 'st_index_t'; it is not clear which should be used as the source of provenance; currently provenance is inherited from the left-hand side [-Wcheri-provenance]
../st.c:1896:27: warning: binary expression on capability types 'st_index_t' (aka 'unsigned __intcap') and 'st_index_t'; it is not clear which should be used as the source of provenance; currently provenance is inherited from the left-hand side [-Wcheri-provenance]
../st.c:1951:22: warning: binary expression on capability types 'st_index_t' (aka 'unsigned __intcap') and 'st_index_t'; it is not clear which should be used as the source of provenance; currently provenance is inherited from the left-hand side [-Wcheri-provenance]
../st.c:2098:31: warning: binary expression on capability types 'st_data_t' (aka 'unsigned __intcap') and 'st_data_t'; it is not clear which should be used as the source of provenance; currently provenance is inherited from the left-hand side [-Wcheri-provenance]
../st.c:2098:41: warning: binary expression on capability types 'unsigned __intcap' and 'st_data_t' (aka 'unsigned __intcap'); it is not clear which should be used as the source of provenance; currently provenance is inherited from the left-hand side [-Wcheri-provenance]
../st.c:2300:28: warning: binary expression on capability types 'st_index_t' (aka 'unsigned __intcap') and 'st_index_t'; it is not clear which should be used as the source of provenance; currently provenance is inherited from the left-hand side [-Wcheri-provenance]
../string.c:2158:16: warning: binary expression on capability types 'uintptr_t' (aka 'unsigned __intcap') and 'uintptr_t'; it is not clear which should be used as the source of provenance; currently provenance is inherited from the left-hand side [-Wcheri-provenance]
../string.c:2192:61: warning: binary expression on capability types 'uintptr_t' (aka 'unsigned __intcap') and 'uintptr_t'; it is not clear which should be used as the source of provenance; currently provenance is inherited from the left-hand side [-Wcheri-provenance]
../string.c:2192:45: warning: binary expression on capability types 'uintptr_t' (aka 'unsigned __intcap') and 'unsigned __intcap'; it is not clear which should be used as the source of provenance; currently provenance is inherited from the left-hand side [-Wcheri-provenance]
../string.c:2193:45: warning: binary expression on capability types 'uintptr_t' (aka 'unsigned __intcap') and 'uintptr_t'; it is not clear which should be used as the source of provenance; currently provenance is inherited from the left-hand side [-Wcheri-provenance]
../string.c:2968:57: warning: binary expression on capability types 'uintptr_t' (aka 'unsigned __intcap') and 'uintptr_t'; it is not clear which should be used as the source of provenance; currently provenance is inherited from the left-hand side [-Wcheri-provenance]
../string.c:2968:41: warning: binary expression on capability types 'uintptr_t' (aka 'unsigned __intcap') and 'unsigned __intcap'; it is not clear which should be used as the source of provenance; currently provenance is inherited from the left-hand side [-Wcheri-provenance]
../string.c:2969:41: warning: binary expression on capability types 'uintptr_t' (aka 'unsigned __intcap') and 'uintptr_t'; it is not clear which should be used as the source of provenance; currently provenance is inherited from the left-hand side [-Wcheri-provenance]
../string.c:11492:75: warning: flag '+' results in undefined behavior with 'x' conversion specifier [-Wformat]
../string.c:12455:39: warning: flag '+' results in undefined behavior with 'x' conversion specifier [-Wformat]
../symbol.c:150:46: warning: format specifies type 'unsigned long' but the argument has type 'VALUE' (aka 'unsigned __intcap') [-Wformat]
../symbol.c:169:66: warning: format specifies type 'unsigned long' but the argument has type 'VALUE' (aka 'unsigned __intcap') [-Wformat]
../symbol.c:529:28: warning: flag ' ' results in undefined behavior with 'x' conversion specifier [-Wformat]
../symbol.c:530:31: warning: format specifies type 'unsigned long' but the argument has type 'VALUE' (aka 'unsigned __intcap') [-Wformat]
../symbol.c:608:70: warning: flag '+' results in undefined behavior with 'x' conversion specifier [-Wformat]
../symbol.c:709:48: warning: format specifies type 'unsigned long' but the argument has type 'VALUE' (aka 'unsigned __intcap') [-Wformat]
../symbol.c:1137:39: warning: flag '+' results in undefined behavior with 'x' conversion specifier [-Wformat]
../symbol.c:1198:39: warning: flag '+' results in undefined behavior with 'x' conversion specifier [-Wformat]
../thread_pthread.c:2821:16: warning: cast from provenance-free integer type to pointer type will give pointer that can not be dereferenced [-Wcheri-capability-misuse]
../thread_sync.c:828:35: warning: flag '+' results in undefined behavior with 'x' conversion specifier [-Wformat]
../thread_sync.c:1179:48: warning: flag '+' results in undefined behavior with 'x' conversion specifier [-Wformat]
../thread.c:766:28: warning: format specifies type 'unsigned long' but the argument has type 'VALUE' (aka 'unsigned __intcap') [-Wformat]
../thread.c:3689:54: warning: flag '+' results in undefined behavior with 'x' conversion specifier [-Wformat]
../thread.c:5322:20: warning: flag '+' results in undefined behavior with 'x' conversion specifier [-Wformat]
../thread.c:5322:37: warning: flag '+' results in undefined behavior with 'x' conversion specifier [-Wformat]
../thread.c:5581:30: warning: flag '+' results in undefined behavior with 'x' conversion specifier [-Wformat]
../time.c:2578:47: warning: flag '+' results in undefined behavior with 'x' conversion specifier [-Wformat]
../time.c:2582:47: warning: flag '+' results in undefined behavior with 'x' conversion specifier [-Wformat]
../variable.c:400:53: warning: flag ' ' results in undefined behavior with 'x' conversion specifier [-Wformat]
../variable.c:3907:39: warning: flag ' ' results in undefined behavior with 'x' conversion specifier [-Wformat]
../vm_insnhelper.c:1046:35: warning: flag '+' results in undefined behavior with 'x' conversion specifier [-Wformat]
../vm_insnhelper.c:6826:21: warning: binary expression on capability types 'VALUE' (aka 'unsigned __intcap') and 'VALUE'; it is not clear which should be used as the source of provenance; currently provenance is inherited from the left-hand side [-Wcheri-provenance]
../vm_exec.c:105:5: warning: format specifies type 'long' but the argument has type 'VALUE' (aka 'unsigned __intcap') [-Wformat]
../vm_eval.c:405:25: warning: binary expression on capability types 'VALUE' (aka 'unsigned __intcap') and 'VALUE'; it is not clear which should be used as the source of provenance; currently provenance is inherited from the left-hand side [-Wcheri-provenance]
../vm_eval.c:789:45: warning: format specifies type 'unsigned long' but the argument has type 'VALUE' (aka 'unsigned __intcap') [-Wformat]
../vm_eval.c:795:48: warning: format specifies type 'unsigned long' but the argument has type 'VALUE' (aka 'unsigned __intcap') [-Wformat]
../vm_eval.c:801:48: warning: format specifies type 'unsigned long' but the argument has type 'VALUE' (aka 'unsigned __intcap') [-Wformat]
../vm.c:1291:70: warning: flag '+' results in undefined behavior with 'x' conversion specifier [-Wformat]
../vm_dump.c:262:53: warning: format specifies type 'unsigned long' but the argument has type 'VALUE' (aka 'unsigned __intcap') [-Wformat]
../addr2line.c:1946:62: warning: binary expression on capability types 'unsigned __intcap' and 'uintptr_t' (aka 'unsigned __intcap'); it is not clear which should be used as the source of provenance; currently provenance is inherited from the left-hand side [-Wcheri-provenance]
../addr2line.c:1963:40: warning: binary expression on capability types 'uintptr_t' (aka 'unsigned __intcap') and 'uintptr_t'; it is not clear which should be used as the source of provenance; currently provenance is inherited from the left-hand side [-Wcheri-provenance]
../../../../ext/-test-/fatal/invalid.c:14:14: warning: cast from provenance-free integer type to pointer type will give pointer that can not be dereferenced [-Wcheri-capability-misuse]
../../../../ext/-test-/fatal/invalid.c:20:13: warning: cast from provenance-free integer type to pointer type will give pointer that can not be dereferenced [-Wcheri-capability-misuse]
../../../../ext/-test-/printf/printf.c:13:53: warning: flag '+' results in undefined behavior with 'x' conversion specifier [-Wformat]
../../../../ext/-test-/printf/printf.c:19:53: warning: flag ' ' results in undefined behavior with 'x' conversion specifier [-Wformat]
../../../../../ext/-test-/st/foreach/foreach.c:27:72: warning: format specifies type 'unsigned long' but the argument has type 'VALUE' (aka 'unsigned __intcap') [-Wformat]
../../../../../ext/-test-/st/foreach/foreach.c:27:84: warning: format specifies type 'unsigned long' but the argument has type 'VALUE' (aka 'unsigned __intcap') [-Wformat]
../../../../../ext/-test-/st/foreach/foreach.c:30:72: warning: format specifies type 'unsigned long' but the argument has type 'VALUE' (aka 'unsigned __intcap') [-Wformat]
../../../../../ext/-test-/st/foreach/foreach.c:30:84: warning: format specifies type 'unsigned long' but the argument has type 'VALUE' (aka 'unsigned __intcap') [-Wformat]
../../../../../ext/-test-/st/foreach/foreach.c:66:79: warning: format specifies type 'unsigned long' but the argument has type 'VALUE' (aka 'unsigned __intcap') [-Wformat]
../../../../../ext/-test-/st/foreach/foreach.c:72:46: warning: flag '+' results in undefined behavior with 'x' conversion specifier [-Wformat]
../../../../../ext/-test-/st/foreach/foreach.c:93:71: warning: format specifies type 'unsigned long' but the argument has type 'VALUE' (aka 'unsigned __intcap') [-Wformat]
../../../../../ext/-test-/st/foreach/foreach.c:98:17: warning: format specifies type 'unsigned long' but the argument has type 'VALUE' (aka 'unsigned __intcap') [-Wformat]
../../../../../ext/-test-/st/foreach/foreach.c:98:30: warning: format specifies type 'unsigned long' but the argument has type 'VALUE' (aka 'unsigned __intcap') [-Wformat]
../../../../../ext/-test-/st/foreach/foreach.c:126:79: warning: format specifies type 'unsigned long' but the argument has type 'VALUE' (aka 'unsigned __intcap') [-Wformat]
../../../../../ext/-test-/st/foreach/foreach.c:133:46: warning: flag '+' results in undefined behavior with 'x' conversion specifier [-Wformat]
../../../../../ext/-test-/st/foreach/foreach.c:154:71: warning: format specifies type 'unsigned long' but the argument has type 'VALUE' (aka 'unsigned __intcap') [-Wformat]
../../../../../ext/-test-/st/foreach/foreach.c:159:17: warning: format specifies type 'unsigned long' but the argument has type 'VALUE' (aka 'unsigned __intcap') [-Wformat]
../../../../../ext/-test-/st/foreach/foreach.c:159:30: warning: format specifies type 'unsigned long' but the argument has type 'VALUE' (aka 'unsigned __intcap') [-Wformat]
../../../../../ext/-test-/thread/instrumentation/instrumentation.c:144:9: warning: cast from provenance-free integer type to pointer type will give pointer that can not be dereferenced [-Wcheri-capability-misuse]
../../../ext/date/date_core.c:7037:10: warning: flag '+' results in undefined behavior with 'x' conversion specifier [-Wformat]
../../../ext/date/date_core.c:7037:29: warning: flag '+' results in undefined behavior with 'x' conversion specifier [-Wformat]
../../../ext/openssl/ossl_pkey.c:256:61: warning: flag '+' results in undefined behavior with 'x' conversion specifier [-Wformat]
../../../ext/openssl/ossl_pkey.c:256:76: warning: flag '+' results in undefined behavior with 'x' conversion specifier [-Wformat]
../../../ext/openssl/ossl_pkey_ec.c:985:63: warning: flag '+' results in undefined behavior with 'x' conversion specifier [-Wformat]
../../../ext/openssl/ossl_ssl.c:150:51: warning: flag '+' results in undefined behavior with 'x' conversion specifier [-Wformat]
../../../ext/openssl/ossl_x509cert.c:683:49: warning: flag '+' results in undefined behavior with 'x' conversion specifier [-Wformat]
../../../ext/openssl/ossl_x509cert.c:684:18: warning: flag '+' results in undefined behavior with 'x' conversion specifier [-Wformat]
../../../ext/openssl/ossl_x509cert.c:684:40: warning: flag '+' results in undefined behavior with 'x' conversion specifier [-Wformat]
../../../ext/openssl/ossl_x509cert.c:685:22: warning: flag '+' results in undefined behavior with 'x' conversion specifier [-Wformat]
../../../ext/openssl/ossl_x509cert.c:685:47: warning: flag '+' results in undefined behavior with 'x' conversion specifier [-Wformat]
ripper.y:623:44: warning: flag '+' results in undefined behavior with 'x' conversion specifier [-Wformat]
ripper.y:642:53: warning: flag '+' results in undefined behavior with 'x' conversion specifier [-Wformat]
ripper.y:646:50: warning: flag '+' results in undefined behavior with 'x' conversion specifier [-Wformat]
ripper.y:667:56: warning: flag '+' results in undefined behavior with 'x' conversion specifier [-Wformat]
ripper.y:1354:9: warning: overflow in expression; result is 9223372036854775807 with type 'long' [-Winteger-overflow]
ripper.y:1354:9: warning: shift count >= width of type [-Wshift-count-overflow]
ripper.y:1362:5: warning: overflow in expression; result is 9223372036854775807 with type 'long' [-Winteger-overflow]
ripper.y:1362:5: warning: shift count >= width of type [-Wshift-count-overflow]
ripper.y:1636:5: warning: overflow in expression; result is 9223372036854775807 with type 'long' [-Winteger-overflow]
ripper.y:1636:5: warning: shift count >= width of type [-Wshift-count-overflow]
ripper.y:1973:29: warning: binary expression on capability types 'st_index_t' (aka 'unsigned __intcap') and 'st_index_t'; it is not clear which should be used as the source of provenance; currently provenance is inherited from the left-hand side [-Wcheri-provenance]
ripper.y:2626:31: warning: flag '+' results in undefined behavior with 'x' conversion specifier [-Wformat]
ripper.y:2629:31: warning: flag '+' results in undefined behavior with 'x' conversion specifier [-Wformat]
ripper.y:2632:31: warning: flag '+' results in undefined behavior with 'x' conversion specifier [-Wformat]
ripper.y:2635:31: warning: flag '+' results in undefined behavior with 'x' conversion specifier [-Wformat]
ripper.y:2626:31: warning: flag '+' results in undefined behavior with 'x' conversion specifier [-Wformat]
ripper.y:2629:31: warning: flag '+' results in undefined behavior with 'x' conversion specifier [-Wformat]
ripper.y:2632:31: warning: flag '+' results in undefined behavior with 'x' conversion specifier [-Wformat]
ripper.y:2635:31: warning: flag '+' results in undefined behavior with 'x' conversion specifier [-Wformat]
ripper.y:2626:31: warning: flag '+' results in undefined behavior with 'x' conversion specifier [-Wformat]
ripper.y:2629:31: warning: flag '+' results in undefined behavior with 'x' conversion specifier [-Wformat]
ripper.y:2632:31: warning: flag '+' results in undefined behavior with 'x' conversion specifier [-Wformat]
ripper.y:2635:31: warning: flag '+' results in undefined behavior with 'x' conversion specifier [-Wformat]
ripper.y:2626:31: warning: flag '+' results in undefined behavior with 'x' conversion specifier [-Wformat]
ripper.y:2629:31: warning: flag '+' results in undefined behavior with 'x' conversion specifier [-Wformat]
ripper.y:2632:31: warning: flag '+' results in undefined behavior with 'x' conversion specifier [-Wformat]
ripper.y:2635:31: warning: flag '+' results in undefined behavior with 'x' conversion specifier [-Wformat]
ripper.y:2626:31: warning: flag '+' results in undefined behavior with 'x' conversion specifier [-Wformat]
ripper.y:2629:31: warning: flag '+' results in undefined behavior with 'x' conversion specifier [-Wformat]
ripper.y:2632:31: warning: flag '+' results in undefined behavior with 'x' conversion specifier [-Wformat]
ripper.y:2635:31: warning: flag '+' results in undefined behavior with 'x' conversion specifier [-Wformat]
ripper.y:2626:31: warning: flag '+' results in undefined behavior with 'x' conversion specifier [-Wformat]
ripper.y:2629:31: warning: flag '+' results in undefined behavior with 'x' conversion specifier [-Wformat]
ripper.y:2632:31: warning: flag '+' results in undefined behavior with 'x' conversion specifier [-Wformat]
ripper.y:2635:31: warning: flag '+' results in undefined behavior with 'x' conversion specifier [-Wformat]
ripper.y:4402:25: warning: overflow in expression; result is 9223372036854775807 with type 'long' [-Winteger-overflow]
ripper.y:4607:25: warning: overflow in expression; result is 9223372036854775807 with type 'long' [-Winteger-overflow]
ripper.y:4609:25: warning: overflow in expression; result is 9223372036854775807 with type 'long' [-Winteger-overflow]
ripper.y:4625:25: warning: overflow in expression; result is 9223372036854775807 with type 'long' [-Winteger-overflow]
ripper.y:4643:25: warning: overflow in expression; result is 9223372036854775807 with type 'long' [-Winteger-overflow]
ripper.y:4645:25: warning: overflow in expression; result is 9223372036854775807 with type 'long' [-Winteger-overflow]
ripper.y:5197:29: warning: overflow in expression; result is 9223372036854775807 with type 'long' [-Winteger-overflow]
ripper.y:5198:29: warning: overflow in expression; result is 9223372036854775807 with type 'long' [-Winteger-overflow]
ripper.y:5298:25: warning: overflow in expression; result is 9223372036854775807 with type 'long' [-Winteger-overflow]
ripper.y:5307:25: warning: overflow in expression; result is 9223372036854775807 with type 'long' [-Winteger-overflow]
ripper.y:5318:25: warning: overflow in expression; result is 9223372036854775807 with type 'long' [-Winteger-overflow]
ripper.y:5324:25: warning: overflow in expression; result is 9223372036854775807 with type 'long' [-Winteger-overflow]
ripper.y:6176:25: warning: overflow in expression; result is 9223372036854775807 with type 'long' [-Winteger-overflow]
ripper.y:4402:25: warning: shift count >= width of type [-Wshift-count-overflow]
ripper.y:4607:25: warning: shift count >= width of type [-Wshift-count-overflow]
ripper.y:4609:25: warning: shift count >= width of type [-Wshift-count-overflow]
ripper.y:4625:25: warning: shift count >= width of type [-Wshift-count-overflow]
ripper.y:4643:25: warning: shift count >= width of type [-Wshift-count-overflow]
ripper.y:4645:25: warning: shift count >= width of type [-Wshift-count-overflow]
ripper.y:5197:29: warning: shift count >= width of type [-Wshift-count-overflow]
ripper.y:5198:29: warning: shift count >= width of type [-Wshift-count-overflow]
ripper.y:5298:25: warning: shift count >= width of type [-Wshift-count-overflow]
ripper.y:5307:25: warning: shift count >= width of type [-Wshift-count-overflow]
ripper.y:5318:25: warning: shift count >= width of type [-Wshift-count-overflow]
ripper.y:5324:25: warning: shift count >= width of type [-Wshift-count-overflow]
ripper.y:6176:25: warning: shift count >= width of type [-Wshift-count-overflow]
ripper.y:11331:5: warning: overflow in expression; result is 9223372036854775807 with type 'long' [-Winteger-overflow]
ripper.y:11331:5: warning: shift count >= width of type [-Wshift-count-overflow]
ripper.y:12549:5: warning: overflow in expression; result is 9223372036854775807 with type 'long' [-Winteger-overflow]
ripper.y:12549:5: warning: shift count >= width of type [-Wshift-count-overflow]
ripper.y:12782:5: warning: overflow in expression; result is 9223372036854775807 with type 'long' [-Winteger-overflow]
ripper.y:12782:5: warning: shift count >= width of type [-Wshift-count-overflow]
ripper.y:12854:5: warning: overflow in expression; result is 9223372036854775807 with type 'long' [-Winteger-overflow]
ripper.y:12854:5: warning: shift count >= width of type [-Wshift-count-overflow]
ripper.y:12864:5: warning: overflow in expression; result is 9223372036854775807 with type 'long' [-Winteger-overflow]
ripper.y:12864:5: warning: shift count >= width of type [-Wshift-count-overflow]
ripper.y:12872:5: warning: overflow in expression; result is 9223372036854775807 with type 'long' [-Winteger-overflow]
ripper.y:12872:5: warning: shift count >= width of type [-Wshift-count-overflow]
ripper.y:12910:17: warning: overflow in expression; result is 9223372036854775807 with type 'long' [-Winteger-overflow]
ripper.y:12920:21: warning: overflow in expression; result is 9223372036854775807 with type 'long' [-Winteger-overflow]
ripper.y:12938:5: warning: overflow in expression; result is 9223372036854775807 with type 'long' [-Winteger-overflow]
ripper.y:12910:17: warning: shift count >= width of type [-Wshift-count-overflow]
ripper.y:12920:21: warning: shift count >= width of type [-Wshift-count-overflow]
ripper.y:12938:5: warning: shift count >= width of type [-Wshift-count-overflow]
ripper.y:14366:9: warning: overflow in expression; result is 9223372036854775807 with type 'long' [-Winteger-overflow]
ripper.y:14371:5: warning: overflow in expression; result is 9223372036854775807 with type 'long' [-Winteger-overflow]
ripper.y:14366:9: warning: shift count >= width of type [-Wshift-count-overflow]
ripper.y:14371:5: warning: shift count >= width of type [-Wshift-count-overflow]
ripper.y:14882:9: warning: overflow in expression; result is 9223372036854775807 with type 'long' [-Winteger-overflow]
ripper.y:14882:9: warning: shift count >= width of type [-Wshift-count-overflow]
../../../ext/socket/socket.c:30:35: warning: flag '+' results in undefined behavior with 'x' conversion specifier [-Wformat]
../../../ext/socket/socket.c:30:54: warning: flag ' ' results in undefined behavior with 'x' conversion specifier [-Wformat]
../../../ext/socket/socket.c:52:39: warning: flag ' ' results in undefined behavior with 'x' conversion specifier [-Wformat]
../../../ext/socket/ancdata.c:1359:12: warning: cast from provenance-free integer type to pointer type will give pointer that can not be dereferenced [-Wcheri-capability-misuse]
