../bignum.c:3765:59: warning: flag '+' results in undefined behavior with 'x' conversion specifier [-Wformat]
../compile.c:7532:104: warning: flag '+' results in undefined behavior with 'x' conversion specifier [-Wformat]
../compile.c:11647:59: warning: flag '+' results in undefined behavior with 'x' conversion specifier [-Wformat]
../compile.c:11835:54: warning: flag '+' results in undefined behavior with 'x' conversion specifier [-Wformat]
../compile.c:11988:43: warning: flag '+' results in undefined behavior with 'x' conversion specifier [-Wformat]
../compile.c:11988:65: warning: flag '+' results in undefined behavior with 'x' conversion specifier [-Wformat]
../compile.c:12051:75: warning: flag '+' results in undefined behavior with 'x' conversion specifier [-Wformat]
../compile.c:12186:63: warning: flag '+' results in undefined behavior with 'x' conversion specifier [-Wformat]
../compile.c:12194:68: warning: flag '+' results in undefined behavior with 'x' conversion specifier [-Wformat]
../compile.c:13584:43: warning: flag '+' results in undefined behavior with 'x' conversion specifier [-Wformat]
../prism_compile.c:2870:83: warning: flag '+' results in undefined behavior with 'x' conversion specifier [-Wformat]
../complex.c:2235:63: warning: flag '+' results in undefined behavior with 'x' conversion specifier [-Wformat]
../enumerator.c:1125:48: warning: flag '+' results in undefined behavior with 'x' conversion specifier [-Wformat]
../enumerator.c:1141:40: warning: flag '+' results in undefined behavior with 'x' conversion specifier [-Wformat]
../enumerator.c:1161:24: warning: flag ' ' results in undefined behavior with 'x' conversion specifier [-Wformat]
../enumerator.c:3343:41: warning: flag '+' results in undefined behavior with 'x' conversion specifier [-Wformat]
../enumerator.c:3699:41: warning: flag '+' results in undefined behavior with 'x' conversion specifier [-Wformat]
../enumerator.c:3889:32: warning: flag '+' results in undefined behavior with 'x' conversion specifier [-Wformat]
../error.c:1665:34: warning: flag '+' results in undefined behavior with 'x' conversion specifier [-Wformat]
../error.c:1851:29: warning: flag '+' results in undefined behavior with 'x' conversion specifier [-Wformat]
../error.c:2787:52: warning: flag '+' results in undefined behavior with 'x' conversion specifier [-Wformat]
../error.c:2965:68: warning: flag '+' results in undefined behavior with 'x' conversion specifier [-Wformat]
../error.c:2969:68: warning: flag '+' results in undefined behavior with 'x' conversion specifier [-Wformat]
../error.c:2969:89: warning: flag '+' results in undefined behavior with 'x' conversion specifier [-Wformat]
../gc.c:288:46: warning: flag '+' results in undefined behavior with 'x' conversion specifier [-Wformat]
../gc/default/default.c:1579:36: warning: flag '+' results in undefined behavior with 'x' conversion specifier [-Wformat]
../gc/default/default.c:1582:36: warning: flag '+' results in undefined behavior with 'x' conversion specifier [-Wformat]
../gc.c:1813:40: warning: flag '+' results in undefined behavior with 'x' conversion specifier [-Wformat]
../gc.c:1822:36: warning: flag '+' results in undefined behavior with 'x' conversion specifier [-Wformat]
../io.c:2309:48: warning: flag '+' results in undefined behavior with 'x' conversion specifier [-Wformat]
../io.c:10899:57: warning: flag '+' results in undefined behavior with 'x' conversion specifier [-Wformat]
../marshal.c:241:64: warning: flag ' ' results in undefined behavior with 'x' conversion specifier [-Wformat]
../marshal.c:245:59: warning: flag ' ' results in undefined behavior with 'x' conversion specifier [-Wformat]
../marshal.c:258:35: warning: flag ' ' results in undefined behavior with 'x' conversion specifier [-Wformat]
../marshal.c:1560:67: warning: flag '+' results in undefined behavior with 'x' conversion specifier [-Wformat]
../numeric.c:249:57: warning: flag ' ' results in undefined behavior with 'x' conversion specifier [-Wformat]
../object.c:3377:36: warning: flag '+' results in undefined behavior with 'x' conversion specifier [-Wformat]
../object.c:3379:20: warning: flag '+' results in undefined behavior with 'x' conversion specifier [-Wformat]
../object.c:3517:61: warning: flag '+' results in undefined behavior with 'x' conversion specifier [-Wformat]
parse.y:2626:31: warning: flag '+' results in undefined behavior with 'x' conversion specifier [-Wformat]
parse.y:2629:31: warning: flag '+' results in undefined behavior with 'x' conversion specifier [-Wformat]
parse.y:2632:31: warning: flag '+' results in undefined behavior with 'x' conversion specifier [-Wformat]
parse.y:2635:31: warning: flag '+' results in undefined behavior with 'x' conversion specifier [-Wformat]
parse.y:2626:31: warning: flag '+' results in undefined behavior with 'x' conversion specifier [-Wformat]
parse.y:2629:31: warning: flag '+' results in undefined behavior with 'x' conversion specifier [-Wformat]
parse.y:2632:31: warning: flag '+' results in undefined behavior with 'x' conversion specifier [-Wformat]
parse.y:2635:31: warning: flag '+' results in undefined behavior with 'x' conversion specifier [-Wformat]
parse.y:2626:31: warning: flag '+' results in undefined behavior with 'x' conversion specifier [-Wformat]
parse.y:2629:31: warning: flag '+' results in undefined behavior with 'x' conversion specifier [-Wformat]
parse.y:2632:31: warning: flag '+' results in undefined behavior with 'x' conversion specifier [-Wformat]
parse.y:2635:31: warning: flag '+' results in undefined behavior with 'x' conversion specifier [-Wformat]
parse.y:2626:31: warning: flag '+' results in undefined behavior with 'x' conversion specifier [-Wformat]
parse.y:2629:31: warning: flag '+' results in undefined behavior with 'x' conversion specifier [-Wformat]
parse.y:2632:31: warning: flag '+' results in undefined behavior with 'x' conversion specifier [-Wformat]
parse.y:2635:31: warning: flag '+' results in undefined behavior with 'x' conversion specifier [-Wformat]
parse.y:2626:31: warning: flag '+' results in undefined behavior with 'x' conversion specifier [-Wformat]
parse.y:2629:31: warning: flag '+' results in undefined behavior with 'x' conversion specifier [-Wformat]
parse.y:2632:31: warning: flag '+' results in undefined behavior with 'x' conversion specifier [-Wformat]
parse.y:2635:31: warning: flag '+' results in undefined behavior with 'x' conversion specifier [-Wformat]
parse.y:2626:31: warning: flag '+' results in undefined behavior with 'x' conversion specifier [-Wformat]
parse.y:2629:31: warning: flag '+' results in undefined behavior with 'x' conversion specifier [-Wformat]
parse.y:2632:31: warning: flag '+' results in undefined behavior with 'x' conversion specifier [-Wformat]
parse.y:2635:31: warning: flag '+' results in undefined behavior with 'x' conversion specifier [-Wformat]
parse.y:14727:33: warning: flag '+' results in undefined behavior with 'x' conversion specifier [-Wformat]
../st.c:1831:9: warning: 'UNALIGNED_ADD_ALL' macro redefined [-Wmacro-redefined]
../proc.c:1581:32: warning: flag '+' results in undefined behavior with 'x' conversion specifier [-Wformat]
../proc.c:2281:64: warning: flag ' ' results in undefined behavior with 'x' conversion specifier [-Wformat]
../proc.c:2637:76: warning: flag ' ' results in undefined behavior with 'x' conversion specifier [-Wformat]
../proc.c:3175:26: warning: flag ' ' results in undefined behavior with 'x' conversion specifier [-Wformat]
../proc.c:3233:33: warning: flag ' ' results in undefined behavior with 'x' conversion specifier [-Wformat]
../process.c:2308:64: warning: flag ' ' results in undefined behavior with 'x' conversion specifier [-Wformat]
../process.c:5539:53: warning: flag ' ' results in undefined behavior with 'x' conversion specifier [-Wformat]
../process.c:8535:13: warning: flag '+' results in undefined behavior with 'x' conversion specifier [-Wformat]
../process.c:8545:5: warning: flag '+' results in undefined behavior with 'x' conversion specifier [-Wformat]
../process.c:8706:13: warning: flag '+' results in undefined behavior with 'x' conversion specifier [-Wformat]
../process.c:8716:5: warning: flag '+' results in undefined behavior with 'x' conversion specifier [-Wformat]
../range.c:1897:36: warning: flag '+' results in undefined behavior with 'x' conversion specifier [-Wformat]
../rational.c:2490:63: warning: flag '+' results in undefined behavior with 'x' conversion specifier [-Wformat]
../re.c:1196:64: warning: flag ' ' results in undefined behavior with 'x' conversion specifier [-Wformat]
../signal.c:237:60: warning: flag ' ' results in undefined behavior with 'x' conversion specifier [-Wformat]
../st.c:1831:9: warning: 'UNALIGNED_ADD_ALL' macro redefined [-Wmacro-redefined]
../string.c:11492:75: warning: flag '+' results in undefined behavior with 'x' conversion specifier [-Wformat]
../string.c:12455:39: warning: flag '+' results in undefined behavior with 'x' conversion specifier [-Wformat]
../symbol.c:529:28: warning: flag ' ' results in undefined behavior with 'x' conversion specifier [-Wformat]
../symbol.c:608:70: warning: flag '+' results in undefined behavior with 'x' conversion specifier [-Wformat]
../symbol.c:1137:39: warning: flag '+' results in undefined behavior with 'x' conversion specifier [-Wformat]
../symbol.c:1198:39: warning: flag '+' results in undefined behavior with 'x' conversion specifier [-Wformat]
../thread_sync.c:828:35: warning: flag '+' results in undefined behavior with 'x' conversion specifier [-Wformat]
../thread_sync.c:1179:48: warning: flag '+' results in undefined behavior with 'x' conversion specifier [-Wformat]
../thread.c:3689:54: warning: flag '+' results in undefined behavior with 'x' conversion specifier [-Wformat]
../thread.c:5322:20: warning: flag '+' results in undefined behavior with 'x' conversion specifier [-Wformat]
../thread.c:5322:37: warning: flag '+' results in undefined behavior with 'x' conversion specifier [-Wformat]
../thread.c:5581:30: warning: flag '+' results in undefined behavior with 'x' conversion specifier [-Wformat]
../time.c:2578:47: warning: flag '+' results in undefined behavior with 'x' conversion specifier [-Wformat]
../time.c:2582:47: warning: flag '+' results in undefined behavior with 'x' conversion specifier [-Wformat]
../variable.c:400:53: warning: flag ' ' results in undefined behavior with 'x' conversion specifier [-Wformat]
../variable.c:3907:39: warning: flag ' ' results in undefined behavior with 'x' conversion specifier [-Wformat]
../vm_insnhelper.c:1046:35: warning: flag '+' results in undefined behavior with 'x' conversion specifier [-Wformat]
../vm.c:1291:70: warning: flag '+' results in undefined behavior with 'x' conversion specifier [-Wformat]
../../../../ext/-test-/printf/printf.c:13:53: warning: flag '+' results in undefined behavior with 'x' conversion specifier [-Wformat]
../../../../ext/-test-/printf/printf.c:19:53: warning: flag ' ' results in undefined behavior with 'x' conversion specifier [-Wformat]
../../../../../ext/-test-/st/foreach/foreach.c:72:46: warning: flag '+' results in undefined behavior with 'x' conversion specifier [-Wformat]
../../../../../ext/-test-/st/foreach/foreach.c:133:46: warning: flag '+' results in undefined behavior with 'x' conversion specifier [-Wformat]
../../../ext/date/date_core.c:7037:10: warning: flag '+' results in undefined behavior with 'x' conversion specifier [-Wformat]
../../../ext/date/date_core.c:7037:29: warning: flag '+' results in undefined behavior with 'x' conversion specifier [-Wformat]
../../../ext/openssl/ossl_pkey.c:256:61: warning: flag '+' results in undefined behavior with 'x' conversion specifier [-Wformat]
../../../ext/openssl/ossl_pkey.c:256:76: warning: flag '+' results in undefined behavior with 'x' conversion specifier [-Wformat]
../../../ext/openssl/ossl_pkey_ec.c:985:63: warning: flag '+' results in undefined behavior with 'x' conversion specifier [-Wformat]
../../../ext/openssl/ossl_ssl.c:150:51: warning: flag '+' results in undefined behavior with 'x' conversion specifier [-Wformat]
../../../ext/openssl/ossl_x509cert.c:683:49: warning: flag '+' results in undefined behavior with 'x' conversion specifier [-Wformat]
../../../ext/openssl/ossl_x509cert.c:684:18: warning: flag '+' results in undefined behavior with 'x' conversion specifier [-Wformat]
../../../ext/openssl/ossl_x509cert.c:684:40: warning: flag '+' results in undefined behavior with 'x' conversion specifier [-Wformat]
../../../ext/openssl/ossl_x509cert.c:685:22: warning: flag '+' results in undefined behavior with 'x' conversion specifier [-Wformat]
../../../ext/openssl/ossl_x509cert.c:685:47: warning: flag '+' results in undefined behavior with 'x' conversion specifier [-Wformat]
ripper.y:623:44: warning: flag '+' results in undefined behavior with 'x' conversion specifier [-Wformat]
ripper.y:642:53: warning: flag '+' results in undefined behavior with 'x' conversion specifier [-Wformat]
ripper.y:646:50: warning: flag '+' results in undefined behavior with 'x' conversion specifier [-Wformat]
ripper.y:667:56: warning: flag '+' results in undefined behavior with 'x' conversion specifier [-Wformat]
ripper.y:2626:31: warning: flag '+' results in undefined behavior with 'x' conversion specifier [-Wformat]
ripper.y:2629:31: warning: flag '+' results in undefined behavior with 'x' conversion specifier [-Wformat]
ripper.y:2632:31: warning: flag '+' results in undefined behavior with 'x' conversion specifier [-Wformat]
ripper.y:2635:31: warning: flag '+' results in undefined behavior with 'x' conversion specifier [-Wformat]
ripper.y:2626:31: warning: flag '+' results in undefined behavior with 'x' conversion specifier [-Wformat]
ripper.y:2629:31: warning: flag '+' results in undefined behavior with 'x' conversion specifier [-Wformat]
ripper.y:2632:31: warning: flag '+' results in undefined behavior with 'x' conversion specifier [-Wformat]
ripper.y:2635:31: warning: flag '+' results in undefined behavior with 'x' conversion specifier [-Wformat]
ripper.y:2626:31: warning: flag '+' results in undefined behavior with 'x' conversion specifier [-Wformat]
ripper.y:2629:31: warning: flag '+' results in undefined behavior with 'x' conversion specifier [-Wformat]
ripper.y:2632:31: warning: flag '+' results in undefined behavior with 'x' conversion specifier [-Wformat]
ripper.y:2635:31: warning: flag '+' results in undefined behavior with 'x' conversion specifier [-Wformat]
ripper.y:2626:31: warning: flag '+' results in undefined behavior with 'x' conversion specifier [-Wformat]
ripper.y:2629:31: warning: flag '+' results in undefined behavior with 'x' conversion specifier [-Wformat]
ripper.y:2632:31: warning: flag '+' results in undefined behavior with 'x' conversion specifier [-Wformat]
ripper.y:2635:31: warning: flag '+' results in undefined behavior with 'x' conversion specifier [-Wformat]
ripper.y:2626:31: warning: flag '+' results in undefined behavior with 'x' conversion specifier [-Wformat]
ripper.y:2629:31: warning: flag '+' results in undefined behavior with 'x' conversion specifier [-Wformat]
ripper.y:2632:31: warning: flag '+' results in undefined behavior with 'x' conversion specifier [-Wformat]
ripper.y:2635:31: warning: flag '+' results in undefined behavior with 'x' conversion specifier [-Wformat]
ripper.y:2626:31: warning: flag '+' results in undefined behavior with 'x' conversion specifier [-Wformat]
ripper.y:2629:31: warning: flag '+' results in undefined behavior with 'x' conversion specifier [-Wformat]
ripper.y:2632:31: warning: flag '+' results in undefined behavior with 'x' conversion specifier [-Wformat]
ripper.y:2635:31: warning: flag '+' results in undefined behavior with 'x' conversion specifier [-Wformat]
../../../ext/socket/socket.c:30:35: warning: flag '+' results in undefined behavior with 'x' conversion specifier [-Wformat]
../../../ext/socket/socket.c:30:54: warning: flag ' ' results in undefined behavior with 'x' conversion specifier [-Wformat]
../../../ext/socket/socket.c:52:39: warning: flag ' ' results in undefined behavior with 'x' conversion specifier [-Wformat]
