../compile.c:13585:30: warning: format specifies type 'unsigned long' but the argument has type 'VALUE' (aka 'unsigned __intcap') [-Wformat]
../gc/default/default.c:1960:88: warning: format specifies type 'unsigned long' but the argument has type 'unsigned __intcap __attribute__((cheri_no_provenance))' [-Wformat]
../gc/default/default.c:4085:26: warning: binary expression on capability types 'bits_t' (aka 'unsigned __intcap') and 'bits_t'; it is not clear which should be used as the source of provenance; currently provenance is inherited from the left-hand side [-Wcheri-provenance]
../gc/default/default.c:4093:30: warning: binary expression on capability types 'bits_t' (aka 'unsigned __intcap') and 'bits_t'; it is not clear which should be used as the source of provenance; currently provenance is inherited from the left-hand side [-Wcheri-provenance]
../gc/default/default.c:5345:36: warning: binary expression on capability types 'bits_t' (aka 'unsigned __intcap') and 'bits_t'; it is not clear which should be used as the source of provenance; currently provenance is inherited from the left-hand side [-Wcheri-provenance]
../gc/default/default.c:5351:40: warning: binary expression on capability types 'bits_t' (aka 'unsigned __intcap') and 'bits_t'; it is not clear which should be used as the source of provenance; currently provenance is inherited from the left-hand side [-Wcheri-provenance]
../gc/default/default.c:5630:28: warning: binary expression on capability types 'bits_t' (aka 'unsigned __intcap') and 'bits_t'; it is not clear which should be used as the source of provenance; currently provenance is inherited from the left-hand side [-Wcheri-provenance]
../gc/default/default.c:5639:32: warning: binary expression on capability types 'bits_t' (aka 'unsigned __intcap') and 'bits_t'; it is not clear which should be used as the source of provenance; currently provenance is inherited from the left-hand side [-Wcheri-provenance]
../gc/default/default.c:5972:71: warning: binary expression on capability types 'bits_t' (aka 'unsigned __intcap') and 'bits_t'; it is not clear which should be used as the source of provenance; currently provenance is inherited from the left-hand side [-Wcheri-provenance]
../gc/default/default.c:5972:46: warning: binary expression on capability types 'bits_t' (aka 'unsigned __intcap') and 'unsigned __intcap'; it is not clear which should be used as the source of provenance; currently provenance is inherited from the left-hand side [-Wcheri-provenance]
../gc/default/default.c:6085:94: warning: format specifies type 'unsigned long' but the argument has type 'VALUE' (aka 'unsigned __intcap') [-Wformat]
../gc/default/default.c:6086:94: warning: format specifies type 'unsigned long' but the argument has type 'VALUE' (aka 'unsigned __intcap') [-Wformat]
../gc.c:1448:9: warning: format specifies type 'unsigned long' but the argument has type 'VALUE __attribute__((cheri_no_provenance))' (aka 'unsigned __intcap') [-Wformat]
../gc.c:1472:47: warning: format specifies type 'unsigned long' but the argument has type 'VALUE __attribute__((cheri_no_provenance))' (aka 'unsigned __intcap') [-Wformat]
../gc.c:1498:13: warning: format specifies type 'unsigned long' but the argument has type 'VALUE __attribute__((cheri_no_provenance))' (aka 'unsigned __intcap') [-Wformat]
../gc.c:2023:9: warning: format specifies type 'unsigned long' but the argument has type 'VALUE __attribute__((cheri_no_provenance))' (aka 'unsigned __intcap') [-Wformat]
../gc.c:2693:9: warning: format specifies type 'unsigned long' but the argument has type 'VALUE __attribute__((cheri_no_provenance))' (aka 'unsigned __intcap') [-Wformat]
../gc.c:4154:13: warning: format specifies type 'unsigned long' but the argument has type 'VALUE __attribute__((cheri_no_provenance))' (aka 'unsigned __intcap') [-Wformat]
../hash.c:326:1: warning: non-void function does not return a value [-Wreturn-type]
../hash.c:1484:54: warning: binary expression on capability types 'unsigned __intcap' and 'VALUE' (aka 'unsigned __intcap'); it is not clear which should be used as the source of provenance; currently provenance is inherited from the left-hand side [-Wcheri-provenance]
../hash.c:1484:54: warning: binary expression on capability types 'unsigned __intcap' and 'VALUE' (aka 'unsigned __intcap'); it is not clear which should be used as the source of provenance; currently provenance is inherited from the left-hand side [-Wcheri-provenance]
../hash.c:1484:54: warning: binary expression on capability types 'unsigned __intcap' and 'VALUE' (aka 'unsigned __intcap'); it is not clear which should be used as the source of provenance; currently provenance is inherited from the left-hand side [-Wcheri-provenance]
../io.c:569:43: warning: binary expression on capability types 'unsigned __intcap' and 'unsigned __intcap'; it is not clear which should be used as the source of provenance; currently provenance is inherited from the left-hand side [-Wcheri-provenance]
../iseq.c:2407:40: warning: format specifies type 'long' but the argument has type 'VALUE' (aka 'unsigned __intcap') [-Wformat]
../iseq.c:2435:40: warning: format specifies type 'unsigned long' but the argument has type 'VALUE' (aka 'unsigned __intcap') [-Wformat]
../iseq.c:2823:30: warning: format specifies type 'long' but the argument has type 'VALUE' (aka 'unsigned __intcap') [-Wformat]
../load.c:1613:23: warning: cast from provenance-free integer type to pointer type will give pointer that can not be dereferenced [-Wcheri-capability-misuse]
../marshal.c:471:75: warning: format specifies type 'long' but the argument has type 'VALUE' (aka 'unsigned __intcap') [-Wformat]
../node.c:80:5: warning: binary expression on capability types 'unsigned __intcap' and 'unsigned __intcap'; it is not clear which should be used as the source of provenance; currently provenance is inherited from the left-hand side [-Wcheri-provenance]
../node.c:439:12: warning: binary expression on capability types 'unsigned __intcap' and 'unsigned __intcap'; it is not clear which should be used as the source of provenance; currently provenance is inherited from the left-hand side [-Wcheri-provenance]
../numeric.c:4420:53: warning: binary expression on capability types 'VALUE' (aka 'unsigned __intcap') and 'VALUE'; it is not clear which should be used as the source of provenance; currently provenance is inherited from the left-hand side [-Wcheri-provenance]
../object.c:155:32: warning: binary expression on capability types 'VALUE' (aka 'unsigned __intcap') and 'VALUE'; it is not clear which should be used as the source of provenance; currently provenance is inherited from the left-hand side [-Wcheri-provenance]
../object.c:155:50: warning: binary expression on capability types 'unsigned __intcap' and 'unsigned __intcap'; it is not clear which should be used as the source of provenance; currently provenance is inherited from the left-hand side [-Wcheri-provenance]
parse.y:1973:29: warning: binary expression on capability types 'st_index_t' (aka 'unsigned __intcap') and 'st_index_t'; it is not clear which should be used as the source of provenance; currently provenance is inherited from the left-hand side [-Wcheri-provenance]
parse.y:13387:32: warning: binary expression on capability types 'stack_type' (aka 'unsigned __intcap') and 'stack_type'; it is not clear which should be used as the source of provenance; currently provenance is inherited from the left-hand side [-Wcheri-provenance]
parse.y:13388:57: warning: binary expression on capability types 'stack_type' (aka 'unsigned __intcap') and 'stack_type'; it is not clear which should be used as the source of provenance; currently provenance is inherited from the left-hand side [-Wcheri-provenance]
../parser_bits.h:536:27: warning: binary expression on capability types 'VALUE' (aka 'unsigned __intcap') and 'VALUE'; it is not clear which should be used as the source of provenance; currently provenance is inherited from the left-hand side [-Wcheri-provenance]
../parser_bits.h:560:28: warning: binary expression on capability types 'VALUE' (aka 'unsigned __intcap') and 'VALUE'; it is not clear which should be used as the source of provenance; currently provenance is inherited from the left-hand side [-Wcheri-provenance]
../st.c:1632:31: warning: cast from provenance-free integer type to pointer type will give pointer that can not be dereferenced [-Wcheri-capability-misuse]
../st.c:1774:10: warning: shift count >= width of type [-Wshift-count-overflow]
../st.c:1776:9: warning: shift count >= width of type [-Wshift-count-overflow]
../st.c:1800:12: warning: shift count >= width of type [-Wshift-count-overflow]
../st.c:1802:12: warning: shift count >= width of type [-Wshift-count-overflow]
../st.c:1831:9: warning: 'UNALIGNED_ADD_ALL' macro redefined [-Wmacro-redefined]
../st.c:1951:22: warning: shift count >= width of type [-Wshift-count-overflow]
../st.c:1974:26: warning: shift count >= width of type [-Wshift-count-overflow]
../st.c:1997:35: warning: cast from provenance-free integer type to pointer type will give pointer that can not be dereferenced [-Wcheri-capability-misuse]
../st.c:2054:22: warning: cast from provenance-free integer type to pointer type will give pointer that can not be dereferenced [-Wcheri-capability-misuse]
../st.c:2055:22: warning: cast from provenance-free integer type to pointer type will give pointer that can not be dereferenced [-Wcheri-capability-misuse]
../st.c:2062:22: warning: cast from provenance-free integer type to pointer type will give pointer that can not be dereferenced [-Wcheri-capability-misuse]
../st.c:2063:22: warning: cast from provenance-free integer type to pointer type will give pointer that can not be dereferenced [-Wcheri-capability-misuse]
../st.c:2071:35: warning: cast from provenance-free integer type to pointer type will give pointer that can not be dereferenced [-Wcheri-capability-misuse]
../ractor.c:3580:27: warning: binary expression on capability types 'VALUE' (aka 'unsigned __intcap') and 'VALUE'; it is not clear which should be used as the source of provenance; currently provenance is inherited from the left-hand side [-Wcheri-provenance]
../ractor.c:3611:30: warning: binary expression on capability types 'VALUE' (aka 'unsigned __intcap') and 'VALUE'; it is not clear which should be used as the source of provenance; currently provenance is inherited from the left-hand side [-Wcheri-provenance]
../ractor.c:3611:57: warning: binary expression on capability types 'VALUE' (aka 'unsigned __intcap') and 'VALUE'; it is not clear which should be used as the source of provenance; currently provenance is inherited from the left-hand side [-Wcheri-provenance]
../ractor.c:3611:43: warning: binary expression on capability types 'unsigned __intcap' and 'unsigned __intcap'; it is not clear which should be used as the source of provenance; currently provenance is inherited from the left-hand side [-Wcheri-provenance]
../random.c:1748:45: warning: binary expression on capability types 'st_index_t' (aka 'unsigned __intcap') and 'st_index_t'; it is not clear which should be used as the source of provenance; currently provenance is inherited from the left-hand side [-Wcheri-provenance]
../regparse.c:412:14: warning: binary expression on capability types 'st_index_t' (aka 'unsigned __intcap') and 'st_index_t'; it is not clear which should be used as the source of provenance; currently provenance is inherited from the left-hand side [-Wcheri-provenance]
../st.c:449:23: warning: binary expression on capability types 'st_hash_t' (aka 'unsigned __intcap') and 'st_index_t' (aka 'unsigned __intcap'); it is not clear which should be used as the source of provenance; currently provenance is inherited from the left-hand side [-Wcheri-provenance]
../st.c:672:12: warning: binary expression on capability types 'unsigned __intcap' and 'unsigned __intcap'; it is not clear which should be used as the source of provenance; currently provenance is inherited from the left-hand side [-Wcheri-provenance]
../st.c:826:22: warning: binary expression on capability types 'st_index_t' (aka 'unsigned __intcap') and 'st_index_t'; it is not clear which should be used as the source of provenance; currently provenance is inherited from the left-hand side [-Wcheri-provenance]
../st.c:826:28: warning: binary expression on capability types 'unsigned __intcap' and 'st_index_t' (aka 'unsigned __intcap'); it is not clear which should be used as the source of provenance; currently provenance is inherited from the left-hand side [-Wcheri-provenance]
../st.c:1774:10: warning: binary expression on capability types 'st_index_t' (aka 'unsigned __intcap') and 'st_index_t'; it is not clear which should be used as the source of provenance; currently provenance is inherited from the left-hand side [-Wcheri-provenance]
../st.c:1776:9: warning: binary expression on capability types 'st_index_t' (aka 'unsigned __intcap') and 'st_index_t'; it is not clear which should be used as the source of provenance; currently provenance is inherited from the left-hand side [-Wcheri-provenance]
../st.c:1831:9: warning: 'UNALIGNED_ADD_ALL' macro redefined [-Wmacro-redefined]
../st.c:1872:31: warning: binary expression on capability types 'st_index_t' (aka 'unsigned __intcap') and 'st_index_t'; it is not clear which should be used as the source of provenance; currently provenance is inherited from the left-hand side [-Wcheri-provenance]
../st.c:1896:27: warning: binary expression on capability types 'st_index_t' (aka 'unsigned __intcap') and 'st_index_t'; it is not clear which should be used as the source of provenance; currently provenance is inherited from the left-hand side [-Wcheri-provenance]
../st.c:1951:22: warning: binary expression on capability types 'st_index_t' (aka 'unsigned __intcap') and 'st_index_t'; it is not clear which should be used as the source of provenance; currently provenance is inherited from the left-hand side [-Wcheri-provenance]
../st.c:2098:31: warning: binary expression on capability types 'st_data_t' (aka 'unsigned __intcap') and 'st_data_t'; it is not clear which should be used as the source of provenance; currently provenance is inherited from the left-hand side [-Wcheri-provenance]
../st.c:2098:41: warning: binary expression on capability types 'unsigned __intcap' and 'st_data_t' (aka 'unsigned __intcap'); it is not clear which should be used as the source of provenance; currently provenance is inherited from the left-hand side [-Wcheri-provenance]
../st.c:2300:28: warning: binary expression on capability types 'st_index_t' (aka 'unsigned __intcap') and 'st_index_t'; it is not clear which should be used as the source of provenance; currently provenance is inherited from the left-hand side [-Wcheri-provenance]
../string.c:2158:16: warning: binary expression on capability types 'uintptr_t' (aka 'unsigned __intcap') and 'uintptr_t'; it is not clear which should be used as the source of provenance; currently provenance is inherited from the left-hand side [-Wcheri-provenance]
../string.c:2192:61: warning: binary expression on capability types 'uintptr_t' (aka 'unsigned __intcap') and 'uintptr_t'; it is not clear which should be used as the source of provenance; currently provenance is inherited from the left-hand side [-Wcheri-provenance]
../string.c:2192:45: warning: binary expression on capability types 'uintptr_t' (aka 'unsigned __intcap') and 'unsigned __intcap'; it is not clear which should be used as the source of provenance; currently provenance is inherited from the left-hand side [-Wcheri-provenance]
../string.c:2193:45: warning: binary expression on capability types 'uintptr_t' (aka 'unsigned __intcap') and 'uintptr_t'; it is not clear which should be used as the source of provenance; currently provenance is inherited from the left-hand side [-Wcheri-provenance]
../string.c:2968:57: warning: binary expression on capability types 'uintptr_t' (aka 'unsigned __intcap') and 'uintptr_t'; it is not clear which should be used as the source of provenance; currently provenance is inherited from the left-hand side [-Wcheri-provenance]
../string.c:2968:41: warning: binary expression on capability types 'uintptr_t' (aka 'unsigned __intcap') and 'unsigned __intcap'; it is not clear which should be used as the source of provenance; currently provenance is inherited from the left-hand side [-Wcheri-provenance]
../string.c:2969:41: warning: binary expression on capability types 'uintptr_t' (aka 'unsigned __intcap') and 'uintptr_t'; it is not clear which should be used as the source of provenance; currently provenance is inherited from the left-hand side [-Wcheri-provenance]
../symbol.c:150:46: warning: format specifies type 'unsigned long' but the argument has type 'VALUE' (aka 'unsigned __intcap') [-Wformat]
../symbol.c:169:66: warning: format specifies type 'unsigned long' but the argument has type 'VALUE' (aka 'unsigned __intcap') [-Wformat]
../symbol.c:530:31: warning: format specifies type 'unsigned long' but the argument has type 'VALUE' (aka 'unsigned __intcap') [-Wformat]
../symbol.c:709:48: warning: format specifies type 'unsigned long' but the argument has type 'VALUE' (aka 'unsigned __intcap') [-Wformat]
../thread_pthread.c:2821:16: warning: cast from provenance-free integer type to pointer type will give pointer that can not be dereferenced [-Wcheri-capability-misuse]
../thread.c:766:28: warning: format specifies type 'unsigned long' but the argument has type 'VALUE' (aka 'unsigned __intcap') [-Wformat]
../vm_insnhelper.c:6826:21: warning: binary expression on capability types 'VALUE' (aka 'unsigned __intcap') and 'VALUE'; it is not clear which should be used as the source of provenance; currently provenance is inherited from the left-hand side [-Wcheri-provenance]
../vm_exec.c:105:5: warning: format specifies type 'long' but the argument has type 'VALUE' (aka 'unsigned __intcap') [-Wformat]
../vm_eval.c:405:25: warning: binary expression on capability types 'VALUE' (aka 'unsigned __intcap') and 'VALUE'; it is not clear which should be used as the source of provenance; currently provenance is inherited from the left-hand side [-Wcheri-provenance]
../vm_eval.c:789:45: warning: format specifies type 'unsigned long' but the argument has type 'VALUE' (aka 'unsigned __intcap') [-Wformat]
../vm_eval.c:795:48: warning: format specifies type 'unsigned long' but the argument has type 'VALUE' (aka 'unsigned __intcap') [-Wformat]
../vm_eval.c:801:48: warning: format specifies type 'unsigned long' but the argument has type 'VALUE' (aka 'unsigned __intcap') [-Wformat]
../vm_dump.c:262:53: warning: format specifies type 'unsigned long' but the argument has type 'VALUE' (aka 'unsigned __intcap') [-Wformat]
../addr2line.c:1946:62: warning: binary expression on capability types 'unsigned __intcap' and 'uintptr_t' (aka 'unsigned __intcap'); it is not clear which should be used as the source of provenance; currently provenance is inherited from the left-hand side [-Wcheri-provenance]
../addr2line.c:1963:40: warning: binary expression on capability types 'uintptr_t' (aka 'unsigned __intcap') and 'uintptr_t'; it is not clear which should be used as the source of provenance; currently provenance is inherited from the left-hand side [-Wcheri-provenance]
../../../../ext/-test-/fatal/invalid.c:14:14: warning: cast from provenance-free integer type to pointer type will give pointer that can not be dereferenced [-Wcheri-capability-misuse]
../../../../ext/-test-/fatal/invalid.c:20:13: warning: cast from provenance-free integer type to pointer type will give pointer that can not be dereferenced [-Wcheri-capability-misuse]
../../../../../ext/-test-/st/foreach/foreach.c:27:72: warning: format specifies type 'unsigned long' but the argument has type 'VALUE' (aka 'unsigned __intcap') [-Wformat]
../../../../../ext/-test-/st/foreach/foreach.c:27:84: warning: format specifies type 'unsigned long' but the argument has type 'VALUE' (aka 'unsigned __intcap') [-Wformat]
../../../../../ext/-test-/st/foreach/foreach.c:30:72: warning: format specifies type 'unsigned long' but the argument has type 'VALUE' (aka 'unsigned __intcap') [-Wformat]
../../../../../ext/-test-/st/foreach/foreach.c:30:84: warning: format specifies type 'unsigned long' but the argument has type 'VALUE' (aka 'unsigned __intcap') [-Wformat]
../../../../../ext/-test-/st/foreach/foreach.c:66:79: warning: format specifies type 'unsigned long' but the argument has type 'VALUE' (aka 'unsigned __intcap') [-Wformat]
../../../../../ext/-test-/st/foreach/foreach.c:93:71: warning: format specifies type 'unsigned long' but the argument has type 'VALUE' (aka 'unsigned __intcap') [-Wformat]
../../../../../ext/-test-/st/foreach/foreach.c:98:17: warning: format specifies type 'unsigned long' but the argument has type 'VALUE' (aka 'unsigned __intcap') [-Wformat]
../../../../../ext/-test-/st/foreach/foreach.c:98:30: warning: format specifies type 'unsigned long' but the argument has type 'VALUE' (aka 'unsigned __intcap') [-Wformat]
../../../../../ext/-test-/st/foreach/foreach.c:126:79: warning: format specifies type 'unsigned long' but the argument has type 'VALUE' (aka 'unsigned __intcap') [-Wformat]
../../../../../ext/-test-/st/foreach/foreach.c:154:71: warning: format specifies type 'unsigned long' but the argument has type 'VALUE' (aka 'unsigned __intcap') [-Wformat]
../../../../../ext/-test-/st/foreach/foreach.c:159:17: warning: format specifies type 'unsigned long' but the argument has type 'VALUE' (aka 'unsigned __intcap') [-Wformat]
../../../../../ext/-test-/st/foreach/foreach.c:159:30: warning: format specifies type 'unsigned long' but the argument has type 'VALUE' (aka 'unsigned __intcap') [-Wformat]
../../../../../ext/-test-/thread/instrumentation/instrumentation.c:144:9: warning: cast from provenance-free integer type to pointer type will give pointer that can not be dereferenced [-Wcheri-capability-misuse]
ripper.y:1973:29: warning: binary expression on capability types 'st_index_t' (aka 'unsigned __intcap') and 'st_index_t'; it is not clear which should be used as the source of provenance; currently provenance is inherited from the left-hand side [-Wcheri-provenance]
../../../ext/socket/ancdata.c:1359:12: warning: cast from provenance-free integer type to pointer type will give pointer that can not be dereferenced [-Wcheri-capability-misuse]
